../Application/Library/FLASH/Src/W25Q64.c:12:6:W25Q_Delay	16	static
../Application/Library/FLASH/Src/W25Q64.c:17:6:csLOW	8	static
../Application/Library/FLASH/Src/W25Q64.c:22:6:csHIGH	8	static
../Application/Library/FLASH/Src/W25Q64.c:27:6:SPI_Write	16	static
../Application/Library/FLASH/Src/W25Q64.c:32:6:SPI_Read	16	static
../Application/Library/FLASH/Src/W25Q64.c:38:6:W25Q_Reset	16	static
../Application/Library/FLASH/Src/W25Q64.c:49:10:W25Q_ReadID	16	static
../Application/Library/FLASH/Src/W25Q64.c:60:6:W25Q_Read	40	static
../Application/Library/FLASH/Src/W25Q64.c:95:6:W25Q_FastRead	40	static
../Application/Library/FLASH/Src/W25Q64.c:132:6:write_enable	16	static
../Application/Library/FLASH/Src/W25Q64.c:141:6:write_disable	16	static
../Application/Library/FLASH/Src/W25Q64.c:150:10:bytestowriteFLASH	16	static
../Application/Library/FLASH/Src/W25Q64.c:156:10:bytestomodify	16	static
../Application/Library/FLASH/Src/W25Q64.c:162:6:W25Q_Erase_Sector	32	static
../Application/Library/FLASH/Src/W25Q64.c:200:6:W25Q_Write_Clean	344	static
../Application/Library/FLASH/Src/W25Q64.c:282:6:W25Q_Write	4160	static
../Application/Library/FLASH/Src/W25Q64.c:312:9:W25Q_Read_Byte	32	static
../Application/Library/FLASH/Src/W25Q64.c:349:6:W25Q_Write_Byte	24	static
