../Application/Library/FLASH/Src/W25Q64.c:16:6:W25Q_Delay	16	static
../Application/Library/FLASH/Src/W25Q64.c:21:6:csLOW	8	static
../Application/Library/FLASH/Src/W25Q64.c:26:6:csHIGH	8	static
../Application/Library/FLASH/Src/W25Q64.c:31:6:SPI_Write	16	static
../Application/Library/FLASH/Src/W25Q64.c:36:6:SPI_Read	16	static
../Application/Library/FLASH/Src/W25Q64.c:42:6:W25Q_Reset	16	static
../Application/Library/FLASH/Src/W25Q64.c:53:10:W25Q_ReadID	16	static
../Application/Library/FLASH/Src/W25Q64.c:64:6:W25Q_Read	40	static
../Application/Library/FLASH/Src/W25Q64.c:99:6:W25Q_FastRead	40	static
../Application/Library/FLASH/Src/W25Q64.c:136:6:write_enable	16	static
../Application/Library/FLASH/Src/W25Q64.c:145:6:write_disable	16	static
../Application/Library/FLASH/Src/W25Q64.c:154:10:bytestowriteFLASH	16	static
../Application/Library/FLASH/Src/W25Q64.c:160:10:bytestomodify	16	static
../Application/Library/FLASH/Src/W25Q64.c:166:6:W25Q_Erase_Sector	32	static
../Application/Library/FLASH/Src/W25Q64.c:204:6:W25Q_Write_Clean	344	static
../Application/Library/FLASH/Src/W25Q64.c:286:6:W25Q_Write	4160	static
../Application/Library/FLASH/Src/W25Q64.c:316:9:W25Q_Read_Byte	32	static
../Application/Library/FLASH/Src/W25Q64.c:353:6:W25Q_Write_Byte	24	static
