Archive member included to satisfy reference by file (symbol)

C:/ST/STM32CubeIDE_1.11.2/STM32CubeIDE/plugins/com.st.stm32cube.ide.mcu.externaltools.gnu-tools-for-stm32.12.3.rel1.win32_1.1.0.202410251130/tools/bin/../lib/gcc/arm-none-eabi/12.3.1/../../../../arm-none-eabi/lib/thumb/v8-m.main+fp/hard\libc_nano.a(libc_a-exit.o)
                              C:/ST/STM32CubeIDE_1.11.2/STM32CubeIDE/plugins/com.st.stm32cube.ide.mcu.externaltools.gnu-tools-for-stm32.12.3.rel1.win32_1.1.0.202410251130/tools/bin/../lib/gcc/arm-none-eabi/12.3.1/../../../../arm-none-eabi/lib/thumb/v8-m.main+fp/hard/crt0.o (exit)
C:/ST/STM32CubeIDE_1.11.2/STM32CubeIDE/plugins/com.st.stm32cube.ide.mcu.externaltools.gnu-tools-for-stm32.12.3.rel1.win32_1.1.0.202410251130/tools/bin/../lib/gcc/arm-none-eabi/12.3.1/../../../../arm-none-eabi/lib/thumb/v8-m.main+fp/hard\libc_nano.a(libc_a-findfp.o)
                              C:/ST/STM32CubeIDE_1.11.2/STM32CubeIDE/plugins/com.st.stm32cube.ide.mcu.externaltools.gnu-tools-for-stm32.12.3.rel1.win32_1.1.0.202410251130/tools/bin/../lib/gcc/arm-none-eabi/12.3.1/../../../../arm-none-eabi/lib/thumb/v8-m.main+fp/hard\libc_nano.a(libc_a-exit.o) (__stdio_exit_handler)
C:/ST/STM32CubeIDE_1.11.2/STM32CubeIDE/plugins/com.st.stm32cube.ide.mcu.externaltools.gnu-tools-for-stm32.12.3.rel1.win32_1.1.0.202410251130/tools/bin/../lib/gcc/arm-none-eabi/12.3.1/../../../../arm-none-eabi/lib/thumb/v8-m.main+fp/hard\libc_nano.a(libc_a-fwalk.o)
                              C:/ST/STM32CubeIDE_1.11.2/STM32CubeIDE/plugins/com.st.stm32cube.ide.mcu.externaltools.gnu-tools-for-stm32.12.3.rel1.win32_1.1.0.202410251130/tools/bin/../lib/gcc/arm-none-eabi/12.3.1/../../../../arm-none-eabi/lib/thumb/v8-m.main+fp/hard\libc_nano.a(libc_a-findfp.o) (_fwalk_sglue)
C:/ST/STM32CubeIDE_1.11.2/STM32CubeIDE/plugins/com.st.stm32cube.ide.mcu.externaltools.gnu-tools-for-stm32.12.3.rel1.win32_1.1.0.202410251130/tools/bin/../lib/gcc/arm-none-eabi/12.3.1/../../../../arm-none-eabi/lib/thumb/v8-m.main+fp/hard\libc_nano.a(libc_a-snprintf.o)
                              ./Core/Src/main.o (snprintf)
C:/ST/STM32CubeIDE_1.11.2/STM32CubeIDE/plugins/com.st.stm32cube.ide.mcu.externaltools.gnu-tools-for-stm32.12.3.rel1.win32_1.1.0.202410251130/tools/bin/../lib/gcc/arm-none-eabi/12.3.1/../../../../arm-none-eabi/lib/thumb/v8-m.main+fp/hard\libc_nano.a(libc_a-stdio.o)
                              C:/ST/STM32CubeIDE_1.11.2/STM32CubeIDE/plugins/com.st.stm32cube.ide.mcu.externaltools.gnu-tools-for-stm32.12.3.rel1.win32_1.1.0.202410251130/tools/bin/../lib/gcc/arm-none-eabi/12.3.1/../../../../arm-none-eabi/lib/thumb/v8-m.main+fp/hard\libc_nano.a(libc_a-findfp.o) (__sread)
C:/ST/STM32CubeIDE_1.11.2/STM32CubeIDE/plugins/com.st.stm32cube.ide.mcu.externaltools.gnu-tools-for-stm32.12.3.rel1.win32_1.1.0.202410251130/tools/bin/../lib/gcc/arm-none-eabi/12.3.1/../../../../arm-none-eabi/lib/thumb/v8-m.main+fp/hard\libc_nano.a(libc_a-memset.o)
                              C:/ST/STM32CubeIDE_1.11.2/STM32CubeIDE/plugins/com.st.stm32cube.ide.mcu.externaltools.gnu-tools-for-stm32.12.3.rel1.win32_1.1.0.202410251130/tools/bin/../lib/gcc/arm-none-eabi/12.3.1/../../../../arm-none-eabi/lib/thumb/v8-m.main+fp/hard/crt0.o (memset)
C:/ST/STM32CubeIDE_1.11.2/STM32CubeIDE/plugins/com.st.stm32cube.ide.mcu.externaltools.gnu-tools-for-stm32.12.3.rel1.win32_1.1.0.202410251130/tools/bin/../lib/gcc/arm-none-eabi/12.3.1/../../../../arm-none-eabi/lib/thumb/v8-m.main+fp/hard\libc_nano.a(libc_a-closer.o)
                              C:/ST/STM32CubeIDE_1.11.2/STM32CubeIDE/plugins/com.st.stm32cube.ide.mcu.externaltools.gnu-tools-for-stm32.12.3.rel1.win32_1.1.0.202410251130/tools/bin/../lib/gcc/arm-none-eabi/12.3.1/../../../../arm-none-eabi/lib/thumb/v8-m.main+fp/hard\libc_nano.a(libc_a-stdio.o) (_close_r)
C:/ST/STM32CubeIDE_1.11.2/STM32CubeIDE/plugins/com.st.stm32cube.ide.mcu.externaltools.gnu-tools-for-stm32.12.3.rel1.win32_1.1.0.202410251130/tools/bin/../lib/gcc/arm-none-eabi/12.3.1/../../../../arm-none-eabi/lib/thumb/v8-m.main+fp/hard\libc_nano.a(libc_a-reent.o)
                              C:/ST/STM32CubeIDE_1.11.2/STM32CubeIDE/plugins/com.st.stm32cube.ide.mcu.externaltools.gnu-tools-for-stm32.12.3.rel1.win32_1.1.0.202410251130/tools/bin/../lib/gcc/arm-none-eabi/12.3.1/../../../../arm-none-eabi/lib/thumb/v8-m.main+fp/hard\libc_nano.a(libc_a-closer.o) (errno)
C:/ST/STM32CubeIDE_1.11.2/STM32CubeIDE/plugins/com.st.stm32cube.ide.mcu.externaltools.gnu-tools-for-stm32.12.3.rel1.win32_1.1.0.202410251130/tools/bin/../lib/gcc/arm-none-eabi/12.3.1/../../../../arm-none-eabi/lib/thumb/v8-m.main+fp/hard\libc_nano.a(libc_a-impure.o)
                              C:/ST/STM32CubeIDE_1.11.2/STM32CubeIDE/plugins/com.st.stm32cube.ide.mcu.externaltools.gnu-tools-for-stm32.12.3.rel1.win32_1.1.0.202410251130/tools/bin/../lib/gcc/arm-none-eabi/12.3.1/../../../../arm-none-eabi/lib/thumb/v8-m.main+fp/hard\libc_nano.a(libc_a-snprintf.o) (_impure_ptr)
[...]
Memory Configuration

Name             Origin             Length             Attributes
RAM              0x20000000         0x000a0000         xrw
FLASH            0x08000000         0x00200000         xr
*default*        0x00000000         0xffffffff

Linker script and memory map

LOAD C:/ST/STM32CubeIDE_1.11.2/STM32CubeIDE/plugins/com.st.stm32cube.ide.mcu.externaltools.gnu-tools-for-stm32.12.3.rel1.win32_1.1.0.202410251130/tools/bin/../lib/gcc/arm-none-eabi/12.3.1/thumb/v8-m.main+fp/hard/crti.o
LOAD C:/ST/STM32CubeIDE_1.11.2/STM32CubeIDE/plugins/com.st.stm32cube.ide.mcu.externaltools.gnu-tools-for-stm32.12.3.rel1.win32_1.1.0.202410251130/tools/bin/../lib/gcc/arm-none-eabi/12.3.1/thumb/v8-m.main+fp/hard/crtbegin.o
LOAD C:/ST/STM32CubeIDE_1.11.2/STM32CubeIDE/plugins/com.st.stm32cube.ide.mcu.externaltools.gnu-tools-for-stm32.12.3.rel1.win32_1.1.0.202410251130/tools/bin/../lib/gcc/arm-none-eabi/12.3.1/../../../../arm-none-eabi/lib/thumb/v8-m.main+fp/hard/crt0.o
LOAD ./Core/Src/main.o
LOAD ./Core/Src/stm32h5xx_hal_msp.o
LOAD ./Core/Src/stm32h5xx_it.o
LOAD ./Core/Src/syscalls.o
LOAD ./Core/Src/sysmem.o
LOAD ./Core/Src/system_stm32h5xx.o
LOAD ./Core/Startup/startup_stm32h563zitx.o
LOAD ./Drivers/BSP/STM32H5xx_Nucleo/stm32h5xx_nucleo.o
LOAD ./Drivers/STM32H5xx_HAL_Driver/Src/stm32h5xx_hal.o
LOAD ./Drivers/STM32H5xx_HAL_Driver/Src/stm32h5xx_hal_cortex.o
LOAD ./Drivers/STM32H5xx_HAL_Driver/Src/stm32h5xx_hal_dma.o
LOAD ./Drivers/STM32H5xx_HAL_Driver/Src/stm32h5xx_hal_dma_ex.o
LOAD ./Drivers/STM32H5xx_HAL_Driver/Src/stm32h5xx_hal_exti.o
LOAD ./Drivers/STM32H5xx_HAL_Driver/Src/stm32h5xx_hal_flash.o
LOAD ./Drivers/STM32H5xx_HAL_Driver/Src/stm32h5xx_hal_flash_ex.o
LOAD ./Drivers/STM32H5xx_HAL_Driver/Src/stm32h5xx_hal_gpio.o
LOAD ./Drivers/STM32H5xx_HAL_Driver/Src/stm32h5xx_hal_pcd.o
LOAD ./Drivers/STM32H5xx_HAL_Driver/Src/stm32h5xx_hal_pcd_ex.o
LOAD ./Drivers/STM32H5xx_HAL_Driver/Src/stm32h5xx_hal_pwr.o
LOAD ./Drivers/STM32H5xx_HAL_Driver/Src/stm32h5xx_hal_pwr_ex.o
LOAD ./Drivers/STM32H5xx_HAL_Driver/Src/stm32h5xx_hal_rcc.o
LOAD ./Drivers/STM32H5xx_HAL_Driver/Src/stm32h5xx_hal_rcc_ex.o
LOAD ./Drivers/STM32H5xx_HAL_Driver/Src/stm32h5xx_hal_uart.o
LOAD ./Drivers/STM32H5xx_HAL_Driver/Src/stm32h5xx_hal_uart_ex.o
LOAD ./Drivers/STM32H5xx_HAL_Driver/Src/stm32h5xx_hal_usart.o
LOAD ./Drivers/STM32H5xx_HAL_Driver/Src/stm32h5xx_hal_usart_ex.o
LOAD ./Drivers/STM32H5xx_HAL_Driver/Src/stm32h5xx_ll_usb.o
LOAD ./USB/Class/CDC/Src/usbd_cdc.o
LOAD ./USB/Class/CDC/Src/usbd_cdc_if.o
LOAD ./USB/Core/Src/usbd_conf.o
LOAD ./USB/Core/Src/usbd_core.o
LOAD ./USB/Core/Src/usbd_ctlreq.o
LOAD ./USB/Core/Src/usbd_desc.o
LOAD ./USB/Core/Src/usbd_ioreq.o
START GROUP
LOAD C:/ST/STM32CubeIDE_1.11.2/STM32CubeIDE/plugins/com.st.stm32cube.ide.mcu.externaltools.gnu-tools-for-stm32.12.3.rel1.win32_1.1.0.202410251130/tools/bin/../lib/gcc/arm-none-eabi/12.3.1/../../../../arm-none-eabi/lib/thumb/v8-m.main+fp/hard\libc_nano.a
LOAD C:/ST/STM32CubeIDE_1.11.2/STM32CubeIDE/plugins/com.st.stm32cube.ide.mcu.externaltools.gnu-tools-for-stm32.12.3.rel1.win32_1.1.0.202410251130/tools/bin/../lib/gcc/arm-none-eabi/12.3.1/../../../../arm-none-eabi/lib/thumb/v8-m.main+fp/hard\libm.a
END GROUP
START GROUP
LOAD C:/ST/STM32CubeIDE_1.11.2/STM32CubeIDE/plugins/com.st.stm32cube.ide.mcu.externaltools.gnu-tools-for-stm32.12.3.rel1.win32_1.1.0.202410251130/tools/bin/../lib/gcc/arm-none-eabi/12.3.1/thumb/v8-m.main+fp/hard\libgcc.a
LOAD C:/ST/STM32CubeIDE_1.11.2/STM32CubeIDE/plugins/com.st.stm32cube.ide.mcu.externaltools.gnu-tools-for-stm32.12.3.rel1.win32_1.1.0.202410251130/tools/bin/../lib/gcc/arm-none-eabi/12.3.1/../../../../arm-none-eabi/lib/thumb/v8-m.main+fp/hard\libc_nano.a
END GROUP
START GROUP
LOAD C:/ST/STM32CubeIDE_1.11.2/STM32CubeIDE/plugins/com.st.stm32cube.ide.mcu.externaltools.gnu-tools-for-stm32.12.3.rel1.win32_1.1.0.202410251130/tools/bin/../lib/gcc/arm-none-eabi/12.3.1/thumb/v8-m.main+fp/hard\libgcc.a
LOAD C:/ST/STM32CubeIDE_1.11.2/STM32CubeIDE/plugins/com.st.stm32cube.ide.mcu.externaltools.gnu-tools-for-stm32.12.3.rel1.win32_1.1.0.202410251130/tools/bin/../lib/gcc/arm-none-eabi/12.3.1/../../../../arm-none-eabi/lib/thumb/v8-m.main+fp/hard\libc_nano.a
LOAD C:/ST/STM32CubeIDE_1.11.2/STM32CubeIDE/plugins/com.st.stm32cube.ide.mcu.externaltools.gnu-tools-for-stm32.12.3.rel1.win32_1.1.0.202410251130/tools/bin/../lib/gcc/arm-none-eabi/12.3.1/../../../../arm-none-eabi/lib/thumb/v8-m.main+fp/hard\libnosys.a
END GROUP
START GROUP
LOAD C:/ST/STM32CubeIDE_1.11.2/STM32CubeIDE/plugins/com.st.stm32cube.ide.mcu.externaltools.gnu-tools-for-stm32.12.3.rel1.win32_1.1.0.202410251130/tools/bin/../lib/gcc/arm-none-eabi/12.3.1/thumb/v8-m.main+fp/hard\libgcc.a
LOAD C:/ST/STM32CubeIDE_1.11.2/STM32CubeIDE/plugins/com.st.stm32cube.ide.mcu.externaltools.gnu-tools-for-stm32.12.3.rel1.win32_1.1.0.202410251130/tools/bin/../lib/gcc/arm-none-eabi/12.3.1/../../../../arm-none-eabi/lib/thumb/v8-m.main+fp/hard\libc_nano.a
LOAD C:/ST/STM32CubeIDE_1.11.2/STM32CubeIDE/plugins/com.st.stm32cube.ide.mcu.externaltools.gnu-tools-for-stm32.12.3.rel1.win32_1.1.0.202410251130/tools/bin/../lib/gcc/arm-none-eabi/12.3.1/../../../../arm-none-eabi/lib/thumb/v8-m.main+fp/hard\libnosys.a
END GROUP
LOAD C:/ST/STM32CubeIDE_1.11.2/STM32CubeIDE/plugins/com.st.stm32cube.ide.mcu.externaltools.gnu-tools-for-stm32.12.3.rel1.win32_1.1.0.202410251130/tools/bin/../lib/gcc/arm-none-eabi/12.3.1/thumb/v8-m.main+fp/hard/crtend.o
LOAD C:/ST/STM32CubeIDE_1.11.2/STM32CubeIDE/plugins/com.st.stm32cube.ide.mcu.externaltools.gnu-tools-for-stm32.12.3.rel1.win32_1.1.0.202410251130/tools/bin/../lib/gcc/arm-none-eabi/12.3.1/thumb/v8-m.main+fp/hard/crtn.o
                0x200a0000                        _estack = (ORIGIN (RAM) + LENGTH (RAM))
                0x00000300                        _Min_Heap_Size = 0x300
                0x00000500                        _Min_Stack_Size = 0x500

.isr_vector     0x08000000      0x24c
                0x08000000                        . = ALIGN (0x4)
 *(.isr_vector)
 .isr_vector    0x08000000      0x24c ./Core/Startup/startup_stm32h563zitx.o
                0x08000000                g_pfnVectors
                0x0800024c                        . = ALIGN (0x4)

.text           0x0800024c     0xe964
                0x0800024c                        . = ALIGN (0x4)
 *(.text)
 .text          0x0800024c       0x40 C:/ST/STM32CubeIDE_1.11.2/STM32CubeIDE/plugins/com.st.stm32cube.ide.mcu.externaltools.gnu-tools-for-stm32.12.3.rel1.win32_1.1.0.202410251130/tools/bin/../lib/gcc/arm-none-eabi/12.3.1/thumb/v8-m.main+fp/hard/crtbegin.o
 .text          0x0800028c       0x10 C:/ST/STM32CubeIDE_1.11.2/STM32CubeIDE/plugins/com.st.stm32cube.ide.mcu.externaltools.gnu-tools-for-stm32.12.3.rel1.win32_1.1.0.202410251130/tools/bin/../lib/gcc/arm-none-eabi/12.3.1/../../../../arm-none-eabi/lib/thumb/v8-m.main+fp/hard\libc_nano.a(libc_a-strlen.o)
                0x0800028c                strlen
 .text          0x0800029c       0x30 C:/ST/STM32CubeIDE_1.11.2/STM32CubeIDE/plugins/com.st.stm32cube.ide.mcu.externaltools.gnu-tools-for-stm32.12.3.rel1.win32_1.1.0.202410251130/tools/bin/../lib/gcc/arm-none-eabi/12.3.1/thumb/v8-m.main+fp/hard\libgcc.a(_aeabi_uldivmod.o)
                0x0800029c                __aeabi_uldivmod
 .text          0x080002cc      0x2e4 C:/ST/STM32CubeIDE_1.11.2/STM32CubeIDE/plugins/com.st.stm32cube.ide.mcu.externaltools.gnu-tools-for-stm32.12.3.rel1.win32_1.1.0.202410251130/tools/bin/../lib/gcc/arm-none-eabi/12.3.1/thumb/v8-m.main+fp/hard\libgcc.a(_udivmoddi4.o)
                0x080002cc                __udivmoddi4
 .text          0x080005b0        0x4 C:/ST/STM32CubeIDE_1.11.2/STM32CubeIDE/plugins/com.st.stm32cube.ide.mcu.externaltools.gnu-tools-for-stm32.12.3.rel1.win32_1.1.0.202410251130/tools/bin/../lib/gcc/arm-none-eabi/12.3.1/thumb/v8-m.main+fp/hard\libgcc.a(_dvmd_tls.o)
                0x080005b0                __aeabi_idiv0
                0x080005b0                __aeabi_ldiv0
 *(.text*)
 .text.main     0x080005b4       0xc8 ./Core/Src/main.o
                0x080005b4                main
 .text.SystemClock_Config
                0x0800067c       0xe8 ./Core/Src/main.o
                0x0800067c                SystemClock_Config
 .text.MX_USB_PCD_Init
                0x08000764       0xc4 ./Core/Src/main.o
 .text.MX_GPIO_Init
                0x08000828      0x1d8 ./Core/Src/main.o
 .text.Error_Handler
                0x08000a00        0xc ./Core/Src/main.o
                0x08000a00                Error_Handler
 .text.HAL_MspInit
                0x08000a0c        0xe ./Core/Src/stm32h5xx_hal_msp.o
                0x08000a0c                HAL_MspInit
 *fill*         0x08000a1a        0x2 
 .text.HAL_PCD_MspInit
                0x08000a1c       0xc4 ./Core/Src/stm32h5xx_hal_msp.o
                0x08000a1c                HAL_PCD_MspInit
 .text.NMI_Handler
                0x08000ae0        0x8 ./Core/Src/stm32h5xx_it.o
                0x08000ae0                NMI_Handler
 .text.HardFault_Handler
                0x08000ae8        0x8 ./Core/Src/stm32h5xx_it.o
                0x08000ae8                HardFault_Handler
 .text.MemManage_Handler
                0x08000af0        0x8 ./Core/Src/stm32h5xx_it.o
                0x08000af0                MemManage_Handler
 .text.BusFault_Handler
                0x08000af8        0x8 ./Core/Src/stm32h5xx_it.o
                0x08000af8                BusFault_Handler
 .text.UsageFault_Handler
                0x08000b00        0x8 ./Core/Src/stm32h5xx_it.o
                0x08000b00                UsageFault_Handler
 .text.SVC_Handler
                0x08000b08        0xe ./Core/Src/stm32h5xx_it.o
                0x08000b08                SVC_Handler
 .text.DebugMon_Handler
                0x08000b16        0xe ./Core/Src/stm32h5xx_it.o
                0x08000b16                DebugMon_Handler
 .text.PendSV_Handler
                0x08000b24        0xe ./Core/Src/stm32h5xx_it.o
                0x08000b24                PendSV_Handler
 .text.SysTick_Handler
                0x08000b32        0xc ./Core/Src/stm32h5xx_it.o
                0x08000b32                SysTick_Handler
 .text.EXTI13_IRQHandler
                0x08000b3e        0xe ./Core/Src/stm32h5xx_it.o
                0x08000b3e                EXTI13_IRQHandler
 .text.USB_DRD_FS_IRQHandler
                0x08000b4c       0x14 ./Core/Src/stm32h5xx_it.o
                0x08000b4c                USB_DRD_FS_IRQHandler
 .text._sbrk    0x08000b60       0x6c ./Core/Src/sysmem.o
                0x08000b60                _sbrk
 .text.SystemInit
                0x08000bcc       0xf8 ./Core/Src/system_stm32h5xx.o
                0x08000bcc                SystemInit
 .text.Reset_Handler
                0x08000cc4       0x50 ./Core/Startup/startup_stm32h563zitx.o
                0x08000cc4                Reset_Handler
 .text.Default_Handler
                0x08000d14        0x2 ./Core/Startup/startup_stm32h563zitx.o
                0x08000d14                EXTI2_IRQHandler
                0x08000d14                TIM8_TRG_COM_IRQHandler
                0x08000d14                TIM8_CC_IRQHandler
                0x08000d14                EXTI5_IRQHandler
                0x08000d14                I3C1_ER_IRQHandler
                0x08000d14                UART8_IRQHandler
                0x08000d14                SPI4_IRQHandler
                0x08000d14                GPDMA2_Channel1_IRQHandler
                0x08000d14                FLASH_S_IRQHandler
                0x08000d14                TIM1_CC_IRQHandler
                0x08000d14                GPDMA2_Channel3_IRQHandler
                0x08000d14                TAMP_IRQHandler
                0x08000d14                TIM6_IRQHandler
                0x08000d14                EXTI12_IRQHandler
                0x08000d14                CORDIC_IRQHandler
                0x08000d14                EXTI3_IRQHandler
                0x08000d14                LPTIM4_IRQHandler
                0x08000d14                GPDMA1_Channel5_IRQHandler
                0x08000d14                EXTI8_IRQHandler
                0x08000d14                GPDMA2_Channel5_IRQHandler
                0x08000d14                LPTIM2_IRQHandler
                0x08000d14                I2C3_ER_IRQHandler
                0x08000d14                GPDMA2_Channel2_IRQHandler
                0x08000d14                USART10_IRQHandler
                0x08000d14                LPTIM3_IRQHandler
                0x08000d14                EXTI0_IRQHandler
                0x08000d14                I2C2_EV_IRQHandler
                0x08000d14                FPU_IRQHandler
                0x08000d14                GPDMA1_Channel3_IRQHandler
                0x08000d14                GPDMA1_Channel7_IRQHandler
                0x08000d14                FDCAN1_IT1_IRQHandler
                0x08000d14                RAMCFG_IRQHandler
                0x08000d14                DCACHE1_IRQHandler
                0x08000d14                SPI1_IRQHandler
                0x08000d14                OCTOSPI1_IRQHandler
                0x08000d14                GPDMA1_Channel2_IRQHandler
                0x08000d14                TIM8_UP_IRQHandler
                0x08000d14                RCC_S_IRQHandler
                0x08000d14                SAI2_IRQHandler
                0x08000d14                ADC1_IRQHandler
                0x08000d14                USART6_IRQHandler
                0x08000d14                EXTI15_IRQHandler
                0x08000d14                TIM17_IRQHandler
                0x08000d14                USART3_IRQHandler
                0x08000d14                RTC_IRQHandler
                0x08000d14                EXTI9_IRQHandler
                0x08000d14                LPTIM5_IRQHandler
                0x08000d14                UART5_IRQHandler
                0x08000d14                TIM4_IRQHandler
                0x08000d14                I2C1_EV_IRQHandler
                0x08000d14                GPDMA1_Channel1_IRQHandler
                0x08000d14                TIM16_IRQHandler
                0x08000d14                UART4_IRQHandler
                0x08000d14                SecureFault_Handler
                0x08000d14                TIM3_IRQHandler
                0x08000d14                RCC_IRQHandler
                0x08000d14                UART9_IRQHandler
                0x08000d14                TIM1_TRG_COM_IRQHandler
                0x08000d14                Default_Handler
                0x08000d14                FMAC_IRQHandler
                0x08000d14                CEC_IRQHandler
                0x08000d14                USART11_IRQHandler
                0x08000d14                TIM14_IRQHandler
                0x08000d14                TIM13_IRQHandler
                0x08000d14                GPDMA2_Channel4_IRQHandler
                0x08000d14                SPI5_IRQHandler
                0x08000d14                TIM12_IRQHandler
                0x08000d14                TIM7_IRQHandler
                0x08000d14                SDMMC1_IRQHandler
                0x08000d14                TIM5_IRQHandler
                0x08000d14                UCPD1_IRQHandler
                0x08000d14                GPDMA1_Channel0_IRQHandler
                0x08000d14                I3C1_EV_IRQHandler
                0x08000d14                TIM15_IRQHandler
                0x08000d14                PVD_AVD_IRQHandler
                0x08000d14                I2C3_EV_IRQHandler
                0x08000d14                ETH_WKUP_IRQHandler
                0x08000d14                ADC2_IRQHandler
                0x08000d14                SPI2_IRQHandler
                0x08000d14                EXTI14_IRQHandler
                0x08000d14                EXTI11_IRQHandler
                0x08000d14                CRS_IRQHandler
                0x08000d14                EXTI4_IRQHandler
                0x08000d14                GPDMA2_Channel0_IRQHandler
                0x08000d14                RTC_S_IRQHandler
                0x08000d14                RNG_IRQHandler
                0x08000d14                FDCAN2_IT1_IRQHandler
                0x08000d14                ETH_IRQHandler
                0x08000d14                GPDMA2_Channel6_IRQHandler
                0x08000d14                TIM1_UP_IRQHandler
                0x08000d14                UART12_IRQHandler
                0x08000d14                WWDG_IRQHandler
                0x08000d14                SPI6_IRQHandler
                0x08000d14                I2C4_EV_IRQHandler
                0x08000d14                FDCAN2_IT0_IRQHandler
                0x08000d14                IWDG_IRQHandler
                0x08000d14                LPUART1_IRQHandler
                0x08000d14                FDCAN1_IT0_IRQHandler
                0x08000d14                TIM2_IRQHandler
                0x08000d14                GPDMA1_Channel4_IRQHandler
                0x08000d14                EXTI7_IRQHandler
                0x08000d14                TIM1_BRK_IRQHandler
                0x08000d14                EXTI1_IRQHandler
                0x08000d14                SDMMC2_IRQHandler
                0x08000d14                LPTIM6_IRQHandler
                0x08000d14                DAC1_IRQHandler
                0x08000d14                DTS_IRQHandler
                0x08000d14                UART7_IRQHandler
                0x08000d14                GTZC_IRQHandler
                0x08000d14                USART2_IRQHandler
                0x08000d14                GPDMA1_Channel6_IRQHandler
                0x08000d14                GPDMA2_Channel7_IRQHandler
                0x08000d14                I2C2_ER_IRQHandler
                0x08000d14                TIM8_BRK_IRQHandler
                0x08000d14                FLASH_IRQHandler
                0x08000d14                USART1_IRQHandler
                0x08000d14                EXTI10_IRQHandler
                0x08000d14                SPI3_IRQHandler
                0x08000d14                I2C1_ER_IRQHandler
                0x08000d14                FMC_IRQHandler
                0x08000d14                EXTI6_IRQHandler
                0x08000d14                LPTIM1_IRQHandler
                0x08000d14                DCMI_PSSI_IRQHandler
                0x08000d14                I2C4_ER_IRQHandler
                0x08000d14                ICACHE_IRQHandler
                0x08000d14                SAI1_IRQHandler
                0x08000d14                HASH_IRQHandler
 *fill*         0x08000d16        0x2 
 .text.BSP_LED_Init
                0x08000d18       0xec ./Drivers/BSP/STM32H5xx_Nucleo/stm32h5xx_nucleo.o
                0x08000d18                BSP_LED_Init
 .text.BSP_PB_Init
                0x08000e04       0xf0 ./Drivers/BSP/STM32H5xx_Nucleo/stm32h5xx_nucleo.o
                0x08000e04                BSP_PB_Init
 .text.BSP_PB_IRQHandler
                0x08000ef4       0x2c ./Drivers/BSP/STM32H5xx_Nucleo/stm32h5xx_nucleo.o
                0x08000ef4                BSP_PB_IRQHandler
 .text.BSP_PB_Callback
                0x08000f20       0x16 ./Drivers/BSP/STM32H5xx_Nucleo/stm32h5xx_nucleo.o
                0x08000f20                BSP_PB_Callback
 *fill*         0x08000f36        0x2 
 .text.BSP_COM_Init
                0x08000f38       0x60 ./Drivers/BSP/STM32H5xx_Nucleo/stm32h5xx_nucleo.o
                0x08000f38                BSP_COM_Init
 .text.MX_USART_Init
                0x08000f98       0x68 ./Drivers/BSP/STM32H5xx_Nucleo/stm32h5xx_nucleo.o
                0x08000f98                MX_USART_Init
 .text.BUTTON_USER_EXTI_Callback
                0x08001000        0xe ./Drivers/BSP/STM32H5xx_Nucleo/stm32h5xx_nucleo.o
 *fill*         0x0800100e        0x2 
 .text.COM1_MspInit
                0x08001010       0xb0 ./Drivers/BSP/STM32H5xx_Nucleo/stm32h5xx_nucleo.o
 .text.HAL_Init
                0x080010c0       0x50 ./Drivers/STM32H5xx_HAL_Driver/Src/stm32h5xx_hal.o
                0x080010c0                HAL_Init
 .text.HAL_InitTick
                0x08001110       0xec ./Drivers/STM32H5xx_HAL_Driver/Src/stm32h5xx_hal.o
                0x08001110                HAL_InitTick
 .text.HAL_IncTick
                0x080011fc       0x28 ./Drivers/STM32H5xx_HAL_Driver/Src/stm32h5xx_hal.o
                0x080011fc                HAL_IncTick
 .text.HAL_GetTick
                0x08001224       0x18 ./Drivers/STM32H5xx_HAL_Driver/Src/stm32h5xx_hal.o
                0x08001224                HAL_GetTick
 .text.HAL_Delay
                0x0800123c       0x48 ./Drivers/STM32H5xx_HAL_Driver/Src/stm32h5xx_hal.o
                0x0800123c                HAL_Delay
 .text.__NVIC_SetPriorityGrouping
                0x08001284       0x48 ./Drivers/STM32H5xx_HAL_Driver/Src/stm32h5xx_hal_cortex.o
 .text.__NVIC_GetPriorityGrouping
                0x080012cc       0x1c ./Drivers/STM32H5xx_HAL_Driver/Src/stm32h5xx_hal_cortex.o
 .text.__NVIC_EnableIRQ
                0x080012e8       0x3c ./Drivers/STM32H5xx_HAL_Driver/Src/stm32h5xx_hal_cortex.o
 .text.__NVIC_SetPriority
                0x08001324       0x54 ./Drivers/STM32H5xx_HAL_Driver/Src/stm32h5xx_hal_cortex.o
 .text.NVIC_EncodePriority
                0x08001378       0x66 ./Drivers/STM32H5xx_HAL_Driver/Src/stm32h5xx_hal_cortex.o
 .text.HAL_NVIC_SetPriorityGrouping
                0x080013de       0x16 ./Drivers/STM32H5xx_HAL_Driver/Src/stm32h5xx_hal_cortex.o
                0x080013de                HAL_NVIC_SetPriorityGrouping
 .text.HAL_NVIC_SetPriority
                0x080013f4       0x34 ./Drivers/STM32H5xx_HAL_Driver/Src/stm32h5xx_hal_cortex.o
                0x080013f4                HAL_NVIC_SetPriority
 .text.HAL_NVIC_EnableIRQ
                0x08001428       0x1c ./Drivers/STM32H5xx_HAL_Driver/Src/stm32h5xx_hal_cortex.o
                0x08001428                HAL_NVIC_EnableIRQ
 .text.HAL_SYSTICK_Config
                0x08001444       0x44 ./Drivers/STM32H5xx_HAL_Driver/Src/stm32h5xx_hal_cortex.o
                0x08001444                HAL_SYSTICK_Config
 .text.HAL_SYSTICK_CLKSourceConfig
                0x08001488       0xb0 ./Drivers/STM32H5xx_HAL_Driver/Src/stm32h5xx_hal_cortex.o
                0x08001488                HAL_SYSTICK_CLKSourceConfig
 .text.HAL_SYSTICK_GetCLKSourceConfig
                0x08001538       0x6c ./Drivers/STM32H5xx_HAL_Driver/Src/stm32h5xx_hal_cortex.o
                0x08001538                HAL_SYSTICK_GetCLKSourceConfig
 .text.HAL_EXTI_RegisterCallback
                0x080015a4       0x58 ./Drivers/STM32H5xx_HAL_Driver/Src/stm32h5xx_hal_exti.o
                0x080015a4                HAL_EXTI_RegisterCallback
 .text.HAL_EXTI_GetHandle
                0x080015fc       0x28 ./Drivers/STM32H5xx_HAL_Driver/Src/stm32h5xx_hal_exti.o
                0x080015fc                HAL_EXTI_GetHandle
 .text.HAL_EXTI_IRQHandler
                0x08001624       0x90 ./Drivers/STM32H5xx_HAL_Driver/Src/stm32h5xx_hal_exti.o
                0x08001624                HAL_EXTI_IRQHandler
 .text.HAL_GPIO_Init
                0x080016b4      0x2a4 ./Drivers/STM32H5xx_HAL_Driver/Src/stm32h5xx_hal_gpio.o
                0x080016b4                HAL_GPIO_Init
 .text.HAL_GPIO_WritePin
                0x08001958       0x30 ./Drivers/STM32H5xx_HAL_Driver/Src/stm32h5xx_hal_gpio.o
                0x08001958                HAL_GPIO_WritePin
 .text.PCD_GET_EP_RX_CNT
                0x08001988       0x42 ./Drivers/STM32H5xx_HAL_Driver/Src/stm32h5xx_hal_pcd.o
 .text.PCD_GET_EP_DBUF0_CNT
                0x080019ca       0x42 ./Drivers/STM32H5xx_HAL_Driver/Src/stm32h5xx_hal_pcd.o
 .text.PCD_GET_EP_DBUF1_CNT
                0x08001a0c       0x42 ./Drivers/STM32H5xx_HAL_Driver/Src/stm32h5xx_hal_pcd.o
 .text.HAL_PCD_Init
                0x08001a4e      0x202 ./Drivers/STM32H5xx_HAL_Driver/Src/stm32h5xx_hal_pcd.o
                0x08001a4e                HAL_PCD_Init
 .text.HAL_PCD_Start
                0x08001c50       0x44 ./Drivers/STM32H5xx_HAL_Driver/Src/stm32h5xx_hal_pcd.o
                0x08001c50                HAL_PCD_Start
 .text.HAL_PCD_IRQHandler
                0x08001c94      0x1ea ./Drivers/STM32H5xx_HAL_Driver/Src/stm32h5xx_hal_pcd.o
                0x08001c94                HAL_PCD_IRQHandler
 .text.HAL_PCD_SuspendCallback
                0x08001e7e       0x14 ./Drivers/STM32H5xx_HAL_Driver/Src/stm32h5xx_hal_pcd.o
                0x08001e7e                HAL_PCD_SuspendCallback
 .text.HAL_PCD_ResumeCallback
                0x08001e92       0x14 ./Drivers/STM32H5xx_HAL_Driver/Src/stm32h5xx_hal_pcd.o
                0x08001e92                HAL_PCD_ResumeCallback
 .text.HAL_PCD_SetAddress
                0x08001ea6       0x48 ./Drivers/STM32H5xx_HAL_Driver/Src/stm32h5xx_hal_pcd.o
                0x08001ea6                HAL_PCD_SetAddress
 .text.HAL_PCD_EP_Open
                0x08001eee       0xc2 ./Drivers/STM32H5xx_HAL_Driver/Src/stm32h5xx_hal_pcd.o
                0x08001eee                HAL_PCD_EP_Open
 .text.HAL_PCD_EP_Close
                0x08001fb0       0x94 ./Drivers/STM32H5xx_HAL_Driver/Src/stm32h5xx_hal_pcd.o
                0x08001fb0                HAL_PCD_EP_Close
 .text.HAL_PCD_EP_Receive
                0x08002044       0x64 ./Drivers/STM32H5xx_HAL_Driver/Src/stm32h5xx_hal_pcd.o
                0x08002044                HAL_PCD_EP_Receive
 .text.HAL_PCD_EP_GetRxCount
                0x080020a8       0x30 ./Drivers/STM32H5xx_HAL_Driver/Src/stm32h5xx_hal_pcd.o
                0x080020a8                HAL_PCD_EP_GetRxCount
 .text.HAL_PCD_EP_Transmit
                0x080020d8       0x70 ./Drivers/STM32H5xx_HAL_Driver/Src/stm32h5xx_hal_pcd.o
                0x080020d8                HAL_PCD_EP_Transmit
 .text.HAL_PCD_EP_SetStall
                0x08002148       0xa8 ./Drivers/STM32H5xx_HAL_Driver/Src/stm32h5xx_hal_pcd.o
                0x08002148                HAL_PCD_EP_SetStall
 .text.HAL_PCD_EP_ClrStall
                0x080021f0       0xac ./Drivers/STM32H5xx_HAL_Driver/Src/stm32h5xx_hal_pcd.o
                0x080021f0                HAL_PCD_EP_ClrStall
 .text.PCD_EP_ISR_Handler
                0x0800229c      0x674 ./Drivers/STM32H5xx_HAL_Driver/Src/stm32h5xx_hal_pcd.o
 .text.HAL_PCD_EP_DB_Receive
                0x08002910      0x1b4 ./Drivers/STM32H5xx_HAL_Driver/Src/stm32h5xx_hal_pcd.o
 .text.HAL_PCD_EP_DB_Transmit
                0x08002ac4      0x7c4 ./Drivers/STM32H5xx_HAL_Driver/Src/stm32h5xx_hal_pcd.o
 .text.HAL_PCDEx_PMAConfig
                0x08003288       0x8a ./Drivers/STM32H5xx_HAL_Driver/Src/stm32h5xx_hal_pcd_ex.o
                0x08003288                HAL_PCDEx_PMAConfig
 .text.HAL_PCDEx_ActivateLPM
                0x08003312       0x44 ./Drivers/STM32H5xx_HAL_Driver/Src/stm32h5xx_hal_pcd_ex.o
                0x08003312                HAL_PCDEx_ActivateLPM
 .text.HAL_PCDEx_LPM_Callback
                0x08003356       0x18 ./Drivers/STM32H5xx_HAL_Driver/Src/stm32h5xx_hal_pcd_ex.o
                0x08003356                HAL_PCDEx_LPM_Callback
 *fill*         0x0800336e        0x2 
 .text.HAL_PWREx_EnableVddUSB
                0x08003370       0x20 ./Drivers/STM32H5xx_HAL_Driver/Src/stm32h5xx_hal_pwr_ex.o
                0x08003370                HAL_PWREx_EnableVddUSB
 .text.HAL_RCC_OscConfig
                0x08003390      0x870 ./Drivers/STM32H5xx_HAL_Driver/Src/stm32h5xx_hal_rcc.o
                0x08003390                HAL_RCC_OscConfig
 .text.HAL_RCC_ClockConfig
                0x08003c00      0x370 ./Drivers/STM32H5xx_HAL_Driver/Src/stm32h5xx_hal_rcc.o
                0x08003c00                HAL_RCC_ClockConfig
 .text.HAL_RCC_GetSysClockFreq
                0x08003f70      0x258 ./Drivers/STM32H5xx_HAL_Driver/Src/stm32h5xx_hal_rcc.o
                0x08003f70                HAL_RCC_GetSysClockFreq
 .text.HAL_RCC_GetHCLKFreq
                0x080041c8       0x38 ./Drivers/STM32H5xx_HAL_Driver/Src/stm32h5xx_hal_rcc.o
                0x080041c8                HAL_RCC_GetHCLKFreq
 .text.HAL_RCC_GetPCLK1Freq
                0x08004200       0x2c ./Drivers/STM32H5xx_HAL_Driver/Src/stm32h5xx_hal_rcc.o
                0x08004200                HAL_RCC_GetPCLK1Freq
 .text.HAL_RCC_GetPCLK2Freq
                0x0800422c       0x2c ./Drivers/STM32H5xx_HAL_Driver/Src/stm32h5xx_hal_rcc.o
                0x0800422c                HAL_RCC_GetPCLK2Freq
 .text.HAL_RCC_GetPCLK3Freq
                0x08004258       0x2c ./Drivers/STM32H5xx_HAL_Driver/Src/stm32h5xx_hal_rcc.o
                0x08004258                HAL_RCC_GetPCLK3Freq
 .text.HAL_RCCEx_PeriphCLKConfig
                0x08004284     0x1f14 ./Drivers/STM32H5xx_HAL_Driver/Src/stm32h5xx_hal_rcc_ex.o
                0x08004284                HAL_RCCEx_PeriphCLKConfig
 .text.HAL_RCCEx_GetPLL1ClockFreq
                0x08006198      0x2d8 ./Drivers/STM32H5xx_HAL_Driver/Src/stm32h5xx_hal_rcc_ex.o
                0x08006198                HAL_RCCEx_GetPLL1ClockFreq
 .text.HAL_RCCEx_GetPLL2ClockFreq
                0x08006470      0x2d8 ./Drivers/STM32H5xx_HAL_Driver/Src/stm32h5xx_hal_rcc_ex.o
                0x08006470                HAL_RCCEx_GetPLL2ClockFreq
 .text.HAL_RCCEx_GetPLL3ClockFreq
                0x08006748      0x2d8 ./Drivers/STM32H5xx_HAL_Driver/Src/stm32h5xx_hal_rcc_ex.o
                0x08006748                HAL_RCCEx_GetPLL3ClockFreq
 .text.HAL_RCCEx_GetPeriphCLKFreq
                0x08006a20     0x26b4 ./Drivers/STM32H5xx_HAL_Driver/Src/stm32h5xx_hal_rcc_ex.o
                0x08006a20                HAL_RCCEx_GetPeriphCLKFreq
 .text.RCCEx_PLL2_Config
                0x080090d4      0x130 ./Drivers/STM32H5xx_HAL_Driver/Src/stm32h5xx_hal_rcc_ex.o
 .text.RCCEx_PLL3_Config
                0x08009204      0x130 ./Drivers/STM32H5xx_HAL_Driver/Src/stm32h5xx_hal_rcc_ex.o
 .text.HAL_UART_Init
                0x08009334       0xa0 ./Drivers/STM32H5xx_HAL_Driver/Src/stm32h5xx_hal_uart.o
                0x08009334                HAL_UART_Init
 .text.HAL_UART_MspInit
                0x080093d4       0x14 ./Drivers/STM32H5xx_HAL_Driver/Src/stm32h5xx_hal_uart.o
                0x080093d4                HAL_UART_MspInit
 .text.UART_SetConfig
                0x080093e8      0x3dc ./Drivers/STM32H5xx_HAL_Driver/Src/stm32h5xx_hal_uart.o
                0x080093e8                UART_SetConfig
 .text.UART_AdvFeatureConfig
                0x080097c4      0x144 ./Drivers/STM32H5xx_HAL_Driver/Src/stm32h5xx_hal_uart.o
                0x080097c4                UART_AdvFeatureConfig
 .text.UART_CheckIdleState
                0x08009908      0x154 ./Drivers/STM32H5xx_HAL_Driver/Src/stm32h5xx_hal_uart.o
                0x08009908                UART_CheckIdleState
 .text.UART_WaitOnFlagUntilTimeout
                0x08009a5c       0xda ./Drivers/STM32H5xx_HAL_Driver/Src/stm32h5xx_hal_uart.o
                0x08009a5c                UART_WaitOnFlagUntilTimeout
 .text.UART_EndRxTransfer
                0x08009b36       0xcc ./Drivers/STM32H5xx_HAL_Driver/Src/stm32h5xx_hal_uart.o
 .text.USB_CoreReset
                0x08009c02       0x2e ./Drivers/STM32H5xx_HAL_Driver/Src/stm32h5xx_ll_usb.o
 .text.USB_CoreInit
                0x08009c30       0x3c ./Drivers/STM32H5xx_HAL_Driver/Src/stm32h5xx_ll_usb.o
                0x08009c30                USB_CoreInit
 .text.USB_EnableGlobalInt
                0x08009c6c       0x28 ./Drivers/STM32H5xx_HAL_Driver/Src/stm32h5xx_ll_usb.o
                0x08009c6c                USB_EnableGlobalInt
 .text.USB_DisableGlobalInt
                0x08009c94       0x2a ./Drivers/STM32H5xx_HAL_Driver/Src/stm32h5xx_ll_usb.o
                0x08009c94                USB_DisableGlobalInt
 .text.USB_SetCurrentMode
                0x08009cbe       0x46 ./Drivers/STM32H5xx_HAL_Driver/Src/stm32h5xx_ll_usb.o
                0x08009cbe                USB_SetCurrentMode
 .text.USB_DevInit
                0x08009d04       0x46 ./Drivers/STM32H5xx_HAL_Driver/Src/stm32h5xx_ll_usb.o
                0x08009d04                USB_DevInit
 *fill*         0x08009d4a        0x2 
 .text.USB_ActivateEndpoint
                0x08009d4c      0x6c0 ./Drivers/STM32H5xx_HAL_Driver/Src/stm32h5xx_ll_usb.o
                0x08009d4c                USB_ActivateEndpoint
 .text.USB_DeactivateEndpoint
                0x0800a40c      0x314 ./Drivers/STM32H5xx_HAL_Driver/Src/stm32h5xx_ll_usb.o
                0x0800a40c                USB_DeactivateEndpoint
 .text.USB_EPStartXfer
                0x0800a720     0x10d4 ./Drivers/STM32H5xx_HAL_Driver/Src/stm32h5xx_ll_usb.o
                0x0800a720                USB_EPStartXfer
 .text.USB_EPSetStall
                0x0800b7f4       0x8c ./Drivers/STM32H5xx_HAL_Driver/Src/stm32h5xx_ll_usb.o
                0x0800b7f4                USB_EPSetStall
 .text.USB_EPClearStall
                0x0800b880      0x128 ./Drivers/STM32H5xx_HAL_Driver/Src/stm32h5xx_ll_usb.o
                0x0800b880                USB_EPClearStall
 .text.USB_SetDevAddress
                0x0800b9a8       0x26 ./Drivers/STM32H5xx_HAL_Driver/Src/stm32h5xx_ll_usb.o
                0x0800b9a8                USB_SetDevAddress
 .text.USB_DevConnect
                0x0800b9ce       0x22 ./Drivers/STM32H5xx_HAL_Driver/Src/stm32h5xx_ll_usb.o
                0x0800b9ce                USB_DevConnect
 .text.USB_DevDisconnect
                0x0800b9f0       0x22 ./Drivers/STM32H5xx_HAL_Driver/Src/stm32h5xx_ll_usb.o
                0x0800b9f0                USB_DevDisconnect
 .text.USB_ReadInterrupts
                0x0800ba12       0x1c ./Drivers/STM32H5xx_HAL_Driver/Src/stm32h5xx_ll_usb.o
                0x0800ba12                USB_ReadInterrupts
 .text.USB_WritePMA
                0x0800ba2e       0xc2 ./Drivers/STM32H5xx_HAL_Driver/Src/stm32h5xx_ll_usb.o
                0x0800ba2e                USB_WritePMA
 .text.USB_ReadPMA
                0x0800baf0       0xbc ./Drivers/STM32H5xx_HAL_Driver/Src/stm32h5xx_ll_usb.o
                0x0800baf0                USB_ReadPMA
 .text.USBD_CDC_Init
                0x0800bbac      0x1f0 ./USB/Class/CDC/Src/usbd_cdc.o
 .text.USBD_CDC_DeInit
                0x0800bd9c      0x104 ./USB/Class/CDC/Src/usbd_cdc.o
 .text.USBD_CDC_Setup
                0x0800bea0      0x1b8 ./USB/Class/CDC/Src/usbd_cdc.o
 .text.USBD_CDC_DataIn
                0x0800c058       0xfe ./USB/Class/CDC/Src/usbd_cdc.o
 .text.USBD_CDC_DataOut
                0x0800c156       0x70 ./USB/Class/CDC/Src/usbd_cdc.o
 .text.USBD_CDC_EP0_RxReady
                0x0800c1c6       0x74 ./USB/Class/CDC/Src/usbd_cdc.o
 *fill*         0x0800c23a        0x2 
 .text.USBD_CDC_GetFSCfgDesc
                0x0800c23c       0x70 ./USB/Class/CDC/Src/usbd_cdc.o
 .text.USBD_CDC_GetHSCfgDesc
                0x0800c2ac       0x70 ./USB/Class/CDC/Src/usbd_cdc.o
 .text.USBD_CDC_GetOtherSpeedCfgDesc
                0x0800c31c       0x70 ./USB/Class/CDC/Src/usbd_cdc.o
 .text.USBD_CDC_GetDeviceQualifierDescriptor
                0x0800c38c       0x20 ./USB/Class/CDC/Src/usbd_cdc.o
                0x0800c38c                USBD_CDC_GetDeviceQualifierDescriptor
 .text.USBD_CDC_RegisterInterface
                0x0800c3ac       0x34 ./USB/Class/CDC/Src/usbd_cdc.o
                0x0800c3ac                USBD_CDC_RegisterInterface
 .text.USBD_CDC_SetTxBuffer
                0x0800c3e0       0x44 ./USB/Class/CDC/Src/usbd_cdc.o
                0x0800c3e0                USBD_CDC_SetTxBuffer
 .text.USBD_CDC_SetRxBuffer
                0x0800c424       0x3a ./USB/Class/CDC/Src/usbd_cdc.o
                0x0800c424                USBD_CDC_SetRxBuffer
 *fill*         0x0800c45e        0x2 
 .text.USBD_CDC_TransmitPacket
                0x0800c460       0x80 ./USB/Class/CDC/Src/usbd_cdc.o
                0x0800c460                USBD_CDC_TransmitPacket
 .text.USBD_CDC_ReceivePacket
                0x0800c4e0       0x6c ./USB/Class/CDC/Src/usbd_cdc.o
                0x0800c4e0                USBD_CDC_ReceivePacket
 .text.TEMPLATE_Init
                0x0800c54c       0x28 ./USB/Class/CDC/Src/usbd_cdc_if.o
 .text.TEMPLATE_DeInit
                0x0800c574       0x10 ./USB/Class/CDC/Src/usbd_cdc_if.o
 .text.TEMPLATE_Transmit
                0x0800c584       0x4c ./USB/Class/CDC/Src/usbd_cdc_if.o
                0x0800c584                TEMPLATE_Transmit
 .text.TEMPLATE_Control
                0x0800c5d0      0x15c ./USB/Class/CDC/Src/usbd_cdc_if.o
 .text.TEMPLATE_Receive
                0x0800c72c       0x48 ./USB/Class/CDC/Src/usbd_cdc_if.o
 .text.TEMPLATE_TransmitCplt
                0x0800c774       0x1c ./USB/Class/CDC/Src/usbd_cdc_if.o
 .text.HAL_PCD_SetupStageCallback
                0x0800c790       0x24 ./USB/Core/Src/usbd_conf.o
                0x0800c790                HAL_PCD_SetupStageCallback
 .text.HAL_PCD_DataOutStageCallback
                0x0800c7b4       0x36 ./USB/Core/Src/usbd_conf.o
                0x0800c7b4                HAL_PCD_DataOutStageCallback
 .text.HAL_PCD_DataInStageCallback
                0x0800c7ea       0x34 ./USB/Core/Src/usbd_conf.o
                0x0800c7ea                HAL_PCD_DataInStageCallback
 .text.HAL_PCD_SOFCallback
                0x0800c81e       0x1c ./USB/Core/Src/usbd_conf.o
                0x0800c81e                HAL_PCD_SOFCallback
 .text.HAL_PCD_ResetCallback
                0x0800c83a       0x3c ./USB/Core/Src/usbd_conf.o
                0x0800c83a                HAL_PCD_ResetCallback
 *fill*         0x0800c876        0x2 
 .text.USBD_LL_Init
                0x0800c878       0x74 ./USB/Core/Src/usbd_conf.o
                0x0800c878                USBD_LL_Init
 .text.USBD_LL_Start
                0x0800c8ec       0x2a ./USB/Core/Src/usbd_conf.o
                0x0800c8ec                USBD_LL_Start
 .text.USBD_LL_OpenEP
                0x0800c916       0x40 ./USB/Core/Src/usbd_conf.o
                0x0800c916                USBD_LL_OpenEP
 .text.USBD_LL_CloseEP
                0x0800c956       0x32 ./USB/Core/Src/usbd_conf.o
                0x0800c956                USBD_LL_CloseEP
 .text.USBD_LL_StallEP
                0x0800c988       0x32 ./USB/Core/Src/usbd_conf.o
                0x0800c988                USBD_LL_StallEP
 .text.USBD_LL_ClearStallEP
                0x0800c9ba       0x32 ./USB/Core/Src/usbd_conf.o
                0x0800c9ba                USBD_LL_ClearStallEP
 .text.USBD_LL_IsStallEP
                0x0800c9ec       0x58 ./USB/Core/Src/usbd_conf.o
                0x0800c9ec                USBD_LL_IsStallEP
 .text.USBD_LL_SetUSBAddress
                0x0800ca44       0x32 ./USB/Core/Src/usbd_conf.o
                0x0800ca44                USBD_LL_SetUSBAddress
 .text.USBD_LL_Transmit
                0x0800ca76       0x36 ./USB/Core/Src/usbd_conf.o
                0x0800ca76                USBD_LL_Transmit
 .text.USBD_LL_PrepareReceive
                0x0800caac       0x36 ./USB/Core/Src/usbd_conf.o
                0x0800caac                USBD_LL_PrepareReceive
 .text.USBD_LL_GetRxDataSize
                0x0800cae2       0x26 ./USB/Core/Src/usbd_conf.o
                0x0800cae2                USBD_LL_GetRxDataSize
 .text.USBD_static_malloc
                0x0800cb08       0x1c ./USB/Core/Src/usbd_conf.o
                0x0800cb08                USBD_static_malloc
 .text.USBD_static_free
                0x0800cb24       0x14 ./USB/Core/Src/usbd_conf.o
                0x0800cb24                USBD_static_free
 .text.USBD_Get_USB_Status
                0x0800cb38       0x58 ./USB/Core/Src/usbd_conf.o
 .text.USBD_Init
                0x0800cb90       0x60 ./USB/Core/Src/usbd_core.o
                0x0800cb90                USBD_Init
 .text.USBD_RegisterClass
                0x0800cbf0       0x6c ./USB/Core/Src/usbd_core.o
                0x0800cbf0                USBD_RegisterClass
 .text.USBD_Start
                0x0800cc5c       0x18 ./USB/Core/Src/usbd_core.o
                0x0800cc5c                USBD_Start
 .text.USBD_RunTestMode
                0x0800cc74       0x16 ./USB/Core/Src/usbd_core.o
                0x0800cc74                USBD_RunTestMode
 .text.USBD_SetClassConfig
                0x0800cc8a       0x38 ./USB/Core/Src/usbd_core.o
                0x0800cc8a                USBD_SetClassConfig
 .text.USBD_ClrClassConfig
                0x0800ccc2       0x34 ./USB/Core/Src/usbd_core.o
                0x0800ccc2                USBD_ClrClassConfig
 .text.USBD_LL_SetupStage
                0x0800ccf6       0xaa ./USB/Core/Src/usbd_core.o
                0x0800ccf6                USBD_LL_SetupStage
 .text.USBD_LL_DataOutStage
                0x0800cda0      0x166 ./USB/Core/Src/usbd_core.o
                0x0800cda0                USBD_LL_DataOutStage
 .text.USBD_LL_DataInStage
                0x0800cf06      0x164 ./USB/Core/Src/usbd_core.o
                0x0800cf06                USBD_LL_DataInStage
 .text.USBD_LL_Reset
                0x0800d06a       0xa4 ./USB/Core/Src/usbd_core.o
                0x0800d06a                USBD_LL_Reset
 .text.USBD_LL_SetSpeed
                0x0800d10e       0x20 ./USB/Core/Src/usbd_core.o
                0x0800d10e                USBD_LL_SetSpeed
 .text.USBD_LL_SOF
                0x0800d12e       0x40 ./USB/Core/Src/usbd_core.o
                0x0800d12e                USBD_LL_SOF
 .text.USBD_CoreFindIF
                0x0800d16e       0x1a ./USB/Core/Src/usbd_core.o
                0x0800d16e                USBD_CoreFindIF
 .text.USBD_CoreFindEP
                0x0800d188       0x1a ./USB/Core/Src/usbd_core.o
                0x0800d188                USBD_CoreFindEP
 .text.USBD_GetEpDesc
                0x0800d1a2       0x70 ./USB/Core/Src/usbd_core.o
                0x0800d1a2                USBD_GetEpDesc
 .text.USBD_GetNextDesc
                0x0800d212       0x38 ./USB/Core/Src/usbd_core.o
                0x0800d212                USBD_GetNextDesc
 .text.SWAPBYTE
                0x0800d24a       0x3c ./USB/Core/Src/usbd_ctlreq.o
 *fill*         0x0800d286        0x2 
 .text.USBD_StdDevReq
                0x0800d288       0xe4 ./USB/Core/Src/usbd_ctlreq.o
                0x0800d288                USBD_StdDevReq
 .text.USBD_StdItfReq
                0x0800d36c       0xd8 ./USB/Core/Src/usbd_ctlreq.o
                0x0800d36c                USBD_StdItfReq
 .text.USBD_StdEPReq
                0x0800d444      0x33a ./USB/Core/Src/usbd_ctlreq.o
                0x0800d444                USBD_StdEPReq
 *fill*         0x0800d77e        0x2 
 .text.USBD_GetDescriptor
                0x0800d780      0x2d4 ./USB/Core/Src/usbd_ctlreq.o
 .text.USBD_SetAddress
                0x0800da54       0x88 ./USB/Core/Src/usbd_ctlreq.o
 .text.USBD_SetConfig
                0x0800dadc      0x154 ./USB/Core/Src/usbd_ctlreq.o
 .text.USBD_GetConfig
                0x0800dc30       0x6c ./USB/Core/Src/usbd_ctlreq.o
 .text.USBD_GetStatus
                0x0800dc9c       0x68 ./USB/Core/Src/usbd_ctlreq.o
 .text.USBD_SetFeature
                0x0800dd04       0x52 ./USB/Core/Src/usbd_ctlreq.o
 .text.USBD_ClrFeature
                0x0800dd56       0x44 ./USB/Core/Src/usbd_ctlreq.o
 .text.USBD_ParseSetupRequest
                0x0800dd9a       0x74 ./USB/Core/Src/usbd_ctlreq.o
                0x0800dd9a                USBD_ParseSetupRequest
 .text.USBD_CtlError
                0x0800de0e       0x22 ./USB/Core/Src/usbd_ctlreq.o
                0x0800de0e                USBD_CtlError
 .text.USBD_GetString
                0x0800de30       0x8c ./USB/Core/Src/usbd_ctlreq.o
                0x0800de30                USBD_GetString
 .text.USBD_GetLen
                0x0800debc       0x34 ./USB/Core/Src/usbd_ctlreq.o
 .text.USBD_Class_DeviceDescriptor
                0x0800def0       0x24 ./USB/Core/Src/usbd_desc.o
                0x0800def0                USBD_Class_DeviceDescriptor
 .text.USBD_Class_LangIDStrDescriptor
                0x0800df14       0x24 ./USB/Core/Src/usbd_desc.o
                0x0800df14                USBD_Class_LangIDStrDescriptor
 .text.USBD_Class_ProductStrDescriptor
                0x0800df38       0x3c ./USB/Core/Src/usbd_desc.o
                0x0800df38                USBD_Class_ProductStrDescriptor
 .text.USBD_Class_ManufacturerStrDescriptor
                0x0800df74       0x28 ./USB/Core/Src/usbd_desc.o
                0x0800df74                USBD_Class_ManufacturerStrDescriptor
 .text.USBD_Class_SerialStrDescriptor
                0x0800df9c       0x24 ./USB/Core/Src/usbd_desc.o
                0x0800df9c                USBD_Class_SerialStrDescriptor
 .text.USBD_Class_ConfigStrDescriptor
                0x0800dfc0       0x3c ./USB/Core/Src/usbd_desc.o
                0x0800dfc0                USBD_Class_ConfigStrDescriptor
 .text.USBD_Class_InterfaceStrDescriptor
                0x0800dffc       0x3c ./USB/Core/Src/usbd_desc.o
                0x0800dffc                USBD_Class_InterfaceStrDescriptor
 .text.Get_SerialNum
                0x0800e038       0x58 ./USB/Core/Src/usbd_desc.o
 .text.IntToUnicode
                0x0800e090       0x7a ./USB/Core/Src/usbd_desc.o
 .text.USBD_CtlSendData
                0x0800e10a       0x36 ./USB/Core/Src/usbd_ioreq.o
                0x0800e10a                USBD_CtlSendData
 .text.USBD_CtlContinueSendData
                0x0800e140       0x22 ./USB/Core/Src/usbd_ioreq.o
                0x0800e140                USBD_CtlContinueSendData
 .text.USBD_CtlPrepareRx
                0x0800e162       0x3a ./USB/Core/Src/usbd_ioreq.o
                0x0800e162                USBD_CtlPrepareRx
 .text.USBD_CtlContinueRx
                0x0800e19c       0x22 ./USB/Core/Src/usbd_ioreq.o
                0x0800e19c                USBD_CtlContinueRx
 .text.USBD_CtlSendStatus
                0x0800e1be       0x26 ./USB/Core/Src/usbd_ioreq.o
                0x0800e1be                USBD_CtlSendStatus
 .text.USBD_CtlReceiveStatus
                0x0800e1e4       0x26 ./USB/Core/Src/usbd_ioreq.o
                0x0800e1e4                USBD_CtlReceiveStatus
 *fill*         0x0800e20a        0x2 
 .text.snprintf
                0x0800e20c       0x68 C:/ST/STM32CubeIDE_1.11.2/STM32CubeIDE/plugins/com.st.stm32cube.ide.mcu.externaltools.gnu-tools-for-stm32.12.3.rel1.win32_1.1.0.202410251130/tools/bin/../lib/gcc/arm-none-eabi/12.3.1/../../../../arm-none-eabi/lib/thumb/v8-m.main+fp/hard\libc_nano.a(libc_a-snprintf.o)
                0x0800e20c                sniprintf
                0x0800e20c                snprintf
 .text.memset   0x0800e274       0x10 C:/ST/STM32CubeIDE_1.11.2/STM32CubeIDE/plugins/com.st.stm32cube.ide.mcu.externaltools.gnu-tools-for-stm32.12.3.rel1.win32_1.1.0.202410251130/tools/bin/../lib/gcc/arm-none-eabi/12.3.1/../../../../arm-none-eabi/lib/thumb/v8-m.main+fp/hard\libc_nano.a(libc_a-memset.o)
                0x0800e274                memset
 .text.__errno  0x0800e284        0xc C:/ST/STM32CubeIDE_1.11.2/STM32CubeIDE/plugins/com.st.stm32cube.ide.mcu.externaltools.gnu-tools-for-stm32.12.3.rel1.win32_1.1.0.202410251130/tools/bin/../lib/gcc/arm-none-eabi/12.3.1/../../../../arm-none-eabi/lib/thumb/v8-m.main+fp/hard\libc_nano.a(libc_a-errno.o)
                0x0800e284                __errno
 .text.__libc_init_array
                0x0800e290       0x48 C:/ST/STM32CubeIDE_1.11.2/STM32CubeIDE/plugins/com.st.stm32cube.ide.mcu.externaltools.gnu-tools-for-stm32.12.3.rel1.win32_1.1.0.202410251130/tools/bin/../lib/gcc/arm-none-eabi/12.3.1/../../../../arm-none-eabi/lib/thumb/v8-m.main+fp/hard\libc_nano.a(libc_a-init.o)
                0x0800e290                __libc_init_array
 .text.__retarget_lock_acquire_recursive
                0x0800e2d8        0x2 C:/ST/STM32CubeIDE_1.11.2/STM32CubeIDE/plugins/com.st.stm32cube.ide.mcu.externaltools.gnu-tools-for-stm32.12.3.rel1.win32_1.1.0.202410251130/tools/bin/../lib/gcc/arm-none-eabi/12.3.1/../../../../arm-none-eabi/lib/thumb/v8-m.main+fp/hard\libc_nano.a(libc_a-lock.o)
                0x0800e2d8                __retarget_lock_acquire_recursive
 .text.__retarget_lock_release_recursive
                0x0800e2da        0x2 C:/ST/STM32CubeIDE_1.11.2/STM32CubeIDE/plugins/com.st.stm32cube.ide.mcu.externaltools.gnu-tools-for-stm32.12.3.rel1.win32_1.1.0.202410251130/tools/bin/../lib/gcc/arm-none-eabi/12.3.1/../../../../arm-none-eabi/lib/thumb/v8-m.main+fp/hard\libc_nano.a(libc_a-lock.o)
                0x0800e2da                __retarget_lock_release_recursive
 .text._free_r  0x0800e2dc       0x94 C:/ST/STM32CubeIDE_1.11.2/STM32CubeIDE/plugins/com.st.stm32cube.ide.mcu.externaltools.gnu-tools-for-stm32.12.3.rel1.win32_1.1.0.202410251130/tools/bin/../lib/gcc/arm-none-eabi/12.3.1/../../../../arm-none-eabi/lib/thumb/v8-m.main+fp/hard\libc_nano.a(libc_a-freer.o)
                0x0800e2dc                _free_r
 .text.sbrk_aligned
                0x0800e370       0x44 C:/ST/STM32CubeIDE_1.11.2/STM32CubeIDE/plugins/com.st.stm32cube.ide.mcu.externaltools.gnu-tools-for-stm32.12.3.rel1.win32_1.1.0.202410251130/tools/bin/../lib/gcc/arm-none-eabi/12.3.1/../../../../arm-none-eabi/lib/thumb/v8-m.main+fp/hard\libc_nano.a(libc_a-mallocr.o)
 .text._malloc_r
                0x0800e3b4      0x100 C:/ST/STM32CubeIDE_1.11.2/STM32CubeIDE/plugins/com.st.stm32cube.ide.mcu.externaltools.gnu-tools-for-stm32.12.3.rel1.win32_1.1.0.202410251130/tools/bin/../lib/gcc/arm-none-eabi/12.3.1/../../../../arm-none-eabi/lib/thumb/v8-m.main+fp/hard\libc_nano.a(libc_a-mallocr.o)
                0x0800e3b4                _malloc_r
 .text.__malloc_lock
                0x0800e4b4        0xc C:/ST/STM32CubeIDE_1.11.2/STM32CubeIDE/plugins/com.st.stm32cube.ide.mcu.externaltools.gnu-tools-for-stm32.12.3.rel1.win32_1.1.0.202410251130/tools/bin/../lib/gcc/arm-none-eabi/12.3.1/../../../../arm-none-eabi/lib/thumb/v8-m.main+fp/hard\libc_nano.a(libc_a-mlock.o)
                0x0800e4b4                __malloc_lock
 .text.__malloc_unlock
                0x0800e4c0        0xc C:/ST/STM32CubeIDE_1.11.2/STM32CubeIDE/plugins/com.st.stm32cube.ide.mcu.externaltools.gnu-tools-for-stm32.12.3.rel1.win32_1.1.0.202410251130/tools/bin/../lib/gcc/arm-none-eabi/12.3.1/../../../../arm-none-eabi/lib/thumb/v8-m.main+fp/hard\libc_nano.a(libc_a-mlock.o)
                0x0800e4c0                __malloc_unlock
 .text.__ssputs_r
                0x0800e4cc       0xb6 C:/ST/STM32CubeIDE_1.11.2/STM32CubeIDE/plugins/com.st.stm32cube.ide.mcu.externaltools.gnu-tools-for-stm32.12.3.rel1.win32_1.1.0.202410251130/tools/bin/../lib/gcc/arm-none-eabi/12.3.1/../../../../arm-none-eabi/lib/thumb/v8-m.main+fp/hard\libc_nano.a(libc_a-nano-svfprintf.o)
                0x0800e4cc                __ssputs_r
 *fill*         0x0800e582        0x2 
 .text._svfprintf_r
                0x0800e584      0x1f8 C:/ST/STM32CubeIDE_1.11.2/STM32CubeIDE/plugins/com.st.stm32cube.ide.mcu.externaltools.gnu-tools-for-stm32.12.3.rel1.win32_1.1.0.202410251130/tools/bin/../lib/gcc/arm-none-eabi/12.3.1/../../../../arm-none-eabi/lib/thumb/v8-m.main+fp/hard\libc_nano.a(libc_a-nano-svfprintf.o)
                0x0800e584                _svfiprintf_r
                0x0800e584                _svfprintf_r
 .text._printf_common
                0x0800e77c       0xe4 C:/ST/STM32CubeIDE_1.11.2/STM32CubeIDE/plugins/com.st.stm32cube.ide.mcu.externaltools.gnu-tools-for-stm32.12.3.rel1.win32_1.1.0.202410251130/tools/bin/../lib/gcc/arm-none-eabi/12.3.1/../../../../arm-none-eabi/lib/thumb/v8-m.main+fp/hard\libc_nano.a(libc_a-nano-vfprintf_i.o)
                0x0800e77c                _printf_common
 .text._printf_i
                0x0800e860      0x240 C:/ST/STM32CubeIDE_1.11.2/STM32CubeIDE/plugins/com.st.stm32cube.ide.mcu.externaltools.gnu-tools-for-stm32.12.3.rel1.win32_1.1.0.202410251130/tools/bin/../lib/gcc/arm-none-eabi/12.3.1/../../../../arm-none-eabi/lib/thumb/v8-m.main+fp/hard\libc_nano.a(libc_a-nano-vfprintf_i.o)
                0x0800e860                _printf_i
 .text.memmove  0x0800eaa0       0x34 C:/ST/STM32CubeIDE_1.11.2/STM32CubeIDE/plugins/com.st.stm32cube.ide.mcu.externaltools.gnu-tools-for-stm32.12.3.rel1.win32_1.1.0.202410251130/tools/bin/../lib/gcc/arm-none-eabi/12.3.1/../../../../arm-none-eabi/lib/thumb/v8-m.main+fp/hard\libc_nano.a(libc_a-memmove.o)
                0x0800eaa0                memmove
 .text._sbrk_r  0x0800ead4       0x20 C:/ST/STM32CubeIDE_1.11.2/STM32CubeIDE/plugins/com.st.stm32cube.ide.mcu.externaltools.gnu-tools-for-stm32.12.3.rel1.win32_1.1.0.202410251130/tools/bin/../lib/gcc/arm-none-eabi/12.3.1/../../../../arm-none-eabi/lib/thumb/v8-m.main+fp/hard\libc_nano.a(libc_a-sbrkr.o)
                0x0800ead4                _sbrk_r
 .text.memchr   0x0800eaf4       0x1c C:/ST/STM32CubeIDE_1.11.2/STM32CubeIDE/plugins/com.st.stm32cube.ide.mcu.externaltools.gnu-tools-for-stm32.12.3.rel1.win32_1.1.0.202410251130/tools/bin/../lib/gcc/arm-none-eabi/12.3.1/../../../../arm-none-eabi/lib/thumb/v8-m.main+fp/hard\libc_nano.a(libc_a-memchr-stub.o)
                0x0800eaf4                memchr
 .text.memcpy   0x0800eb10       0x1a C:/ST/STM32CubeIDE_1.11.2/STM32CubeIDE/plugins/com.st.stm32cube.ide.mcu.externaltools.gnu-tools-for-stm32.12.3.rel1.win32_1.1.0.202410251130/tools/bin/../lib/gcc/arm-none-eabi/12.3.1/../../../../arm-none-eabi/lib/thumb/v8-m.main+fp/hard\libc_nano.a(libc_a-memcpy-stub.o)
                0x0800eb10                memcpy
 .text._realloc_r
                0x0800eb2a       0x5c C:/ST/STM32CubeIDE_1.11.2/STM32CubeIDE/plugins/com.st.stm32cube.ide.mcu.externaltools.gnu-tools-for-stm32.12.3.rel1.win32_1.1.0.202410251130/tools/bin/../lib/gcc/arm-none-eabi/12.3.1/../../../../arm-none-eabi/lib/thumb/v8-m.main+fp/hard\libc_nano.a(libc_a-reallocr.o)
                0x0800eb2a                _realloc_r
 .text._malloc_usable_size_r
                0x0800eb86       0x10 C:/ST/STM32CubeIDE_1.11.2/STM32CubeIDE/plugins/com.st.stm32cube.ide.mcu.externaltools.gnu-tools-for-stm32.12.3.rel1.win32_1.1.0.202410251130/tools/bin/../lib/gcc/arm-none-eabi/12.3.1/../../../../arm-none-eabi/lib/thumb/v8-m.main+fp/hard\libc_nano.a(libc_a-msizer.o)
                0x0800eb86                _malloc_usable_size_r
 *(.glue_7)
 .glue_7        0x0800eb96        0x0 linker stubs
 *(.glue_7t)
 .glue_7t       0x0800eb96        0x0 linker stubs
 *(.eh_frame)
 *fill*         0x0800eb96        0x2 
 .eh_frame      0x0800eb98        0x0 C:/ST/STM32CubeIDE_1.11.2/STM32CubeIDE/plugins/com.st.stm32cube.ide.mcu.externaltools.gnu-tools-for-stm32.12.3.rel1.win32_1.1.0.202410251130/tools/bin/../lib/gcc/arm-none-eabi/12.3.1/thumb/v8-m.main+fp/hard/crtbegin.o
 *(.init)
 .init          0x0800eb98        0x4 C:/ST/STM32CubeIDE_1.11.2/STM32CubeIDE/plugins/com.st.stm32cube.ide.mcu.externaltools.gnu-tools-for-stm32.12.3.rel1.win32_1.1.0.202410251130/tools/bin/../lib/gcc/arm-none-eabi/12.3.1/thumb/v8-m.main+fp/hard/crti.o
                0x0800eb98                _init
 .init          0x0800eb9c        0x8 C:/ST/STM32CubeIDE_1.11.2/STM32CubeIDE/plugins/com.st.stm32cube.ide.mcu.externaltools.gnu-tools-for-stm32.12.3.rel1.win32_1.1.0.202410251130/tools/bin/../lib/gcc/arm-none-eabi/12.3.1/thumb/v8-m.main+fp/hard/crtn.o
 *(.fini)
 .fini          0x0800eba4        0x4 C:/ST/STM32CubeIDE_1.11.2/STM32CubeIDE/plugins/com.st.stm32cube.ide.mcu.externaltools.gnu-tools-for-stm32.12.3.rel1.win32_1.1.0.202410251130/tools/bin/../lib/gcc/arm-none-eabi/12.3.1/thumb/v8-m.main+fp/hard/crti.o
                0x0800eba4                _fini
 .fini          0x0800eba8        0x8 C:/ST/STM32CubeIDE_1.11.2/STM32CubeIDE/plugins/com.st.stm32cube.ide.mcu.externaltools.gnu-tools-for-stm32.12.3.rel1.win32_1.1.0.202410251130/tools/bin/../lib/gcc/arm-none-eabi/12.3.1/thumb/v8-m.main+fp/hard/crtn.o
                0x0800ebb0                        . = ALIGN (0x4)
                0x0800ebb0                        _etext = .

.vfp11_veneer   0x0800ebb0        0x0
 .vfp11_veneer  0x0800ebb0        0x0 linker stubs

.v4_bx          0x0800ebb0        0x0
 .v4_bx         0x0800ebb0        0x0 linker stubs

.iplt           0x0800ebb0        0x0
 .iplt          0x0800ebb0        0x0 C:/ST/STM32CubeIDE_1.11.2/STM32CubeIDE/plugins/com.st.stm32cube.ide.mcu.externaltools.gnu-tools-for-stm32.12.3.rel1.win32_1.1.0.202410251130/tools/bin/../lib/gcc/arm-none-eabi/12.3.1/thumb/v8-m.main+fp/hard/crtbegin.o

.rodata         0x0800ebb0       0xc8
                0x0800ebb0                        . = ALIGN (0x4)
 *(.rodata)
 .rodata        0x0800ebb0        0xf ./Core/Src/main.o
 *fill*         0x0800ebbf        0x1 
 .rodata        0x0800ebc0       0x46 ./USB/Core/Src/usbd_desc.o
 *(.rodata*)
 *fill*         0x0800ec06        0x2 
 .rodata.AHBPrescTable
                0x0800ec08       0x10 ./Core/Src/system_stm32h5xx.o
                0x0800ec08                AHBPrescTable
 .rodata.APBPrescTable
                0x0800ec18        0x8 ./Core/Src/system_stm32h5xx.o
                0x0800ec18                APBPrescTable
 .rodata.LED_PIN
                0x0800ec20        0x6 ./Drivers/BSP/STM32H5xx_Nucleo/stm32h5xx_nucleo.o
 *fill*         0x0800ec26        0x2 
 .rodata.BUTTON_EXTI_LINE.2
                0x0800ec28        0x4 ./Drivers/BSP/STM32H5xx_Nucleo/stm32h5xx_nucleo.o
 .rodata.UARTPrescTable
                0x0800ec2c       0x18 ./Drivers/STM32H5xx_HAL_Driver/Src/stm32h5xx_hal_uart.o
                0x0800ec2c                UARTPrescTable
 .rodata._svfprintf_r.str1.1
                0x0800ec44       0x11 C:/ST/STM32CubeIDE_1.11.2/STM32CubeIDE/plugins/com.st.stm32cube.ide.mcu.externaltools.gnu-tools-for-stm32.12.3.rel1.win32_1.1.0.202410251130/tools/bin/../lib/gcc/arm-none-eabi/12.3.1/../../../../arm-none-eabi/lib/thumb/v8-m.main+fp/hard\libc_nano.a(libc_a-nano-svfprintf.o)
 .rodata._printf_i.str1.1
                0x0800ec55       0x22 C:/ST/STM32CubeIDE_1.11.2/STM32CubeIDE/plugins/com.st.stm32cube.ide.mcu.externaltools.gnu-tools-for-stm32.12.3.rel1.win32_1.1.0.202410251130/tools/bin/../lib/gcc/arm-none-eabi/12.3.1/../../../../arm-none-eabi/lib/thumb/v8-m.main+fp/hard\libc_nano.a(libc_a-nano-vfprintf_i.o)
                0x0800ec78                        . = ALIGN (0x4)
 *fill*         0x0800ec77        0x1 

.ARM.extab      0x0800ec78        0x0
                0x0800ec78                        . = ALIGN (0x4)
 *(.ARM.extab* .gnu.linkonce.armextab.*)
                0x0800ec78                        . = ALIGN (0x4)

.ARM            0x0800ec78        0x8
                0x0800ec78                        . = ALIGN (0x4)
                0x0800ec78                        __exidx_start = .
 *(.ARM.exidx*)
 .ARM.exidx     0x0800ec78        0x8 C:/ST/STM32CubeIDE_1.11.2/STM32CubeIDE/plugins/com.st.stm32cube.ide.mcu.externaltools.gnu-tools-for-stm32.12.3.rel1.win32_1.1.0.202410251130/tools/bin/../lib/gcc/arm-none-eabi/12.3.1/../../../../arm-none-eabi/lib/thumb/v8-m.main+fp/hard\libc_nano.a(libc_a-strlen.o)
 .ARM.exidx     0x0800ec80        0x0 C:/ST/STM32CubeIDE_1.11.2/STM32CubeIDE/plugins/com.st.stm32cube.ide.mcu.externaltools.gnu-tools-for-stm32.12.3.rel1.win32_1.1.0.202410251130/tools/bin/../lib/gcc/arm-none-eabi/12.3.1/thumb/v8-m.main+fp/hard\libgcc.a(_udivmoddi4.o)
                                  0x8 (size before relaxing)
                0x0800ec80                        __exidx_end = .
                0x0800ec80                        . = ALIGN (0x4)

.preinit_array  0x0800ec80        0x0
                0x0800ec80                        . = ALIGN (0x4)
                0x0800ec80                        PROVIDE (__preinit_array_start = .)
 *(.preinit_array*)
                0x0800ec80                        PROVIDE (__preinit_array_end = .)
                0x0800ec80                        . = ALIGN (0x4)

.init_array     0x0800ec80        0x4
                0x0800ec80                        . = ALIGN (0x4)
                0x0800ec80                        PROVIDE (__init_array_start = .)
 *(SORT_BY_NAME(.init_array.*))
 *(.init_array*)
 .init_array    0x0800ec80        0x4 C:/ST/STM32CubeIDE_1.11.2/STM32CubeIDE/plugins/com.st.stm32cube.ide.mcu.externaltools.gnu-tools-for-stm32.12.3.rel1.win32_1.1.0.202410251130/tools/bin/../lib/gcc/arm-none-eabi/12.3.1/thumb/v8-m.main+fp/hard/crtbegin.o
                0x0800ec84                        PROVIDE (__init_array_end = .)
                0x0800ec84                        . = ALIGN (0x4)

.fini_array     0x0800ec84        0x4
                0x0800ec84                        . = ALIGN (0x4)
                [!provide]                        PROVIDE (__fini_array_start = .)
 *(SORT_BY_NAME(.fini_array.*))
 *(.fini_array*)
 .fini_array    0x0800ec84        0x4 C:/ST/STM32CubeIDE_1.11.2/STM32CubeIDE/plugins/com.st.stm32cube.ide.mcu.externaltools.gnu-tools-for-stm32.12.3.rel1.win32_1.1.0.202410251130/tools/bin/../lib/gcc/arm-none-eabi/12.3.1/thumb/v8-m.main+fp/hard/crtbegin.o
                [!provide]                        PROVIDE (__fini_array_end = .)
                0x0800ec88                        . = ALIGN (0x4)
                0x0800ec88                        _sidata = LOADADDR (.data)

.rel.dyn        0x0800ec88        0x0
 .rel.iplt      0x0800ec88        0x0 C:/ST/STM32CubeIDE_1.11.2/STM32CubeIDE/plugins/com.st.stm32cube.ide.mcu.externaltools.gnu-tools-for-stm32.12.3.rel1.win32_1.1.0.202410251130/tools/bin/../lib/gcc/arm-none-eabi/12.3.1/thumb/v8-m.main+fp/hard/crtbegin.o

.data           0x20000000      0x170 load address 0x0800ec88
                0x20000000                        . = ALIGN (0x4)
                0x20000000                        _sdata = .
 *(.data)
 *(.data*)
 .data.SystemCoreClock
                0x20000000        0x4 ./Core/Src/system_stm32h5xx.o
                0x20000000                SystemCoreClock
 .data.COM_USART
                0x20000004        0x4 ./Drivers/BSP/STM32H5xx_Nucleo/stm32h5xx_nucleo.o
                0x20000004                COM_USART
 .data.LED_PORT
                0x20000008        0xc ./Drivers/BSP/STM32H5xx_Nucleo/stm32h5xx_nucleo.o
 .data.BUTTON_PORT
                0x20000014        0x4 ./Drivers/BSP/STM32H5xx_Nucleo/stm32h5xx_nucleo.o
 .data.ButtonCallback.1
                0x20000018        0x4 ./Drivers/BSP/STM32H5xx_Nucleo/stm32h5xx_nucleo.o
 .data.BSP_BUTTON_PRIO.0
                0x2000001c        0x4 ./Drivers/BSP/STM32H5xx_Nucleo/stm32h5xx_nucleo.o
 .data.uwTickPrio
                0x20000020        0x4 ./Drivers/STM32H5xx_HAL_Driver/Src/stm32h5xx_hal.o
                0x20000020                uwTickPrio
 .data.uwTickFreq
                0x20000024        0x1 ./Drivers/STM32H5xx_HAL_Driver/Src/stm32h5xx_hal.o
                0x20000024                uwTickFreq
 *fill*         0x20000025        0x3 
 .data.USBD_CDC_DeviceQualifierDesc
                0x20000028        0xa ./USB/Class/CDC/Src/usbd_cdc.o
 *fill*         0x20000032        0x2 
 .data.USBD_CDC
                0x20000034       0x38 ./USB/Class/CDC/Src/usbd_cdc.o
                0x20000034                USBD_CDC
 .data.USBD_CDC_CfgDesc
                0x2000006c       0x43 ./USB/Class/CDC/Src/usbd_cdc.o
 .data.CDCInEpAdd
                0x200000af        0x1 ./USB/Class/CDC/Src/usbd_cdc.o
 .data.CDCOutEpAdd
                0x200000b0        0x1 ./USB/Class/CDC/Src/usbd_cdc.o
 .data.CDCCmdEpAdd
                0x200000b1        0x1 ./USB/Class/CDC/Src/usbd_cdc.o
 *fill*         0x200000b2        0x2 
 .data.USBD_CDC_Template_fops
                0x200000b4       0x14 ./USB/Class/CDC/Src/usbd_cdc_if.o
                0x200000b4                USBD_CDC_Template_fops
 .data.linecoding
                0x200000c8        0x8 ./USB/Class/CDC/Src/usbd_cdc_if.o
                0x200000c8                linecoding
 .data.Class_Desc
                0x200000d0       0x1c ./USB/Core/Src/usbd_desc.o
                0x200000d0                Class_Desc
 .data.USBD_DeviceDesc
                0x200000ec       0x12 ./USB/Core/Src/usbd_desc.o
                0x200000ec                USBD_DeviceDesc
 *fill*         0x200000fe        0x2 
 .data.USBD_LangIDDesc
                0x20000100        0x4 ./USB/Core/Src/usbd_desc.o
                0x20000100                USBD_LangIDDesc
 .data.USBD_StringSerial
                0x20000104       0x1a ./USB/Core/Src/usbd_desc.o
                0x20000104                USBD_StringSerial
 *fill*         0x2000011e        0x2 
 .data._impure_ptr
                0x20000120        0x4 C:/ST/STM32CubeIDE_1.11.2/STM32CubeIDE/plugins/com.st.stm32cube.ide.mcu.externaltools.gnu-tools-for-stm32.12.3.rel1.win32_1.1.0.202410251130/tools/bin/../lib/gcc/arm-none-eabi/12.3.1/../../../../arm-none-eabi/lib/thumb/v8-m.main+fp/hard\libc_nano.a(libc_a-impure.o)
                0x20000120                _impure_ptr
 .data._impure_data
                0x20000124       0x4c C:/ST/STM32CubeIDE_1.11.2/STM32CubeIDE/plugins/com.st.stm32cube.ide.mcu.externaltools.gnu-tools-for-stm32.12.3.rel1.win32_1.1.0.202410251130/tools/bin/../lib/gcc/arm-none-eabi/12.3.1/../../../../arm-none-eabi/lib/thumb/v8-m.main+fp/hard\libc_nano.a(libc_a-impure.o)
                0x20000124                _impure_data
 *(.RamFunc)
 *(.RamFunc*)
                0x20000170                        . = ALIGN (0x4)
                0x20000170                        _edata = .

.igot.plt       0x20000170        0x0 load address 0x0800edf8
 .igot.plt      0x20000170        0x0 C:/ST/STM32CubeIDE_1.11.2/STM32CubeIDE/plugins/com.st.stm32cube.ide.mcu.externaltools.gnu-tools-for-stm32.12.3.rel1.win32_1.1.0.202410251130/tools/bin/../lib/gcc/arm-none-eabi/12.3.1/thumb/v8-m.main+fp/hard/crtbegin.o
                0x20000170                        . = ALIGN (0x4)

.bss            0x20000170      0xf00 load address 0x0800edf8
                0x20000170                        _sbss = .
                0x20000170                        __bss_start__ = _sbss
 *(.bss)
 .bss           0x20000170       0x1c C:/ST/STM32CubeIDE_1.11.2/STM32CubeIDE/plugins/com.st.stm32cube.ide.mcu.externaltools.gnu-tools-for-stm32.12.3.rel1.win32_1.1.0.202410251130/tools/bin/../lib/gcc/arm-none-eabi/12.3.1/thumb/v8-m.main+fp/hard/crtbegin.o
 *(.bss*)
 .bss.BspCOMInit
                0x2000018c       0x10 ./Core/Src/main.o
                0x2000018c                BspCOMInit
 .bss.hpcd_USB_DRD_FS
                0x2000019c      0x2e4 ./Core/Src/main.o
                0x2000019c                hpcd_USB_DRD_FS
 .bss.hUsbDeviceFS
                0x20000480      0x2dc ./Core/Src/main.o
                0x20000480                hUsbDeviceFS
 .bss.__sbrk_heap_end
                0x2000075c        0x4 ./Core/Src/sysmem.o
 .bss.hpb_exti  0x20000760        0xc ./Drivers/BSP/STM32H5xx_Nucleo/stm32h5xx_nucleo.o
                0x20000760                hpb_exti
 .bss.hcom_uart
                0x2000076c       0x94 ./Drivers/BSP/STM32H5xx_Nucleo/stm32h5xx_nucleo.o
                0x2000076c                hcom_uart
 .bss.uwTick    0x20000800        0x4 ./Drivers/STM32H5xx_HAL_Driver/Src/stm32h5xx_hal.o
                0x20000800                uwTick
 .bss.UserRxBufferFS
                0x20000804      0x200 ./USB/Class/CDC/Src/usbd_cdc_if.o
                0x20000804                UserRxBufferFS
 .bss.UserTxBufferFS
                0x20000a04      0x200 ./USB/Class/CDC/Src/usbd_cdc_if.o
                0x20000a04                UserTxBufferFS
 .bss.mem.0     0x20000c04      0x220 ./USB/Core/Src/usbd_conf.o
 .bss.cfgidx.0  0x20000e24        0x1 ./USB/Core/Src/usbd_ctlreq.o
 *fill*         0x20000e25        0x3 
 .bss.USBD_StrDesc
                0x20000e28      0x100 ./USB/Core/Src/usbd_desc.o
                0x20000e28                USBD_StrDesc
 .bss.__sf      0x20000f28      0x138 C:/ST/STM32CubeIDE_1.11.2/STM32CubeIDE/plugins/com.st.stm32cube.ide.mcu.externaltools.gnu-tools-for-stm32.12.3.rel1.win32_1.1.0.202410251130/tools/bin/../lib/gcc/arm-none-eabi/12.3.1/../../../../arm-none-eabi/lib/thumb/v8-m.main+fp/hard\libc_nano.a(libc_a-findfp.o)
                0x20000f28                __sf
 .bss.errno     0x20001060        0x4 C:/ST/STM32CubeIDE_1.11.2/STM32CubeIDE/plugins/com.st.stm32cube.ide.mcu.externaltools.gnu-tools-for-stm32.12.3.rel1.win32_1.1.0.202410251130/tools/bin/../lib/gcc/arm-none-eabi/12.3.1/../../../../arm-none-eabi/lib/thumb/v8-m.main+fp/hard\libc_nano.a(libc_a-reent.o)
                0x20001060                errno
 .bss.__lock___malloc_recursive_mutex
                0x20001064        0x1 C:/ST/STM32CubeIDE_1.11.2/STM32CubeIDE/plugins/com.st.stm32cube.ide.mcu.externaltools.gnu-tools-for-stm32.12.3.rel1.win32_1.1.0.202410251130/tools/bin/../lib/gcc/arm-none-eabi/12.3.1/../../../../arm-none-eabi/lib/thumb/v8-m.main+fp/hard\libc_nano.a(libc_a-lock.o)
                0x20001064                __lock___malloc_recursive_mutex
 *fill*         0x20001065        0x3 
 .bss.__malloc_sbrk_start
                0x20001068        0x4 C:/ST/STM32CubeIDE_1.11.2/STM32CubeIDE/plugins/com.st.stm32cube.ide.mcu.externaltools.gnu-tools-for-stm32.12.3.rel1.win32_1.1.0.202410251130/tools/bin/../lib/gcc/arm-none-eabi/12.3.1/../../../../arm-none-eabi/lib/thumb/v8-m.main+fp/hard\libc_nano.a(libc_a-mallocr.o)
                0x20001068                __malloc_sbrk_start
 .bss.__malloc_free_list
                0x2000106c        0x4 C:/ST/STM32CubeIDE_1.11.2/STM32CubeIDE/plugins/com.st.stm32cube.ide.mcu.externaltools.gnu-tools-for-stm32.12.3.rel1.win32_1.1.0.202410251130/tools/bin/../lib/gcc/arm-none-eabi/12.3.1/../../../../arm-none-eabi/lib/thumb/v8-m.main+fp/hard\libc_nano.a(libc_a-mallocr.o)
                0x2000106c                __malloc_free_list
 *(COMMON)
                0x20001070                        . = ALIGN (0x4)
                0x20001070                        _ebss = .
                0x20001070                        __bss_end__ = _ebss

._user_heap_stack
                0x20001070      0x800 load address 0x0800edf8
                0x20001070                        . = ALIGN (0x8)
                [!provide]                        PROVIDE (end = .)
                0x20001070                        PROVIDE (_end = .)
                0x20001370                        . = (. + _Min_Heap_Size)
 *fill*         0x20001070      0x300 
                0x20001870                        . = (. + _Min_Stack_Size)
 *fill*         0x20001370      0x500 
                0x20001870                        . = ALIGN (0x8)

/DISCARD/
 libc.a(*)
 libm.a(*)
 libgcc.a(*)

.ARM.attributes
                0x00000000       0x36
 *(.ARM.attributes)
 .ARM.attributes
                0x00000000       0x26 C:/ST/STM32CubeIDE_1.11.2/STM32CubeIDE/plugins/com.st.stm32cube.ide.mcu.externaltools.gnu-tools-for-stm32.12.3.rel1.win32_1.1.0.202410251130/tools/bin/../lib/gcc/arm-none-eabi/12.3.1/thumb/v8-m.main+fp/hard/crti.o
 .ARM.attributes
                0x00000026       0x38 C:/ST/STM32CubeIDE_1.11.2/STM32CubeIDE/plugins/com.st.stm32cube.ide.mcu.externaltools.gnu-tools-for-stm32.12.3.rel1.win32_1.1.0.202410251130/tools/bin/../lib/gcc/arm-none-eabi/12.3.1/thumb/v8-m.main+fp/hard/crtbegin.o
 .ARM.attributes
                0x0000005e       0x3a ./Core/Src/main.o
 .ARM.attributes
                0x00000098       0x3a ./Core/Src/stm32h5xx_hal_msp.o
 .ARM.attributes
                0x000000d2       0x3a ./Core/Src/stm32h5xx_it.o
 .ARM.attributes
                0x0000010c       0x3a ./Core/Src/sysmem.o
 .ARM.attributes
                0x00000146       0x3a ./Core/Src/system_stm32h5xx.o
 .ARM.attributes
                0x00000180       0x24 ./Core/Startup/startup_stm32h563zitx.o
 .ARM.attributes
                0x000001a4       0x3a ./Drivers/BSP/STM32H5xx_Nucleo/stm32h5xx_nucleo.o
 .ARM.attributes
                0x000001de       0x3a ./Drivers/STM32H5xx_HAL_Driver/Src/stm32h5xx_hal.o
 .ARM.attributes
                0x00000218       0x3a ./Drivers/STM32H5xx_HAL_Driver/Src/stm32h5xx_hal_cortex.o
 .ARM.attributes
                0x00000252       0x3a ./Drivers/STM32H5xx_HAL_Driver/Src/stm32h5xx_hal_exti.o
 .ARM.attributes
                0x0000028c       0x3a ./Drivers/STM32H5xx_HAL_Driver/Src/stm32h5xx_hal_gpio.o
 .ARM.attributes
                0x000002c6       0x3a ./Drivers/STM32H5xx_HAL_Driver/Src/stm32h5xx_hal_pcd.o
 .ARM.attributes
                0x00000300       0x3a ./Drivers/STM32H5xx_HAL_Driver/Src/stm32h5xx_hal_pcd_ex.o
 .ARM.attributes
                0x0000033a       0x3a ./Drivers/STM32H5xx_HAL_Driver/Src/stm32h5xx_hal_pwr_ex.o
 .ARM.attributes
                0x00000374       0x3a ./Drivers/STM32H5xx_HAL_Driver/Src/stm32h5xx_hal_rcc.o
 .ARM.attributes
                0x000003ae       0x3a ./Drivers/STM32H5xx_HAL_Driver/Src/stm32h5xx_hal_rcc_ex.o
 .ARM.attributes
                0x000003e8       0x3a ./Drivers/STM32H5xx_HAL_Driver/Src/stm32h5xx_hal_uart.o
 .ARM.attributes
                0x00000422       0x3a ./Drivers/STM32H5xx_HAL_Driver/Src/stm32h5xx_ll_usb.o
 .ARM.attributes
                0x0000045c       0x3a ./USB/Class/CDC/Src/usbd_cdc.o
 .ARM.attributes
                0x00000496       0x3a ./USB/Class/CDC/Src/usbd_cdc_if.o
 .ARM.attributes
                0x000004d0       0x3a ./USB/Core/Src/usbd_conf.o
 .ARM.attributes
                0x0000050a       0x3a ./USB/Core/Src/usbd_core.o
 .ARM.attributes
                0x00000544       0x3a ./USB/Core/Src/usbd_ctlreq.o
 .ARM.attributes
                0x0000057e       0x3a ./USB/Core/Src/usbd_desc.o
 .ARM.attributes
                0x000005b8       0x3a ./USB/Core/Src/usbd_ioreq.o
 .ARM.attributes
                0x000005f2       0x38 C:/ST/STM32CubeIDE_1.11.2/STM32CubeIDE/plugins/com.st.stm32cube.ide.mcu.externaltools.gnu-tools-for-stm32.12.3.rel1.win32_1.1.0.202410251130/tools/bin/../lib/gcc/arm-none-eabi/12.3.1/../../../../arm-none-eabi/lib/thumb/v8-m.main+fp/hard\libc_nano.a(libc_a-findfp.o)
 .ARM.attributes
                0x0000062a       0x38 C:/ST/STM32CubeIDE_1.11.2/STM32CubeIDE/plugins/com.st.stm32cube.ide.mcu.externaltools.gnu-tools-for-stm32.12.3.rel1.win32_1.1.0.202410251130/tools/bin/../lib/gcc/arm-none-eabi/12.3.1/../../../../arm-none-eabi/lib/thumb/v8-m.main+fp/hard\libc_nano.a(libc_a-snprintf.o)
 .ARM.attributes
                0x00000662       0x38 C:/ST/STM32CubeIDE_1.11.2/STM32CubeIDE/plugins/com.st.stm32cube.ide.mcu.externaltools.gnu-tools-for-stm32.12.3.rel1.win32_1.1.0.202410251130/tools/bin/../lib/gcc/arm-none-eabi/12.3.1/../../../../arm-none-eabi/lib/thumb/v8-m.main+fp/hard\libc_nano.a(libc_a-memset.o)
 .ARM.attributes
                0x0000069a       0x38 C:/ST/STM32CubeIDE_1.11.2/STM32CubeIDE/plugins/com.st.stm32cube.ide.mcu.externaltools.gnu-tools-for-stm32.12.3.rel1.win32_1.1.0.202410251130/tools/bin/../lib/gcc/arm-none-eabi/12.3.1/../../../../arm-none-eabi/lib/thumb/v8-m.main+fp/hard\libc_nano.a(libc_a-reent.o)
 .ARM.attributes
                0x000006d2       0x38 C:/ST/STM32CubeIDE_1.11.2/STM32CubeIDE/plugins/com.st.stm32cube.ide.mcu.externaltools.gnu-tools-for-stm32.12.3.rel1.win32_1.1.0.202410251130/tools/bin/../lib/gcc/arm-none-eabi/12.3.1/../../../../arm-none-eabi/lib/thumb/v8-m.main+fp/hard\libc_nano.a(libc_a-impure.o)
 .ARM.attributes
                0x0000070a       0x38 C:/ST/STM32CubeIDE_1.11.2/STM32CubeIDE/plugins/com.st.stm32cube.ide.mcu.externaltools.gnu-tools-for-stm32.12.3.rel1.win32_1.1.0.202410251130/tools/bin/../lib/gcc/arm-none-eabi/12.3.1/../../../../arm-none-eabi/lib/thumb/v8-m.main+fp/hard\libc_nano.a(libc_a-errno.o)
 .ARM.attributes
                0x00000742       0x38 C:/ST/STM32CubeIDE_1.11.2/STM32CubeIDE/plugins/com.st.stm32cube.ide.mcu.externaltools.gnu-tools-for-stm32.12.3.rel1.win32_1.1.0.202410251130/tools/bin/../lib/gcc/arm-none-eabi/12.3.1/../../../../arm-none-eabi/lib/thumb/v8-m.main+fp/hard\libc_nano.a(libc_a-init.o)
 .ARM.attributes
                0x0000077a       0x38 C:/ST/STM32CubeIDE_1.11.2/STM32CubeIDE/plugins/com.st.stm32cube.ide.mcu.externaltools.gnu-tools-for-stm32.12.3.rel1.win32_1.1.0.202410251130/tools/bin/../lib/gcc/arm-none-eabi/12.3.1/../../../../arm-none-eabi/lib/thumb/v8-m.main+fp/hard\libc_nano.a(libc_a-lock.o)
 .ARM.attributes
                0x000007b2       0x24 C:/ST/STM32CubeIDE_1.11.2/STM32CubeIDE/plugins/com.st.stm32cube.ide.mcu.externaltools.gnu-tools-for-stm32.12.3.rel1.win32_1.1.0.202410251130/tools/bin/../lib/gcc/arm-none-eabi/12.3.1/../../../../arm-none-eabi/lib/thumb/v8-m.main+fp/hard\libc_nano.a(libc_a-strlen.o)
 .ARM.attributes
                0x000007d6       0x38 C:/ST/STM32CubeIDE_1.11.2/STM32CubeIDE/plugins/com.st.stm32cube.ide.mcu.externaltools.gnu-tools-for-stm32.12.3.rel1.win32_1.1.0.202410251130/tools/bin/../lib/gcc/arm-none-eabi/12.3.1/../../../../arm-none-eabi/lib/thumb/v8-m.main+fp/hard\libc_nano.a(libc_a-freer.o)
 .ARM.attributes
                0x0000080e       0x38 C:/ST/STM32CubeIDE_1.11.2/STM32CubeIDE/plugins/com.st.stm32cube.ide.mcu.externaltools.gnu-tools-for-stm32.12.3.rel1.win32_1.1.0.202410251130/tools/bin/../lib/gcc/arm-none-eabi/12.3.1/../../../../arm-none-eabi/lib/thumb/v8-m.main+fp/hard\libc_nano.a(libc_a-mallocr.o)
 .ARM.attributes
                0x00000846       0x38 C:/ST/STM32CubeIDE_1.11.2/STM32CubeIDE/plugins/com.st.stm32cube.ide.mcu.externaltools.gnu-tools-for-stm32.12.3.rel1.win32_1.1.0.202410251130/tools/bin/../lib/gcc/arm-none-eabi/12.3.1/../../../../arm-none-eabi/lib/thumb/v8-m.main+fp/hard\libc_nano.a(libc_a-mlock.o)
 .ARM.attributes
                0x0000087e       0x38 C:/ST/STM32CubeIDE_1.11.2/STM32CubeIDE/plugins/com.st.stm32cube.ide.mcu.externaltools.gnu-tools-for-stm32.12.3.rel1.win32_1.1.0.202410251130/tools/bin/../lib/gcc/arm-none-eabi/12.3.1/../../../../arm-none-eabi/lib/thumb/v8-m.main+fp/hard\libc_nano.a(libc_a-nano-svfprintf.o)
 .ARM.attributes
                0x000008b6       0x38 C:/ST/STM32CubeIDE_1.11.2/STM32CubeIDE/plugins/com.st.stm32cube.ide.mcu.externaltools.gnu-tools-for-stm32.12.3.rel1.win32_1.1.0.202410251130/tools/bin/../lib/gcc/arm-none-eabi/12.3.1/../../../../arm-none-eabi/lib/thumb/v8-m.main+fp/hard\libc_nano.a(libc_a-nano-vfprintf_i.o)
 .ARM.attributes
                0x000008ee       0x38 C:/ST/STM32CubeIDE_1.11.2/STM32CubeIDE/plugins/com.st.stm32cube.ide.mcu.externaltools.gnu-tools-for-stm32.12.3.rel1.win32_1.1.0.202410251130/tools/bin/../lib/gcc/arm-none-eabi/12.3.1/../../../../arm-none-eabi/lib/thumb/v8-m.main+fp/hard\libc_nano.a(libc_a-memmove.o)
 .ARM.attributes
                0x00000926       0x38 C:/ST/STM32CubeIDE_1.11.2/STM32CubeIDE/plugins/com.st.stm32cube.ide.mcu.externaltools.gnu-tools-for-stm32.12.3.rel1.win32_1.1.0.202410251130/tools/bin/../lib/gcc/arm-none-eabi/12.3.1/../../../../arm-none-eabi/lib/thumb/v8-m.main+fp/hard\libc_nano.a(libc_a-sbrkr.o)
 .ARM.attributes
                0x0000095e       0x38 C:/ST/STM32CubeIDE_1.11.2/STM32CubeIDE/plugins/com.st.stm32cube.ide.mcu.externaltools.gnu-tools-for-stm32.12.3.rel1.win32_1.1.0.202410251130/tools/bin/../lib/gcc/arm-none-eabi/12.3.1/../../../../arm-none-eabi/lib/thumb/v8-m.main+fp/hard\libc_nano.a(libc_a-memchr-stub.o)
 .ARM.attributes
                0x00000996       0x38 C:/ST/STM32CubeIDE_1.11.2/STM32CubeIDE/plugins/com.st.stm32cube.ide.mcu.externaltools.gnu-tools-for-stm32.12.3.rel1.win32_1.1.0.202410251130/tools/bin/../lib/gcc/arm-none-eabi/12.3.1/../../../../arm-none-eabi/lib/thumb/v8-m.main+fp/hard\libc_nano.a(libc_a-memcpy-stub.o)
 .ARM.attributes
                0x000009ce       0x38 C:/ST/STM32CubeIDE_1.11.2/STM32CubeIDE/plugins/com.st.stm32cube.ide.mcu.externaltools.gnu-tools-for-stm32.12.3.rel1.win32_1.1.0.202410251130/tools/bin/../lib/gcc/arm-none-eabi/12.3.1/../../../../arm-none-eabi/lib/thumb/v8-m.main+fp/hard\libc_nano.a(libc_a-reallocr.o)
 .ARM.attributes
                0x00000a06       0x38 C:/ST/STM32CubeIDE_1.11.2/STM32CubeIDE/plugins/com.st.stm32cube.ide.mcu.externaltools.gnu-tools-for-stm32.12.3.rel1.win32_1.1.0.202410251130/tools/bin/../lib/gcc/arm-none-eabi/12.3.1/../../../../arm-none-eabi/lib/thumb/v8-m.main+fp/hard\libc_nano.a(libc_a-msizer.o)
 .ARM.attributes
                0x00000a3e       0x26 C:/ST/STM32CubeIDE_1.11.2/STM32CubeIDE/plugins/com.st.stm32cube.ide.mcu.externaltools.gnu-tools-for-stm32.12.3.rel1.win32_1.1.0.202410251130/tools/bin/../lib/gcc/arm-none-eabi/12.3.1/thumb/v8-m.main+fp/hard\libgcc.a(_aeabi_uldivmod.o)
 .ARM.attributes
                0x00000a64       0x38 C:/ST/STM32CubeIDE_1.11.2/STM32CubeIDE/plugins/com.st.stm32cube.ide.mcu.externaltools.gnu-tools-for-stm32.12.3.rel1.win32_1.1.0.202410251130/tools/bin/../lib/gcc/arm-none-eabi/12.3.1/thumb/v8-m.main+fp/hard\libgcc.a(_udivmoddi4.o)
 .ARM.attributes
                0x00000a9c       0x26 C:/ST/STM32CubeIDE_1.11.2/STM32CubeIDE/plugins/com.st.stm32cube.ide.mcu.externaltools.gnu-tools-for-stm32.12.3.rel1.win32_1.1.0.202410251130/tools/bin/../lib/gcc/arm-none-eabi/12.3.1/thumb/v8-m.main+fp/hard\libgcc.a(_dvmd_tls.o)
 .ARM.attributes
                0x00000ac2       0x26 C:/ST/STM32CubeIDE_1.11.2/STM32CubeIDE/plugins/com.st.stm32cube.ide.mcu.externaltools.gnu-tools-for-stm32.12.3.rel1.win32_1.1.0.202410251130/tools/bin/../lib/gcc/arm-none-eabi/12.3.1/thumb/v8-m.main+fp/hard/crtn.o
OUTPUT(HardwareSecurityModule.elf elf32-littlearm)
LOAD linker stubs
LOAD C:/ST/STM32CubeIDE_1.11.2/STM32CubeIDE/plugins/com.st.stm32cube.ide.mcu.externaltools.gnu-tools-for-stm32.12.3.rel1.win32_1.1.0.202410251130/tools/bin/../lib/gcc/arm-none-eabi/12.3.1/../../../../arm-none-eabi/lib/thumb/v8-m.main+fp/hard\libc.a
LOAD C:/ST/STM32CubeIDE_1.11.2/STM32CubeIDE/plugins/com.st.stm32cube.ide.mcu.externaltools.gnu-tools-for-stm32.12.3.rel1.win32_1.1.0.202410251130/tools/bin/../lib/gcc/arm-none-eabi/12.3.1/../../../../arm-none-eabi/lib/thumb/v8-m.main+fp/hard\libm.a
LOAD C:/ST/STM32CubeIDE_1.11.2/STM32CubeIDE/plugins/com.st.stm32cube.ide.mcu.externaltools.gnu-tools-for-stm32.12.3.rel1.win32_1.1.0.202410251130/tools/bin/../lib/gcc/arm-none-eabi/12.3.1/thumb/v8-m.main+fp/hard\libgcc.a

.debug_info     0x00000000    0x1904b
 .debug_info    0x00000000     0x1d6f ./Core/Src/main.o
 .debug_info    0x00001d6f     0x115d ./Core/Src/stm32h5xx_hal_msp.o
 .debug_info    0x00002ecc      0x649 ./Core/Src/stm32h5xx_it.o
 .debug_info    0x00003515      0x168 ./Core/Src/sysmem.o
 .debug_info    0x0000367d      0xd8e ./Core/Src/system_stm32h5xx.o
 .debug_info    0x0000440b       0x30 ./Core/Startup/startup_stm32h563zitx.o
 .debug_info    0x0000443b     0x1bc0 ./Drivers/BSP/STM32H5xx_Nucleo/stm32h5xx_nucleo.o
 .debug_info    0x00005ffb     0x139f ./Drivers/STM32H5xx_HAL_Driver/Src/stm32h5xx_hal.o
 .debug_info    0x0000739a     0x1658 ./Drivers/STM32H5xx_HAL_Driver/Src/stm32h5xx_hal_cortex.o
 .debug_info    0x000089f2      0x7ca ./Drivers/STM32H5xx_HAL_Driver/Src/stm32h5xx_hal_exti.o
 .debug_info    0x000091bc      0x6b6 ./Drivers/STM32H5xx_HAL_Driver/Src/stm32h5xx_hal_gpio.o
 .debug_info    0x00009872     0x14e5 ./Drivers/STM32H5xx_HAL_Driver/Src/stm32h5xx_hal_pcd.o
 .debug_info    0x0000ad57      0x7eb ./Drivers/STM32H5xx_HAL_Driver/Src/stm32h5xx_hal_pcd_ex.o
 .debug_info    0x0000b542      0x928 ./Drivers/STM32H5xx_HAL_Driver/Src/stm32h5xx_hal_pwr_ex.o
 .debug_info    0x0000be6a     0x109f ./Drivers/STM32H5xx_HAL_Driver/Src/stm32h5xx_hal_rcc.o
 .debug_info    0x0000cf09     0x12d7 ./Drivers/STM32H5xx_HAL_Driver/Src/stm32h5xx_hal_rcc_ex.o
 .debug_info    0x0000e1e0     0x4030 ./Drivers/STM32H5xx_HAL_Driver/Src/stm32h5xx_hal_uart.o
 .debug_info    0x00012210     0x1a26 ./Drivers/STM32H5xx_HAL_Driver/Src/stm32h5xx_ll_usb.o
 .debug_info    0x00013c36     0x1274 ./USB/Class/CDC/Src/usbd_cdc.o
 .debug_info    0x00014eaa      0xa81 ./USB/Class/CDC/Src/usbd_cdc_if.o
 .debug_info    0x0001592b     0x1258 ./USB/Core/Src/usbd_conf.o
 .debug_info    0x00016b83      0xe13 ./USB/Core/Src/usbd_core.o
 .debug_info    0x00017996      0xaec ./USB/Core/Src/usbd_ctlreq.o
 .debug_info    0x00018482      0x466 ./USB/Core/Src/usbd_desc.o
 .debug_info    0x000188e8      0x763 ./USB/Core/Src/usbd_ioreq.o

.debug_abbrev   0x00000000     0x3781
 .debug_abbrev  0x00000000      0x319 ./Core/Src/main.o
 .debug_abbrev  0x00000319      0x206 ./Core/Src/stm32h5xx_hal_msp.o
 .debug_abbrev  0x0000051f      0x192 ./Core/Src/stm32h5xx_it.o
 .debug_abbrev  0x000006b1       0xbc ./Core/Src/sysmem.o
 .debug_abbrev  0x0000076d      0x13a ./Core/Src/system_stm32h5xx.o
 .debug_abbrev  0x000008a7       0x24 ./Core/Startup/startup_stm32h563zitx.o
 .debug_abbrev  0x000008cb      0x330 ./Drivers/BSP/STM32H5xx_Nucleo/stm32h5xx_nucleo.o
 .debug_abbrev  0x00000bfb      0x2af ./Drivers/STM32H5xx_HAL_Driver/Src/stm32h5xx_hal.o
 .debug_abbrev  0x00000eaa      0x311 ./Drivers/STM32H5xx_HAL_Driver/Src/stm32h5xx_hal_cortex.o
 .debug_abbrev  0x000011bb      0x198 ./Drivers/STM32H5xx_HAL_Driver/Src/stm32h5xx_hal_exti.o
 .debug_abbrev  0x00001353      0x1db ./Drivers/STM32H5xx_HAL_Driver/Src/stm32h5xx_hal_gpio.o
 .debug_abbrev  0x0000152e      0x302 ./Drivers/STM32H5xx_HAL_Driver/Src/stm32h5xx_hal_pcd.o
 .debug_abbrev  0x00001830      0x1e8 ./Drivers/STM32H5xx_HAL_Driver/Src/stm32h5xx_hal_pcd_ex.o
 .debug_abbrev  0x00001a18      0x299 ./Drivers/STM32H5xx_HAL_Driver/Src/stm32h5xx_hal_pwr_ex.o
 .debug_abbrev  0x00001cb1      0x290 ./Drivers/STM32H5xx_HAL_Driver/Src/stm32h5xx_hal_rcc.o
 .debug_abbrev  0x00001f41      0x269 ./Drivers/STM32H5xx_HAL_Driver/Src/stm32h5xx_hal_rcc_ex.o
 .debug_abbrev  0x000021aa      0x305 ./Drivers/STM32H5xx_HAL_Driver/Src/stm32h5xx_hal_uart.o
 .debug_abbrev  0x000024af      0x237 ./Drivers/STM32H5xx_HAL_Driver/Src/stm32h5xx_ll_usb.o
 .debug_abbrev  0x000026e6      0x2c2 ./USB/Class/CDC/Src/usbd_cdc.o
 .debug_abbrev  0x000029a8      0x294 ./USB/Class/CDC/Src/usbd_cdc_if.o
 .debug_abbrev  0x00002c3c      0x2d7 ./USB/Core/Src/usbd_conf.o
 .debug_abbrev  0x00002f13      0x27c ./USB/Core/Src/usbd_core.o
 .debug_abbrev  0x0000318f      0x26f ./USB/Core/Src/usbd_ctlreq.o
 .debug_abbrev  0x000033fe      0x1e9 ./USB/Core/Src/usbd_desc.o
 .debug_abbrev  0x000035e7      0x19a ./USB/Core/Src/usbd_ioreq.o

.debug_aranges  0x00000000     0x1220
 .debug_aranges
                0x00000000       0x40 ./Core/Src/main.o
 .debug_aranges
                0x00000040       0x30 ./Core/Src/stm32h5xx_hal_msp.o
 .debug_aranges
                0x00000070       0x70 ./Core/Src/stm32h5xx_it.o
 .debug_aranges
                0x000000e0       0x20 ./Core/Src/sysmem.o
 .debug_aranges
                0x00000100       0x28 ./Core/Src/system_stm32h5xx.o
 .debug_aranges
                0x00000128       0x28 ./Core/Startup/startup_stm32h563zitx.o
 .debug_aranges
                0x00000150       0xc8 ./Drivers/BSP/STM32H5xx_Nucleo/stm32h5xx_nucleo.o
 .debug_aranges
                0x00000218      0x200 ./Drivers/STM32H5xx_HAL_Driver/Src/stm32h5xx_hal.o
 .debug_aranges
                0x00000418      0x140 ./Drivers/STM32H5xx_HAL_Driver/Src/stm32h5xx_hal_cortex.o
 .debug_aranges
                0x00000558       0x70 ./Drivers/STM32H5xx_HAL_Driver/Src/stm32h5xx_hal_exti.o
 .debug_aranges
                0x000005c8       0x78 ./Drivers/STM32H5xx_HAL_Driver/Src/stm32h5xx_hal_gpio.o
 .debug_aranges
                0x00000640      0x150 ./Drivers/STM32H5xx_HAL_Driver/Src/stm32h5xx_hal_pcd.o
 .debug_aranges
                0x00000790       0x58 ./Drivers/STM32H5xx_HAL_Driver/Src/stm32h5xx_hal_pcd_ex.o
 .debug_aranges
                0x000007e8      0x148 ./Drivers/STM32H5xx_HAL_Driver/Src/stm32h5xx_hal_pwr_ex.o
 .debug_aranges
                0x00000930       0xa0 ./Drivers/STM32H5xx_HAL_Driver/Src/stm32h5xx_hal_rcc.o
 .debug_aranges
                0x000009d0      0x108 ./Drivers/STM32H5xx_HAL_Driver/Src/stm32h5xx_hal_rcc_ex.o
 .debug_aranges
                0x00000ad8      0x248 ./Drivers/STM32H5xx_HAL_Driver/Src/stm32h5xx_hal_uart.o
 .debug_aranges
                0x00000d20      0x130 ./Drivers/STM32H5xx_HAL_Driver/Src/stm32h5xx_ll_usb.o
 .debug_aranges
                0x00000e50       0x90 ./USB/Class/CDC/Src/usbd_cdc.o
 .debug_aranges
                0x00000ee0       0x48 ./USB/Class/CDC/Src/usbd_cdc_if.o
 .debug_aranges
                0x00000f28       0xe0 ./USB/Core/Src/usbd_conf.o
 .debug_aranges
                0x00001008       0xd8 ./USB/Core/Src/usbd_core.o
 .debug_aranges
                0x000010e0       0x90 ./USB/Core/Src/usbd_ctlreq.o
 .debug_aranges
                0x00001170       0x60 ./USB/Core/Src/usbd_desc.o
 .debug_aranges
                0x000011d0       0x50 ./USB/Core/Src/usbd_ioreq.o

.debug_rnglists
                0x00000000      0xdb6
 .debug_rnglists
                0x00000000       0x2f ./Core/Src/main.o
 .debug_rnglists
                0x0000002f       0x20 ./Core/Src/stm32h5xx_hal_msp.o
 .debug_rnglists
                0x0000004f       0x4f ./Core/Src/stm32h5xx_it.o
 .debug_rnglists
                0x0000009e       0x13 ./Core/Src/sysmem.o
 .debug_rnglists
                0x000000b1       0x1b ./Core/Src/system_stm32h5xx.o
 .debug_rnglists
                0x000000cc       0x19 ./Core/Startup/startup_stm32h563zitx.o
 .debug_rnglists
                0x000000e5       0x94 ./Drivers/BSP/STM32H5xx_Nucleo/stm32h5xx_nucleo.o
 .debug_rnglists
                0x00000179      0x17d ./Drivers/STM32H5xx_HAL_Driver/Src/stm32h5xx_hal.o
 .debug_rnglists
                0x000002f6       0xec ./Drivers/STM32H5xx_HAL_Driver/Src/stm32h5xx_hal_cortex.o
 .debug_rnglists
                0x000003e2       0x53 ./Drivers/STM32H5xx_HAL_Driver/Src/stm32h5xx_hal_exti.o
 .debug_rnglists
                0x00000435       0x57 ./Drivers/STM32H5xx_HAL_Driver/Src/stm32h5xx_hal_gpio.o
 .debug_rnglists
                0x0000048c      0x100 ./Drivers/STM32H5xx_HAL_Driver/Src/stm32h5xx_hal_pcd.o
 .debug_rnglists
                0x0000058c       0x3f ./Drivers/STM32H5xx_HAL_Driver/Src/stm32h5xx_hal_pcd_ex.o
 .debug_rnglists
                0x000005cb       0xf3 ./Drivers/STM32H5xx_HAL_Driver/Src/stm32h5xx_hal_pwr_ex.o
 .debug_rnglists
                0x000006be       0x79 ./Drivers/STM32H5xx_HAL_Driver/Src/stm32h5xx_hal_rcc.o
 .debug_rnglists
                0x00000737       0xcf ./Drivers/STM32H5xx_HAL_Driver/Src/stm32h5xx_hal_rcc_ex.o
 .debug_rnglists
                0x00000806      0x1fb ./Drivers/STM32H5xx_HAL_Driver/Src/stm32h5xx_hal_uart.o
 .debug_rnglists
                0x00000a01       0xeb ./Drivers/STM32H5xx_HAL_Driver/Src/stm32h5xx_ll_usb.o
 .debug_rnglists
                0x00000aec       0x6c ./USB/Class/CDC/Src/usbd_cdc.o
 .debug_rnglists
                0x00000b58       0x32 ./USB/Class/CDC/Src/usbd_cdc_if.o
 .debug_rnglists
                0x00000b8a       0xa3 ./USB/Core/Src/usbd_conf.o
 .debug_rnglists
                0x00000c2d       0xa1 ./USB/Core/Src/usbd_core.o
 .debug_rnglists
                0x00000cce       0x6e ./USB/Core/Src/usbd_ctlreq.o
 .debug_rnglists
                0x00000d3c       0x43 ./USB/Core/Src/usbd_desc.o
 .debug_rnglists
                0x00000d7f       0x37 ./USB/Core/Src/usbd_ioreq.o

.debug_macro    0x00000000    0x3369b
 .debug_macro   0x00000000      0x3a7 ./Core/Src/main.o
 .debug_macro   0x000003a7      0xac0 ./Core/Src/main.o
 .debug_macro   0x00000e67      0x1ca ./Core/Src/main.o
 .debug_macro   0x00001031       0x22 ./Core/Src/main.o
 .debug_macro   0x00001053       0x5b ./Core/Src/main.o
 .debug_macro   0x000010ae       0x2a ./Core/Src/main.o
 .debug_macro   0x000010d8       0x94 ./Core/Src/main.o
 .debug_macro   0x0000116c       0x43 ./Core/Src/main.o
 .debug_macro   0x000011af       0x34 ./Core/Src/main.o
 .debug_macro   0x000011e3      0x189 ./Core/Src/main.o
 .debug_macro   0x0000136c       0x16 ./Core/Src/main.o
 .debug_macro   0x00001382       0x43 ./Core/Src/main.o
 .debug_macro   0x000013c5       0x57 ./Core/Src/main.o
 .debug_macro   0x0000141c       0x34 ./Core/Src/main.o
 .debug_macro   0x00001450       0x10 ./Core/Src/main.o
 .debug_macro   0x00001460       0x58 ./Core/Src/main.o
 .debug_macro   0x000014b8       0x8e ./Core/Src/main.o
 .debug_macro   0x00001546       0x1c ./Core/Src/main.o
 .debug_macro   0x00001562      0x177 ./Core/Src/main.o
 .debug_macro   0x000016d9      0x369 ./Core/Src/main.o
 .debug_macro   0x00001a42      0x19b ./Core/Src/main.o
 .debug_macro   0x00001bdd       0x28 ./Core/Src/main.o
 .debug_macro   0x00001c05       0x49 ./Core/Src/main.o
 .debug_macro   0x00001c4e      0x103 ./Core/Src/main.o
 .debug_macro   0x00001d51       0x6a ./Core/Src/main.o
 .debug_macro   0x00001dbb      0x1df ./Core/Src/main.o
 .debug_macro   0x00001f9a       0x1c ./Core/Src/main.o
 .debug_macro   0x00001fb6       0x29 ./Core/Src/main.o
 .debug_macro   0x00001fdf       0xfb ./Core/Src/main.o
 .debug_macro   0x000020da     0x1685 ./Core/Src/main.o
 .debug_macro   0x0000375f       0x5e ./Core/Src/main.o
 .debug_macro   0x000037bd    0x211d5 ./Core/Src/main.o
 .debug_macro   0x00024992       0x6d ./Core/Src/main.o
 .debug_macro   0x000249ff     0x388a ./Core/Src/main.o
 .debug_macro   0x00028289       0x63 ./Core/Src/main.o
 .debug_macro   0x000282ec     0x1f0d ./Core/Src/main.o
 .debug_macro   0x0002a1f9      0xe96 ./Core/Src/main.o
 .debug_macro   0x0002b08f      0x166 ./Core/Src/main.o
 .debug_macro   0x0002b1f5      0x307 ./Core/Src/main.o
 .debug_macro   0x0002b4fc      0x917 ./Core/Src/main.o
 .debug_macro   0x0002be13      0x478 ./Core/Src/main.o
 .debug_macro   0x0002c28b       0xd6 ./Core/Src/main.o
 .debug_macro   0x0002c361      0x1cd ./Core/Src/main.o
 .debug_macro   0x0002c52e      0x55b ./Core/Src/main.o
 .debug_macro   0x0002ca89      0x638 ./Core/Src/main.o
 .debug_macro   0x0002d0c1       0x7b ./Core/Src/main.o
 .debug_macro   0x0002d13c      0x313 ./Core/Src/main.o
 .debug_macro   0x0002d44f      0x1bb ./Core/Src/main.o
 .debug_macro   0x0002d60a      0x693 ./Core/Src/main.o
 .debug_macro   0x0002dc9d       0xa6 ./Core/Src/main.o
 .debug_macro   0x0002dd43      0x23f ./Core/Src/main.o
 .debug_macro   0x0002df82      0x169 ./Core/Src/main.o
 .debug_macro   0x0002e0eb      0x2a7 ./Core/Src/main.o
 .debug_macro   0x0002e392      0x47e ./Core/Src/main.o
 .debug_macro   0x0002e810       0x22 ./Core/Src/main.o
 .debug_macro   0x0002e832       0x52 ./Core/Src/main.o
 .debug_macro   0x0002e884       0x1c ./Core/Src/main.o
 .debug_macro   0x0002e8a0       0x35 ./Core/Src/main.o
 .debug_macro   0x0002e8d5       0x10 ./Core/Src/main.o
 .debug_macro   0x0002e8e5       0x1c ./Core/Src/main.o
 .debug_macro   0x0002e901       0x16 ./Core/Src/main.o
 .debug_macro   0x0002e917      0x146 ./Core/Src/main.o
 .debug_macro   0x0002ea5d      0x130 ./Core/Src/main.o
 .debug_macro   0x0002eb8d      0x154 ./Core/Src/main.o
 .debug_macro   0x0002ece1       0x16 ./Core/Src/main.o
 .debug_macro   0x0002ecf7       0x16 ./Core/Src/main.o
 .debug_macro   0x0002ed0d       0x29 ./Core/Src/main.o
 .debug_macro   0x0002ed36       0x16 ./Core/Src/main.o
 .debug_macro   0x0002ed4c       0x20 ./Core/Src/main.o
 .debug_macro   0x0002ed6c      0x107 ./Core/Src/main.o
 .debug_macro   0x0002ee73      0x20f ./Core/Src/main.o
 .debug_macro   0x0002f082       0x95 ./Core/Src/main.o
 .debug_macro   0x0002f117       0x10 ./Core/Src/main.o
 .debug_macro   0x0002f127      0x2e1 ./Core/Src/stm32h5xx_hal_msp.o
 .debug_macro   0x0002f408      0x2eb ./Core/Src/stm32h5xx_it.o
 .debug_macro   0x0002f6f3       0xff ./Core/Src/sysmem.o
 .debug_macro   0x0002f7f2      0x23c ./Core/Src/sysmem.o
 .debug_macro   0x0002fa2e      0x284 ./Core/Src/system_stm32h5xx.o