Archive member included to satisfy reference by file (symbol)

C:/ST/STM32CubeIDE_1.11.2/STM32CubeIDE/plugins/com.st.stm32cube.ide.mcu.externaltools.gnu-tools-for-stm32.12.3.rel1.win32_1.1.0.202410251130/tools/bin/../lib/gcc/arm-none-eabi/12.3.1/../../../../arm-none-eabi/lib/thumb/v8-m.main+fp/hard\libc_nano.a(libc_a-exit.o)
                              C:/ST/STM32CubeIDE_1.11.2/STM32CubeIDE/plugins/com.st.stm32cube.ide.mcu.externaltools.gnu-tools-for-stm32.12.3.rel1.win32_1.1.0.202410251130/tools/bin/../lib/gcc/arm-none-eabi/12.3.1/../../../../arm-none-eabi/lib/thumb/v8-m.main+fp/hard/crt0.o (exit)
C:/ST/STM32CubeIDE_1.11.2/STM32CubeIDE/plugins/com.st.stm32cube.ide.mcu.externaltools.gnu-tools-for-stm32.12.3.rel1.win32_1.1.0.202410251130/tools/bin/../lib/gcc/arm-none-eabi/12.3.1/../../../../arm-none-eabi/lib/thumb/v8-m.main+fp/hard\libc_nano.a(libc_a-findfp.o)
                              C:/ST/STM32CubeIDE_1.11.2/STM32CubeIDE/plugins/com.st.stm32cube.ide.mcu.externaltools.gnu-tools-for-stm32.12.3.rel1.win32_1.1.0.202410251130/tools/bin/../lib/gcc/arm-none-eabi/12.3.1/../../../../arm-none-eabi/lib/thumb/v8-m.main+fp/hard\libc_nano.a(libc_a-exit.o) (__stdio_exit_handler)
C:/ST/STM32CubeIDE_1.11.2/STM32CubeIDE/plugins/com.st.stm32cube.ide.mcu.externaltools.gnu-tools-for-stm32.12.3.rel1.win32_1.1.0.202410251130/tools/bin/../lib/gcc/arm-none-eabi/12.3.1/../../../../arm-none-eabi/lib/thumb/v8-m.main+fp/hard\libc_nano.a(libc_a-fwalk.o)
                              C:/ST/STM32CubeIDE_1.11.2/STM32CubeIDE/plugins/com.st.stm32cube.ide.mcu.externaltools.gnu-tools-for-stm32.12.3.rel1.win32_1.1.0.202410251130/tools/bin/../lib/gcc/arm-none-eabi/12.3.1/../../../../arm-none-eabi/lib/thumb/v8-m.main+fp/hard\libc_nano.a(libc_a-findfp.o) (_fwalk_sglue)
C:/ST/STM32CubeIDE_1.11.2/STM32CubeIDE/plugins/com.st.stm32cube.ide.mcu.externaltools.gnu-tools-for-stm32.12.3.rel1.win32_1.1.0.202410251130/tools/bin/../lib/gcc/arm-none-eabi/12.3.1/../../../../arm-none-eabi/lib/thumb/v8-m.main+fp/hard\libc_nano.a(libc_a-snprintf.o)
                              ./Application/Utils/Logger/Src/Logger.o (snprintf)
C:/ST/STM32CubeIDE_1.11.2/STM32CubeIDE/plugins/com.st.stm32cube.ide.mcu.externaltools.gnu-tools-for-stm32.12.3.rel1.win32_1.1.0.202410251130/tools/bin/../lib/gcc/arm-none-eabi/12.3.1/../../../../arm-none-eabi/lib/thumb/v8-m.main+fp/hard\libc_nano.a(libc_a-stdio.o)
                              C:/ST/STM32CubeIDE_1.11.2/STM32CubeIDE/plugins/com.st.stm32cube.ide.mcu.externaltools.gnu-tools-for-stm32.12.3.rel1.win32_1.1.0.202410251130/tools/bin/../lib/gcc/arm-none-eabi/12.3.1/../../../../arm-none-eabi/lib/thumb/v8-m.main+fp/hard\libc_nano.a(libc_a-findfp.o) (__sread)
C:/ST/STM32CubeIDE_1.11.2/STM32CubeIDE/plugins/com.st.stm32cube.ide.mcu.externaltools.gnu-tools-for-stm32.12.3.rel1.win32_1.1.0.202410251130/tools/bin/../lib/gcc/arm-none-eabi/12.3.1/../../../../arm-none-eabi/lib/thumb/v8-m.main+fp/hard\libc_nano.a(libc_a-vsnprintf.o)
                              ./Application/Utils/Logger/Src/Logger.o (vsnprintf)
C:/ST/STM32CubeIDE_1.11.2/STM32CubeIDE/plugins/com.st.stm32cube.ide.mcu.externaltools.gnu-tools-for-stm32.12.3.rel1.win32_1.1.0.202410251130/tools/bin/../lib/gcc/arm-none-eabi/12.3.1/../../../../arm-none-eabi/lib/thumb/v8-m.main+fp/hard\libc_nano.a(libc_a-memset.o)
                              C:/ST/STM32CubeIDE_1.11.2/STM32CubeIDE/plugins/com.st.stm32cube.ide.mcu.externaltools.gnu-tools-for-stm32.12.3.rel1.win32_1.1.0.202410251130/tools/bin/../lib/gcc/arm-none-eabi/12.3.1/../../../../arm-none-eabi/lib/thumb/v8-m.main+fp/hard/crt0.o (memset)
C:/ST/STM32CubeIDE_1.11.2/STM32CubeIDE/plugins/com.st.stm32cube.ide.mcu.externaltools.gnu-tools-for-stm32.12.3.rel1.win32_1.1.0.202410251130/tools/bin/../lib/gcc/arm-none-eabi/12.3.1/../../../../arm-none-eabi/lib/thumb/v8-m.main+fp/hard\libc_nano.a(libc_a-closer.o)
                              C:/ST/STM32CubeIDE_1.11.2/STM32CubeIDE/plugins/com.st.stm32cube.ide.mcu.externaltools.gnu-tools-for-stm32.12.3.rel1.win32_1.1.0.202410251130/tools/bin/../lib/gcc/arm-none-eabi/12.3.1/../../../../arm-none-eabi/lib/thumb/v8-m.main+fp/hard\libc_nano.a(libc_a-stdio.o) (_close_r)
C:/ST/STM32CubeIDE_1.11.2/STM32CubeIDE/plugins/com.st.stm32cube.ide.mcu.externaltools.gnu-tools-for-stm32.12.3.rel1.win32_1.1.0.202410251130/tools/bin/../lib/gcc/arm-none-eabi/12.3.1/../../../../arm-none-eabi/lib/thumb/v8-m.main+fp/hard\libc_nano.a(libc_a-reent.o)
                              C:/ST/STM32CubeIDE_1.11.2/STM32CubeIDE/plugins/com.st.stm32cube.ide.mcu.externaltools.gnu-tools-for-stm32.12.3.rel1.win32_1.1.0.202410251130/tools/bin/../lib/gcc/arm-none-eabi/12.3.1/../../../../arm-none-eabi/lib/thumb/v8-m.main+fp/hard\libc_nano.a(libc_a-closer.o) (errno)
C:/ST/STM32CubeIDE_1.11.2/STM32CubeIDE/plugins/com.st.stm32cube.ide.mcu.externaltools.gnu-tools-for-stm32.12.3.rel1.win32_1.1.0.202410251130/tools/bin/../lib/gcc/arm-none-eabi/12.3.1/../../../../arm-none-eabi/lib/thumb/v8-m.main+fp/hard\libc_nano.a(libc_a-impure.o)
[...]
Memory Configuration

Name             Origin             Length             Attributes
RAM              0x20000000         0x000a0000         xrw
FLASH            0x08000000         0x00200000         xr
*default*        0x00000000         0xffffffff

Linker script and memory map

LOAD C:/ST/STM32CubeIDE_1.11.2/STM32CubeIDE/plugins/com.st.stm32cube.ide.mcu.externaltools.gnu-tools-for-stm32.12.3.rel1.win32_1.1.0.202410251130/tools/bin/../lib/gcc/arm-none-eabi/12.3.1/thumb/v8-m.main+fp/hard/crti.o
LOAD C:/ST/STM32CubeIDE_1.11.2/STM32CubeIDE/plugins/com.st.stm32cube.ide.mcu.externaltools.gnu-tools-for-stm32.12.3.rel1.win32_1.1.0.202410251130/tools/bin/../lib/gcc/arm-none-eabi/12.3.1/thumb/v8-m.main+fp/hard/crtbegin.o
LOAD C:/ST/STM32CubeIDE_1.11.2/STM32CubeIDE/plugins/com.st.stm32cube.ide.mcu.externaltools.gnu-tools-for-stm32.12.3.rel1.win32_1.1.0.202410251130/tools/bin/../lib/gcc/arm-none-eabi/12.3.1/../../../../arm-none-eabi/lib/thumb/v8-m.main+fp/hard/crt0.o
LOAD ./Application/Core/HSMManager/Src/HSMManager.o
LOAD ./Application/Core/OperationDispatcher/Src/OperationDispatcher.o
LOAD ./Application/Handlers/Decryption/Src/DecryptHandler.o
LOAD ./Application/Handlers/Encryption/Src/EncryptHandler.o
LOAD ./Application/Handlers/Hashing/Src/HashHandler.o
LOAD ./Application/Handlers/Keys/Src/KeyHandler.o
LOAD ./Application/Handlers/Random/Src/RandomHandler.o
LOAD ./Application/Library/EEPROM/Src/AT24C256.o
LOAD ./Application/Library/FLASH/Src/W25Q64.o
LOAD ./Application/Protocol/PacketBuilder/Src/PacketBuilder.o
LOAD ./Application/Protocol/PacketParser/Src/PacketParser.o
LOAD ./Application/Utils/Logger/Src/Logger.o
LOAD ./Application/Utils/Timekeeper/Src/Timekeeper.o
LOAD ./Core/Src/main.o
LOAD ./Core/Src/stm32h5xx_hal_msp.o
LOAD ./Core/Src/stm32h5xx_it.o
LOAD ./Core/Src/syscalls.o
LOAD ./Core/Src/sysmem.o
LOAD ./Core/Src/system_stm32h5xx.o
LOAD ./Core/Startup/startup_stm32h563zitx.o
LOAD ./Drivers/BSP/STM32H5xx_Nucleo/stm32h5xx_nucleo.o
LOAD ./Drivers/STM32H5xx_HAL_Driver/Src/stm32h5xx_hal.o
LOAD ./Drivers/STM32H5xx_HAL_Driver/Src/stm32h5xx_hal_cortex.o
LOAD ./Drivers/STM32H5xx_HAL_Driver/Src/stm32h5xx_hal_dma.o
LOAD ./Drivers/STM32H5xx_HAL_Driver/Src/stm32h5xx_hal_dma_ex.o
LOAD ./Drivers/STM32H5xx_HAL_Driver/Src/stm32h5xx_hal_exti.o
LOAD ./Drivers/STM32H5xx_HAL_Driver/Src/stm32h5xx_hal_flash.o
LOAD ./Drivers/STM32H5xx_HAL_Driver/Src/stm32h5xx_hal_flash_ex.o
LOAD ./Drivers/STM32H5xx_HAL_Driver/Src/stm32h5xx_hal_gpio.o
LOAD ./Drivers/STM32H5xx_HAL_Driver/Src/stm32h5xx_hal_hash.o
LOAD ./Drivers/STM32H5xx_HAL_Driver/Src/stm32h5xx_hal_i2c.o
LOAD ./Drivers/STM32H5xx_HAL_Driver/Src/stm32h5xx_hal_i2c_ex.o
LOAD ./Drivers/STM32H5xx_HAL_Driver/Src/stm32h5xx_hal_pcd.o
LOAD ./Drivers/STM32H5xx_HAL_Driver/Src/stm32h5xx_hal_pcd_ex.o
LOAD ./Drivers/STM32H5xx_HAL_Driver/Src/stm32h5xx_hal_pwr.o
LOAD ./Drivers/STM32H5xx_HAL_Driver/Src/stm32h5xx_hal_pwr_ex.o
LOAD ./Drivers/STM32H5xx_HAL_Driver/Src/stm32h5xx_hal_rcc.o
LOAD ./Drivers/STM32H5xx_HAL_Driver/Src/stm32h5xx_hal_rcc_ex.o
LOAD ./Drivers/STM32H5xx_HAL_Driver/Src/stm32h5xx_hal_rng.o
LOAD ./Drivers/STM32H5xx_HAL_Driver/Src/stm32h5xx_hal_rng_ex.o
LOAD ./Drivers/STM32H5xx_HAL_Driver/Src/stm32h5xx_hal_rtc.o
LOAD ./Drivers/STM32H5xx_HAL_Driver/Src/stm32h5xx_hal_rtc_ex.o
LOAD ./Drivers/STM32H5xx_HAL_Driver/Src/stm32h5xx_hal_spi.o
LOAD ./Drivers/STM32H5xx_HAL_Driver/Src/stm32h5xx_hal_spi_ex.o
LOAD ./Drivers/STM32H5xx_HAL_Driver/Src/stm32h5xx_hal_uart.o
LOAD ./Drivers/STM32H5xx_HAL_Driver/Src/stm32h5xx_hal_uart_ex.o
LOAD ./Drivers/STM32H5xx_HAL_Driver/Src/stm32h5xx_hal_usart.o
LOAD ./Drivers/STM32H5xx_HAL_Driver/Src/stm32h5xx_hal_usart_ex.o
LOAD ./Drivers/STM32H5xx_HAL_Driver/Src/stm32h5xx_ll_rng.o
LOAD ./Drivers/STM32H5xx_HAL_Driver/Src/stm32h5xx_ll_usb.o
LOAD ./USB/Class/CDC/Src/usbd_cdc.o
LOAD ./USB/Class/CDC/Src/usbd_cdc_if.o
LOAD ./USB/Core/Src/usbd_conf.o
LOAD ./USB/Core/Src/usbd_core.o
LOAD ./USB/Core/Src/usbd_ctlreq.o
LOAD ./USB/Core/Src/usbd_desc.o
LOAD ./USB/Core/Src/usbd_ioreq.o
START GROUP
LOAD C:/ST/STM32CubeIDE_1.11.2/STM32CubeIDE/plugins/com.st.stm32cube.ide.mcu.externaltools.gnu-tools-for-stm32.12.3.rel1.win32_1.1.0.202410251130/tools/bin/../lib/gcc/arm-none-eabi/12.3.1/../../../../arm-none-eabi/lib/thumb/v8-m.main+fp/hard\libc_nano.a
LOAD C:/ST/STM32CubeIDE_1.11.2/STM32CubeIDE/plugins/com.st.stm32cube.ide.mcu.externaltools.gnu-tools-for-stm32.12.3.rel1.win32_1.1.0.202410251130/tools/bin/../lib/gcc/arm-none-eabi/12.3.1/../../../../arm-none-eabi/lib/thumb/v8-m.main+fp/hard\libm.a
END GROUP
START GROUP
LOAD C:/ST/STM32CubeIDE_1.11.2/STM32CubeIDE/plugins/com.st.stm32cube.ide.mcu.externaltools.gnu-tools-for-stm32.12.3.rel1.win32_1.1.0.202410251130/tools/bin/../lib/gcc/arm-none-eabi/12.3.1/thumb/v8-m.main+fp/hard\libgcc.a
LOAD C:/ST/STM32CubeIDE_1.11.2/STM32CubeIDE/plugins/com.st.stm32cube.ide.mcu.externaltools.gnu-tools-for-stm32.12.3.rel1.win32_1.1.0.202410251130/tools/bin/../lib/gcc/arm-none-eabi/12.3.1/../../../../arm-none-eabi/lib/thumb/v8-m.main+fp/hard\libc_nano.a
END GROUP
START GROUP
LOAD C:/ST/STM32CubeIDE_1.11.2/STM32CubeIDE/plugins/com.st.stm32cube.ide.mcu.externaltools.gnu-tools-for-stm32.12.3.rel1.win32_1.1.0.202410251130/tools/bin/../lib/gcc/arm-none-eabi/12.3.1/thumb/v8-m.main+fp/hard\libgcc.a
LOAD C:/ST/STM32CubeIDE_1.11.2/STM32CubeIDE/plugins/com.st.stm32cube.ide.mcu.externaltools.gnu-tools-for-stm32.12.3.rel1.win32_1.1.0.202410251130/tools/bin/../lib/gcc/arm-none-eabi/12.3.1/../../../../arm-none-eabi/lib/thumb/v8-m.main+fp/hard\libc_nano.a
LOAD C:/ST/STM32CubeIDE_1.11.2/STM32CubeIDE/plugins/com.st.stm32cube.ide.mcu.externaltools.gnu-tools-for-stm32.12.3.rel1.win32_1.1.0.202410251130/tools/bin/../lib/gcc/arm-none-eabi/12.3.1/../../../../arm-none-eabi/lib/thumb/v8-m.main+fp/hard\libnosys.a
END GROUP
START GROUP
LOAD C:/ST/STM32CubeIDE_1.11.2/STM32CubeIDE/plugins/com.st.stm32cube.ide.mcu.externaltools.gnu-tools-for-stm32.12.3.rel1.win32_1.1.0.202410251130/tools/bin/../lib/gcc/arm-none-eabi/12.3.1/thumb/v8-m.main+fp/hard\libgcc.a
LOAD C:/ST/STM32CubeIDE_1.11.2/STM32CubeIDE/plugins/com.st.stm32cube.ide.mcu.externaltools.gnu-tools-for-stm32.12.3.rel1.win32_1.1.0.202410251130/tools/bin/../lib/gcc/arm-none-eabi/12.3.1/../../../../arm-none-eabi/lib/thumb/v8-m.main+fp/hard\libc_nano.a
LOAD C:/ST/STM32CubeIDE_1.11.2/STM32CubeIDE/plugins/com.st.stm32cube.ide.mcu.externaltools.gnu-tools-for-stm32.12.3.rel1.win32_1.1.0.202410251130/tools/bin/../lib/gcc/arm-none-eabi/12.3.1/../../../../arm-none-eabi/lib/thumb/v8-m.main+fp/hard\libnosys.a
END GROUP
LOAD C:/ST/STM32CubeIDE_1.11.2/STM32CubeIDE/plugins/com.st.stm32cube.ide.mcu.externaltools.gnu-tools-for-stm32.12.3.rel1.win32_1.1.0.202410251130/tools/bin/../lib/gcc/arm-none-eabi/12.3.1/thumb/v8-m.main+fp/hard/crtend.o
LOAD C:/ST/STM32CubeIDE_1.11.2/STM32CubeIDE/plugins/com.st.stm32cube.ide.mcu.externaltools.gnu-tools-for-stm32.12.3.rel1.win32_1.1.0.202410251130/tools/bin/../lib/gcc/arm-none-eabi/12.3.1/thumb/v8-m.main+fp/hard/crtn.o
                0x200a0000                        _estack = (ORIGIN (RAM) + LENGTH (RAM))
                0x00000300                        _Min_Heap_Size = 0x300
                0x00000500                        _Min_Stack_Size = 0x500

.isr_vector     0x08000000      0x24c
                0x08000000                        . = ALIGN (0x4)
 *(.isr_vector)
 .isr_vector    0x08000000      0x24c ./Core/Startup/startup_stm32h563zitx.o
                0x08000000                g_pfnVectors
                0x0800024c                        . = ALIGN (0x4)

.text           0x0800024c     0xfa24
                0x0800024c                        . = ALIGN (0x4)
 *(.text)
 .text          0x0800024c       0x40 C:/ST/STM32CubeIDE_1.11.2/STM32CubeIDE/plugins/com.st.stm32cube.ide.mcu.externaltools.gnu-tools-for-stm32.12.3.rel1.win32_1.1.0.202410251130/tools/bin/../lib/gcc/arm-none-eabi/12.3.1/thumb/v8-m.main+fp/hard/crtbegin.o
 .text          0x0800028c       0x10 C:/ST/STM32CubeIDE_1.11.2/STM32CubeIDE/plugins/com.st.stm32cube.ide.mcu.externaltools.gnu-tools-for-stm32.12.3.rel1.win32_1.1.0.202410251130/tools/bin/../lib/gcc/arm-none-eabi/12.3.1/../../../../arm-none-eabi/lib/thumb/v8-m.main+fp/hard\libc_nano.a(libc_a-strlen.o)
                0x0800028c                strlen
 .text          0x0800029c       0x30 C:/ST/STM32CubeIDE_1.11.2/STM32CubeIDE/plugins/com.st.stm32cube.ide.mcu.externaltools.gnu-tools-for-stm32.12.3.rel1.win32_1.1.0.202410251130/tools/bin/../lib/gcc/arm-none-eabi/12.3.1/thumb/v8-m.main+fp/hard\libgcc.a(_aeabi_uldivmod.o)
                0x0800029c                __aeabi_uldivmod
 .text          0x080002cc      0x2e4 C:/ST/STM32CubeIDE_1.11.2/STM32CubeIDE/plugins/com.st.stm32cube.ide.mcu.externaltools.gnu-tools-for-stm32.12.3.rel1.win32_1.1.0.202410251130/tools/bin/../lib/gcc/arm-none-eabi/12.3.1/thumb/v8-m.main+fp/hard\libgcc.a(_udivmoddi4.o)
                0x080002cc                __udivmoddi4
 .text          0x080005b0        0x4 C:/ST/STM32CubeIDE_1.11.2/STM32CubeIDE/plugins/com.st.stm32cube.ide.mcu.externaltools.gnu-tools-for-stm32.12.3.rel1.win32_1.1.0.202410251130/tools/bin/../lib/gcc/arm-none-eabi/12.3.1/thumb/v8-m.main+fp/hard\libgcc.a(_dvmd_tls.o)
                0x080005b0                __aeabi_idiv0
                0x080005b0                __aeabi_ldiv0
 *(.text*)
 .text.send_large_buffer
                0x080005b4       0xa0 ./Core/Src/main.o
                0x080005b4                send_large_buffer
 .text.main     0x08000654      0x184 ./Core/Src/main.o
                0x08000654                main
 .text.SystemClock_Config
                0x080007d8       0xec ./Core/Src/main.o
                0x080007d8                SystemClock_Config
 .text.MX_HASH_Init
                0x080008c4       0x34 ./Core/Src/main.o
 .text.MX_I2C1_Init
                0x080008f8       0x80 ./Core/Src/main.o
 .text.MX_RNG_Init
                0x08000978       0x2c ./Core/Src/main.o
 .text.MX_RTC_Init
                0x080009a4      0x104 ./Core/Src/main.o
 .text.MX_SPI1_Init
                0x08000aa8       0xac ./Core/Src/main.o
 .text.MX_USART2_UART_Init
                0x08000b54       0x98 ./Core/Src/main.o
 .text.MX_USART6_UART_Init
                0x08000bec       0x98 ./Core/Src/main.o
 .text.MX_USB_PCD_Init
                0x08000c84       0xc4 ./Core/Src/main.o
 .text.MX_GPIO_Init
                0x08000d48      0x1f8 ./Core/Src/main.o
 .text.Error_Handler
                0x08000f40        0xc ./Core/Src/main.o
                0x08000f40                Error_Handler
 .text.HAL_MspInit
                0x08000f4c        0xe ./Core/Src/stm32h5xx_hal_msp.o
                0x08000f4c                HAL_MspInit
 *fill*         0x08000f5a        0x2 
 .text.HAL_HASH_MspInit
                0x08000f5c       0x38 ./Core/Src/stm32h5xx_hal_msp.o
                0x08000f5c                HAL_HASH_MspInit
 .text.HAL_I2C_MspInit
                0x08000f94      0x11c ./Core/Src/stm32h5xx_hal_msp.o
                0x08000f94                HAL_I2C_MspInit
 .text.HAL_RNG_MspInit
                0x080010b0       0xb0 ./Core/Src/stm32h5xx_hal_msp.o
                0x080010b0                HAL_RNG_MspInit
 .text.HAL_RTC_MspInit
                0x08001160       0xc0 ./Core/Src/stm32h5xx_hal_msp.o
                0x08001160                HAL_RTC_MspInit
 .text.HAL_SPI_MspInit
                0x08001220      0x178 ./Core/Src/stm32h5xx_hal_msp.o
                0x08001220                HAL_SPI_MspInit
 .text.HAL_UART_MspInit
                0x08001398      0x24c ./Core/Src/stm32h5xx_hal_msp.o
                0x08001398                HAL_UART_MspInit
 .text.HAL_PCD_MspInit
                0x080015e4       0xc4 ./Core/Src/stm32h5xx_hal_msp.o
                0x080015e4                HAL_PCD_MspInit
 .text.NMI_Handler
                0x080016a8        0x8 ./Core/Src/stm32h5xx_it.o
                0x080016a8                NMI_Handler
 .text.HardFault_Handler
                0x080016b0        0x8 ./Core/Src/stm32h5xx_it.o
                0x080016b0                HardFault_Handler
 .text.MemManage_Handler
                0x080016b8        0x8 ./Core/Src/stm32h5xx_it.o
                0x080016b8                MemManage_Handler
 .text.BusFault_Handler
                0x080016c0        0x8 ./Core/Src/stm32h5xx_it.o
                0x080016c0                BusFault_Handler
 .text.UsageFault_Handler
                0x080016c8        0x8 ./Core/Src/stm32h5xx_it.o
                0x080016c8                UsageFault_Handler
 .text.SVC_Handler
                0x080016d0        0xe ./Core/Src/stm32h5xx_it.o
                0x080016d0                SVC_Handler
 .text.DebugMon_Handler
                0x080016de        0xe ./Core/Src/stm32h5xx_it.o
                0x080016de                DebugMon_Handler
 .text.PendSV_Handler
                0x080016ec        0xe ./Core/Src/stm32h5xx_it.o
                0x080016ec                PendSV_Handler
 .text.SysTick_Handler
                0x080016fa        0xc ./Core/Src/stm32h5xx_it.o
                0x080016fa                SysTick_Handler
 .text.EXTI13_IRQHandler
                0x08001706        0xe ./Core/Src/stm32h5xx_it.o
                0x08001706                EXTI13_IRQHandler
 .text.USB_DRD_FS_IRQHandler
                0x08001714       0x14 ./Core/Src/stm32h5xx_it.o
                0x08001714                USB_DRD_FS_IRQHandler
 .text.SystemInit
                0x08001728       0xf8 ./Core/Src/system_stm32h5xx.o
                0x08001728                SystemInit
 .text.Reset_Handler
                0x08001820       0x50 ./Core/Startup/startup_stm32h563zitx.o
                0x08001820                Reset_Handler
 .text.Default_Handler
                0x08001870        0x2 ./Core/Startup/startup_stm32h563zitx.o
                0x08001870                EXTI2_IRQHandler
                0x08001870                TIM8_TRG_COM_IRQHandler
                0x08001870                TIM8_CC_IRQHandler
                0x08001870                EXTI5_IRQHandler
                0x08001870                I3C1_ER_IRQHandler
                0x08001870                UART8_IRQHandler
                0x08001870                SPI4_IRQHandler
                0x08001870                GPDMA2_Channel1_IRQHandler
                0x08001870                FLASH_S_IRQHandler
                0x08001870                TIM1_CC_IRQHandler
                0x08001870                GPDMA2_Channel3_IRQHandler
                0x08001870                TAMP_IRQHandler
                0x08001870                TIM6_IRQHandler
                0x08001870                EXTI12_IRQHandler
                0x08001870                CORDIC_IRQHandler
                0x08001870                EXTI3_IRQHandler
                0x08001870                LPTIM4_IRQHandler
                0x08001870                GPDMA1_Channel5_IRQHandler
                0x08001870                EXTI8_IRQHandler
                0x08001870                GPDMA2_Channel5_IRQHandler
                0x08001870                LPTIM2_IRQHandler
                0x08001870                I2C3_ER_IRQHandler
                0x08001870                GPDMA2_Channel2_IRQHandler
                0x08001870                USART10_IRQHandler
                0x08001870                LPTIM3_IRQHandler
                0x08001870                EXTI0_IRQHandler
                0x08001870                I2C2_EV_IRQHandler
                0x08001870                FPU_IRQHandler
                0x08001870                GPDMA1_Channel3_IRQHandler
                0x08001870                GPDMA1_Channel7_IRQHandler
                0x08001870                FDCAN1_IT1_IRQHandler
                0x08001870                RAMCFG_IRQHandler
                0x08001870                DCACHE1_IRQHandler
                0x08001870                SPI1_IRQHandler
                0x08001870                OCTOSPI1_IRQHandler
                0x08001870                GPDMA1_Channel2_IRQHandler
                0x08001870                TIM8_UP_IRQHandler
                0x08001870                RCC_S_IRQHandler
                0x08001870                SAI2_IRQHandler
                0x08001870                ADC1_IRQHandler
                0x08001870                USART6_IRQHandler
                0x08001870                EXTI15_IRQHandler
                0x08001870                TIM17_IRQHandler
                0x08001870                USART3_IRQHandler
                0x08001870                RTC_IRQHandler
                0x08001870                EXTI9_IRQHandler
                0x08001870                LPTIM5_IRQHandler
                0x08001870                UART5_IRQHandler
                0x08001870                TIM4_IRQHandler
                0x08001870                I2C1_EV_IRQHandler
                0x08001870                GPDMA1_Channel1_IRQHandler
                0x08001870                TIM16_IRQHandler
                0x08001870                UART4_IRQHandler
                0x08001870                SecureFault_Handler
                0x08001870                TIM3_IRQHandler
                0x08001870                RCC_IRQHandler
                0x08001870                UART9_IRQHandler
                0x08001870                TIM1_TRG_COM_IRQHandler
                0x08001870                Default_Handler
                0x08001870                FMAC_IRQHandler
                0x08001870                CEC_IRQHandler
                0x08001870                USART11_IRQHandler
                0x08001870                TIM14_IRQHandler
                0x08001870                TIM13_IRQHandler
                0x08001870                GPDMA2_Channel4_IRQHandler
                0x08001870                SPI5_IRQHandler
                0x08001870                TIM12_IRQHandler
                0x08001870                TIM7_IRQHandler
                0x08001870                SDMMC1_IRQHandler
                0x08001870                TIM5_IRQHandler
                0x08001870                UCPD1_IRQHandler
                0x08001870                GPDMA1_Channel0_IRQHandler
                0x08001870                I3C1_EV_IRQHandler
                0x08001870                TIM15_IRQHandler
                0x08001870                PVD_AVD_IRQHandler
                0x08001870                I2C3_EV_IRQHandler
                0x08001870                ETH_WKUP_IRQHandler
                0x08001870                ADC2_IRQHandler
                0x08001870                SPI2_IRQHandler
                0x08001870                EXTI14_IRQHandler
                0x08001870                EXTI11_IRQHandler
                0x08001870                CRS_IRQHandler
                0x08001870                EXTI4_IRQHandler
                0x08001870                GPDMA2_Channel0_IRQHandler
                0x08001870                RTC_S_IRQHandler
                0x08001870                RNG_IRQHandler
                0x08001870                FDCAN2_IT1_IRQHandler
                0x08001870                ETH_IRQHandler
                0x08001870                GPDMA2_Channel6_IRQHandler
                0x08001870                TIM1_UP_IRQHandler
                0x08001870                UART12_IRQHandler
                0x08001870                WWDG_IRQHandler
                0x08001870                SPI6_IRQHandler
                0x08001870                I2C4_EV_IRQHandler
                0x08001870                FDCAN2_IT0_IRQHandler
                0x08001870                IWDG_IRQHandler
                0x08001870                LPUART1_IRQHandler
                0x08001870                FDCAN1_IT0_IRQHandler
                0x08001870                TIM2_IRQHandler
                0x08001870                GPDMA1_Channel4_IRQHandler
                0x08001870                EXTI7_IRQHandler
                0x08001870                TIM1_BRK_IRQHandler
                0x08001870                EXTI1_IRQHandler
                0x08001870                SDMMC2_IRQHandler
                0x08001870                LPTIM6_IRQHandler
                0x08001870                DAC1_IRQHandler
                0x08001870                DTS_IRQHandler
                0x08001870                UART7_IRQHandler
                0x08001870                GTZC_IRQHandler
                0x08001870                USART2_IRQHandler
                0x08001870                GPDMA1_Channel6_IRQHandler
                0x08001870                GPDMA2_Channel7_IRQHandler
                0x08001870                I2C2_ER_IRQHandler
                0x08001870                TIM8_BRK_IRQHandler
                0x08001870                FLASH_IRQHandler
                0x08001870                USART1_IRQHandler
                0x08001870                EXTI10_IRQHandler
                0x08001870                SPI3_IRQHandler
                0x08001870                I2C1_ER_IRQHandler
                0x08001870                FMC_IRQHandler
                0x08001870                EXTI6_IRQHandler
                0x08001870                LPTIM1_IRQHandler
                0x08001870                DCMI_PSSI_IRQHandler
                0x08001870                I2C4_ER_IRQHandler
                0x08001870                ICACHE_IRQHandler
                0x08001870                SAI1_IRQHandler
                0x08001870                HASH_IRQHandler
 *fill*         0x08001872        0x2 
 .text.BSP_LED_Init
                0x08001874       0xec ./Drivers/BSP/STM32H5xx_Nucleo/stm32h5xx_nucleo.o
                0x08001874                BSP_LED_Init
 .text.BSP_LED_Toggle
                0x08001960       0x54 ./Drivers/BSP/STM32H5xx_Nucleo/stm32h5xx_nucleo.o
                0x08001960                BSP_LED_Toggle
 .text.BSP_PB_Init
                0x080019b4       0xf0 ./Drivers/BSP/STM32H5xx_Nucleo/stm32h5xx_nucleo.o
                0x080019b4                BSP_PB_Init
 .text.BSP_PB_IRQHandler
                0x08001aa4       0x2c ./Drivers/BSP/STM32H5xx_Nucleo/stm32h5xx_nucleo.o
                0x08001aa4                BSP_PB_IRQHandler
 .text.BSP_PB_Callback
                0x08001ad0       0x16 ./Drivers/BSP/STM32H5xx_Nucleo/stm32h5xx_nucleo.o
                0x08001ad0                BSP_PB_Callback
 *fill*         0x08001ae6        0x2 
 .text.BSP_COM_Init
                0x08001ae8       0x60 ./Drivers/BSP/STM32H5xx_Nucleo/stm32h5xx_nucleo.o
                0x08001ae8                BSP_COM_Init
 .text.MX_USART_Init
                0x08001b48       0x68 ./Drivers/BSP/STM32H5xx_Nucleo/stm32h5xx_nucleo.o
                0x08001b48                MX_USART_Init
 .text.BUTTON_USER_EXTI_Callback
                0x08001bb0        0xe ./Drivers/BSP/STM32H5xx_Nucleo/stm32h5xx_nucleo.o
 *fill*         0x08001bbe        0x2 
 .text.COM1_MspInit
                0x08001bc0       0xb0 ./Drivers/BSP/STM32H5xx_Nucleo/stm32h5xx_nucleo.o
 .text.HAL_Init
                0x08001c70       0x50 ./Drivers/STM32H5xx_HAL_Driver/Src/stm32h5xx_hal.o
                0x08001c70                HAL_Init
 .text.HAL_InitTick
                0x08001cc0       0xec ./Drivers/STM32H5xx_HAL_Driver/Src/stm32h5xx_hal.o
                0x08001cc0                HAL_InitTick
 .text.HAL_IncTick
                0x08001dac       0x28 ./Drivers/STM32H5xx_HAL_Driver/Src/stm32h5xx_hal.o
                0x08001dac                HAL_IncTick
 .text.HAL_GetTick
                0x08001dd4       0x18 ./Drivers/STM32H5xx_HAL_Driver/Src/stm32h5xx_hal.o
                0x08001dd4                HAL_GetTick
 .text.HAL_Delay
                0x08001dec       0x48 ./Drivers/STM32H5xx_HAL_Driver/Src/stm32h5xx_hal.o
                0x08001dec                HAL_Delay
 .text.__NVIC_SetPriorityGrouping
                0x08001e34       0x48 ./Drivers/STM32H5xx_HAL_Driver/Src/stm32h5xx_hal_cortex.o
 .text.__NVIC_GetPriorityGrouping
                0x08001e7c       0x1c ./Drivers/STM32H5xx_HAL_Driver/Src/stm32h5xx_hal_cortex.o
 .text.__NVIC_EnableIRQ
                0x08001e98       0x3c ./Drivers/STM32H5xx_HAL_Driver/Src/stm32h5xx_hal_cortex.o
 .text.__NVIC_SetPriority
                0x08001ed4       0x54 ./Drivers/STM32H5xx_HAL_Driver/Src/stm32h5xx_hal_cortex.o
 .text.NVIC_EncodePriority
                0x08001f28       0x66 ./Drivers/STM32H5xx_HAL_Driver/Src/stm32h5xx_hal_cortex.o
 .text.HAL_NVIC_SetPriorityGrouping
                0x08001f8e       0x16 ./Drivers/STM32H5xx_HAL_Driver/Src/stm32h5xx_hal_cortex.o
                0x08001f8e                HAL_NVIC_SetPriorityGrouping
 .text.HAL_NVIC_SetPriority
                0x08001fa4       0x34 ./Drivers/STM32H5xx_HAL_Driver/Src/stm32h5xx_hal_cortex.o
                0x08001fa4                HAL_NVIC_SetPriority
 .text.HAL_NVIC_EnableIRQ
                0x08001fd8       0x1c ./Drivers/STM32H5xx_HAL_Driver/Src/stm32h5xx_hal_cortex.o
                0x08001fd8                HAL_NVIC_EnableIRQ
 .text.HAL_SYSTICK_Config
                0x08001ff4       0x44 ./Drivers/STM32H5xx_HAL_Driver/Src/stm32h5xx_hal_cortex.o
                0x08001ff4                HAL_SYSTICK_Config
 .text.HAL_SYSTICK_CLKSourceConfig
                0x08002038       0xb0 ./Drivers/STM32H5xx_HAL_Driver/Src/stm32h5xx_hal_cortex.o
                0x08002038                HAL_SYSTICK_CLKSourceConfig
 .text.HAL_SYSTICK_GetCLKSourceConfig
                0x080020e8       0x6c ./Drivers/STM32H5xx_HAL_Driver/Src/stm32h5xx_hal_cortex.o
                0x080020e8                HAL_SYSTICK_GetCLKSourceConfig
 .text.HAL_EXTI_RegisterCallback
                0x08002154       0x58 ./Drivers/STM32H5xx_HAL_Driver/Src/stm32h5xx_hal_exti.o
                0x08002154                HAL_EXTI_RegisterCallback
 .text.HAL_EXTI_GetHandle
                0x080021ac       0x28 ./Drivers/STM32H5xx_HAL_Driver/Src/stm32h5xx_hal_exti.o
                0x080021ac                HAL_EXTI_GetHandle
 .text.HAL_EXTI_IRQHandler
                0x080021d4       0x90 ./Drivers/STM32H5xx_HAL_Driver/Src/stm32h5xx_hal_exti.o
                0x080021d4                HAL_EXTI_IRQHandler
 .text.HAL_GPIO_Init
                0x08002264      0x2a4 ./Drivers/STM32H5xx_HAL_Driver/Src/stm32h5xx_hal_gpio.o
                0x08002264                HAL_GPIO_Init
 .text.HAL_GPIO_WritePin
                0x08002508       0x30 ./Drivers/STM32H5xx_HAL_Driver/Src/stm32h5xx_hal_gpio.o
                0x08002508                HAL_GPIO_WritePin
 .text.HAL_GPIO_TogglePin
                0x08002538       0x34 ./Drivers/STM32H5xx_HAL_Driver/Src/stm32h5xx_hal_gpio.o
                0x08002538                HAL_GPIO_TogglePin
 .text.HAL_HASH_Init
                0x0800256c       0x70 ./Drivers/STM32H5xx_HAL_Driver/Src/stm32h5xx_hal_hash.o
                0x0800256c                HAL_HASH_Init
 .text.HAL_I2C_Init
                0x080025dc      0x136 ./Drivers/STM32H5xx_HAL_Driver/Src/stm32h5xx_hal_i2c.o
                0x080025dc                HAL_I2C_Init
 .text.HAL_I2CEx_ConfigAnalogFilter
                0x08002712       0x96 ./Drivers/STM32H5xx_HAL_Driver/Src/stm32h5xx_hal_i2c_ex.o
                0x08002712                HAL_I2CEx_ConfigAnalogFilter
 .text.HAL_I2CEx_ConfigDigitalFilter
                0x080027a8       0x98 ./Drivers/STM32H5xx_HAL_Driver/Src/stm32h5xx_hal_i2c_ex.o
                0x080027a8                HAL_I2CEx_ConfigDigitalFilter
 .text.PCD_GET_EP_RX_CNT
                0x08002840       0x42 ./Drivers/STM32H5xx_HAL_Driver/Src/stm32h5xx_hal_pcd.o
 .text.PCD_GET_EP_DBUF0_CNT
                0x08002882       0x42 ./Drivers/STM32H5xx_HAL_Driver/Src/stm32h5xx_hal_pcd.o
 .text.PCD_GET_EP_DBUF1_CNT
                0x080028c4       0x42 ./Drivers/STM32H5xx_HAL_Driver/Src/stm32h5xx_hal_pcd.o
 .text.HAL_PCD_Init
                0x08002906      0x202 ./Drivers/STM32H5xx_HAL_Driver/Src/stm32h5xx_hal_pcd.o
                0x08002906                HAL_PCD_Init
 .text.HAL_PCD_Start
                0x08002b08       0x44 ./Drivers/STM32H5xx_HAL_Driver/Src/stm32h5xx_hal_pcd.o
                0x08002b08                HAL_PCD_Start
 .text.HAL_PCD_IRQHandler
                0x08002b4c      0x1ea ./Drivers/STM32H5xx_HAL_Driver/Src/stm32h5xx_hal_pcd.o
                0x08002b4c                HAL_PCD_IRQHandler
 .text.HAL_PCD_SuspendCallback
                0x08002d36       0x14 ./Drivers/STM32H5xx_HAL_Driver/Src/stm32h5xx_hal_pcd.o
                0x08002d36                HAL_PCD_SuspendCallback
 .text.HAL_PCD_ResumeCallback
                0x08002d4a       0x14 ./Drivers/STM32H5xx_HAL_Driver/Src/stm32h5xx_hal_pcd.o
                0x08002d4a                HAL_PCD_ResumeCallback
 .text.HAL_PCD_SetAddress
                0x08002d5e       0x48 ./Drivers/STM32H5xx_HAL_Driver/Src/stm32h5xx_hal_pcd.o
                0x08002d5e                HAL_PCD_SetAddress
 .text.HAL_PCD_EP_Open
                0x08002da6       0xc2 ./Drivers/STM32H5xx_HAL_Driver/Src/stm32h5xx_hal_pcd.o
                0x08002da6                HAL_PCD_EP_Open
 .text.HAL_PCD_EP_Close
                0x08002e68       0x94 ./Drivers/STM32H5xx_HAL_Driver/Src/stm32h5xx_hal_pcd.o
                0x08002e68                HAL_PCD_EP_Close
 .text.HAL_PCD_EP_Receive
                0x08002efc       0x64 ./Drivers/STM32H5xx_HAL_Driver/Src/stm32h5xx_hal_pcd.o
                0x08002efc                HAL_PCD_EP_Receive
 .text.HAL_PCD_EP_GetRxCount
                0x08002f60       0x30 ./Drivers/STM32H5xx_HAL_Driver/Src/stm32h5xx_hal_pcd.o
                0x08002f60                HAL_PCD_EP_GetRxCount
 .text.HAL_PCD_EP_Transmit
                0x08002f90       0x70 ./Drivers/STM32H5xx_HAL_Driver/Src/stm32h5xx_hal_pcd.o
                0x08002f90                HAL_PCD_EP_Transmit
 .text.HAL_PCD_EP_SetStall
                0x08003000       0xa8 ./Drivers/STM32H5xx_HAL_Driver/Src/stm32h5xx_hal_pcd.o
                0x08003000                HAL_PCD_EP_SetStall
 .text.HAL_PCD_EP_ClrStall
                0x080030a8       0xac ./Drivers/STM32H5xx_HAL_Driver/Src/stm32h5xx_hal_pcd.o
                0x080030a8                HAL_PCD_EP_ClrStall
 .text.PCD_EP_ISR_Handler
                0x08003154      0x674 ./Drivers/STM32H5xx_HAL_Driver/Src/stm32h5xx_hal_pcd.o
 .text.HAL_PCD_EP_DB_Receive
                0x080037c8      0x1b4 ./Drivers/STM32H5xx_HAL_Driver/Src/stm32h5xx_hal_pcd.o
 .text.HAL_PCD_EP_DB_Transmit
                0x0800397c      0x7c4 ./Drivers/STM32H5xx_HAL_Driver/Src/stm32h5xx_hal_pcd.o
 .text.HAL_PCDEx_PMAConfig
                0x08004140       0x8a ./Drivers/STM32H5xx_HAL_Driver/Src/stm32h5xx_hal_pcd_ex.o
                0x08004140                HAL_PCDEx_PMAConfig
 .text.HAL_PCDEx_ActivateLPM
                0x080041ca       0x44 ./Drivers/STM32H5xx_HAL_Driver/Src/stm32h5xx_hal_pcd_ex.o
                0x080041ca                HAL_PCDEx_ActivateLPM
 .text.HAL_PCDEx_LPM_Callback
                0x0800420e       0x18 ./Drivers/STM32H5xx_HAL_Driver/Src/stm32h5xx_hal_pcd_ex.o
                0x0800420e                HAL_PCDEx_LPM_Callback
 *fill*         0x08004226        0x2 
 .text.HAL_PWREx_EnableVddUSB
                0x08004228       0x20 ./Drivers/STM32H5xx_HAL_Driver/Src/stm32h5xx_hal_pwr_ex.o
                0x08004228                HAL_PWREx_EnableVddUSB
 .text.HAL_RCC_OscConfig
                0x08004248      0x870 ./Drivers/STM32H5xx_HAL_Driver/Src/stm32h5xx_hal_rcc.o
                0x08004248                HAL_RCC_OscConfig
 .text.HAL_RCC_ClockConfig
                0x08004ab8      0x370 ./Drivers/STM32H5xx_HAL_Driver/Src/stm32h5xx_hal_rcc.o
                0x08004ab8                HAL_RCC_ClockConfig
 .text.HAL_RCC_GetSysClockFreq
                0x08004e28      0x258 ./Drivers/STM32H5xx_HAL_Driver/Src/stm32h5xx_hal_rcc.o
                0x08004e28                HAL_RCC_GetSysClockFreq
 .text.HAL_RCC_GetHCLKFreq
                0x08005080       0x38 ./Drivers/STM32H5xx_HAL_Driver/Src/stm32h5xx_hal_rcc.o
                0x08005080                HAL_RCC_GetHCLKFreq
 .text.HAL_RCC_GetPCLK1Freq
                0x080050b8       0x2c ./Drivers/STM32H5xx_HAL_Driver/Src/stm32h5xx_hal_rcc.o
                0x080050b8                HAL_RCC_GetPCLK1Freq
 .text.HAL_RCC_GetPCLK2Freq
                0x080050e4       0x2c ./Drivers/STM32H5xx_HAL_Driver/Src/stm32h5xx_hal_rcc.o
                0x080050e4                HAL_RCC_GetPCLK2Freq
 .text.HAL_RCC_GetPCLK3Freq
                0x08005110       0x2c ./Drivers/STM32H5xx_HAL_Driver/Src/stm32h5xx_hal_rcc.o
                0x08005110                HAL_RCC_GetPCLK3Freq
 .text.HAL_RCCEx_PeriphCLKConfig
                0x0800513c     0x1f14 ./Drivers/STM32H5xx_HAL_Driver/Src/stm32h5xx_hal_rcc_ex.o
                0x0800513c                HAL_RCCEx_PeriphCLKConfig
 .text.HAL_RCCEx_GetPLL1ClockFreq
                0x08007050      0x2d8 ./Drivers/STM32H5xx_HAL_Driver/Src/stm32h5xx_hal_rcc_ex.o
                0x08007050                HAL_RCCEx_GetPLL1ClockFreq
 .text.HAL_RCCEx_GetPLL2ClockFreq
                0x08007328      0x2d8 ./Drivers/STM32H5xx_HAL_Driver/Src/stm32h5xx_hal_rcc_ex.o
                0x08007328                HAL_RCCEx_GetPLL2ClockFreq
 .text.HAL_RCCEx_GetPLL3ClockFreq
                0x08007600      0x2d8 ./Drivers/STM32H5xx_HAL_Driver/Src/stm32h5xx_hal_rcc_ex.o
                0x08007600                HAL_RCCEx_GetPLL3ClockFreq
 .text.HAL_RCCEx_GetPeriphCLKFreq
                0x080078d8     0x26b4 ./Drivers/STM32H5xx_HAL_Driver/Src/stm32h5xx_hal_rcc_ex.o
                0x080078d8                HAL_RCCEx_GetPeriphCLKFreq
 .text.RCCEx_PLL2_Config
                0x08009f8c      0x130 ./Drivers/STM32H5xx_HAL_Driver/Src/stm32h5xx_hal_rcc_ex.o
 .text.RCCEx_PLL3_Config
                0x0800a0bc      0x130 ./Drivers/STM32H5xx_HAL_Driver/Src/stm32h5xx_hal_rcc_ex.o
 .text.HAL_RNG_Init
                0x0800a1ec      0x13c ./Drivers/STM32H5xx_HAL_Driver/Src/stm32h5xx_hal_rng.o
                0x0800a1ec                HAL_RNG_Init
 .text.HAL_RTC_Init
                0x0800a328      0x104 ./Drivers/STM32H5xx_HAL_Driver/Src/stm32h5xx_hal_rtc.o
                0x0800a328                HAL_RTC_Init
 .text.HAL_RTC_SetTime
                0x0800a42c      0x124 ./Drivers/STM32H5xx_HAL_Driver/Src/stm32h5xx_hal_rtc.o
                0x0800a42c                HAL_RTC_SetTime
 .text.HAL_RTC_SetDate
                0x0800a550      0x10c ./Drivers/STM32H5xx_HAL_Driver/Src/stm32h5xx_hal_rtc.o
                0x0800a550                HAL_RTC_SetDate
 .text.HAL_RTC_WaitForSynchro
                0x0800a65c       0x64 ./Drivers/STM32H5xx_HAL_Driver/Src/stm32h5xx_hal_rtc.o
                0x0800a65c                HAL_RTC_WaitForSynchro
 .text.RTC_EnterInitMode
                0x0800a6c0       0x78 ./Drivers/STM32H5xx_HAL_Driver/Src/stm32h5xx_hal_rtc.o
                0x0800a6c0                RTC_EnterInitMode
 .text.RTC_ExitInitMode
                0x0800a738       0x7c ./Drivers/STM32H5xx_HAL_Driver/Src/stm32h5xx_hal_rtc.o
                0x0800a738                RTC_ExitInitMode
 .text.RTC_ByteToBcd2
                0x0800a7b4       0x40 ./Drivers/STM32H5xx_HAL_Driver/Src/stm32h5xx_hal_rtc.o
                0x0800a7b4                RTC_ByteToBcd2
 .text.HAL_RTCEx_PrivilegeModeSet
                0x0800a7f4       0x5c ./Drivers/STM32H5xx_HAL_Driver/Src/stm32h5xx_hal_rtc_ex.o
                0x0800a7f4                HAL_RTCEx_PrivilegeModeSet
 .text.HAL_SPI_Init
                0x0800a850      0x2e0 ./Drivers/STM32H5xx_HAL_Driver/Src/stm32h5xx_hal_spi.o
                0x0800a850                HAL_SPI_Init
 .text.SPI_GetPacketSize
                0x0800ab30       0x36 ./Drivers/STM32H5xx_HAL_Driver/Src/stm32h5xx_hal_spi.o
 .text.HAL_UART_Init
                0x0800ab66       0xa0 ./Drivers/STM32H5xx_HAL_Driver/Src/stm32h5xx_hal_uart.o
                0x0800ab66                HAL_UART_Init
 *fill*         0x0800ac06        0x2 
 .text.UART_SetConfig
                0x0800ac08      0x3dc ./Drivers/STM32H5xx_HAL_Driver/Src/stm32h5xx_hal_uart.o
                0x0800ac08                UART_SetConfig
 .text.UART_AdvFeatureConfig
                0x0800afe4      0x144 ./Drivers/STM32H5xx_HAL_Driver/Src/stm32h5xx_hal_uart.o
                0x0800afe4                UART_AdvFeatureConfig
 .text.UART_CheckIdleState
                0x0800b128      0x154 ./Drivers/STM32H5xx_HAL_Driver/Src/stm32h5xx_hal_uart.o
                0x0800b128                UART_CheckIdleState
 .text.UART_WaitOnFlagUntilTimeout
                0x0800b27c       0xda ./Drivers/STM32H5xx_HAL_Driver/Src/stm32h5xx_hal_uart.o
                0x0800b27c                UART_WaitOnFlagUntilTimeout
 .text.UART_EndRxTransfer
                0x0800b356       0xcc ./Drivers/STM32H5xx_HAL_Driver/Src/stm32h5xx_hal_uart.o
 .text.HAL_UARTEx_DisableFifoMode
                0x0800b422       0x72 ./Drivers/STM32H5xx_HAL_Driver/Src/stm32h5xx_hal_uart_ex.o
                0x0800b422                HAL_UARTEx_DisableFifoMode
 .text.HAL_UARTEx_SetTxFifoThreshold
                0x0800b494       0x7c ./Drivers/STM32H5xx_HAL_Driver/Src/stm32h5xx_hal_uart_ex.o
                0x0800b494                HAL_UARTEx_SetTxFifoThreshold
 .text.HAL_UARTEx_SetRxFifoThreshold
                0x0800b510       0x7c ./Drivers/STM32H5xx_HAL_Driver/Src/stm32h5xx_hal_uart_ex.o
                0x0800b510                HAL_UARTEx_SetRxFifoThreshold
 .text.UARTEx_SetNbDataToProcess
                0x0800b58c       0x9c ./Drivers/STM32H5xx_HAL_Driver/Src/stm32h5xx_hal_uart_ex.o
 .text.USB_CoreReset
                0x0800b628       0x2e ./Drivers/STM32H5xx_HAL_Driver/Src/stm32h5xx_ll_usb.o
 .text.USB_CoreInit
                0x0800b656       0x3c ./Drivers/STM32H5xx_HAL_Driver/Src/stm32h5xx_ll_usb.o
                0x0800b656                USB_CoreInit
 .text.USB_EnableGlobalInt
                0x0800b692       0x28 ./Drivers/STM32H5xx_HAL_Driver/Src/stm32h5xx_ll_usb.o
                0x0800b692                USB_EnableGlobalInt
 .text.USB_DisableGlobalInt
                0x0800b6ba       0x2a ./Drivers/STM32H5xx_HAL_Driver/Src/stm32h5xx_ll_usb.o
                0x0800b6ba                USB_DisableGlobalInt
 .text.USB_SetCurrentMode
                0x0800b6e4       0x46 ./Drivers/STM32H5xx_HAL_Driver/Src/stm32h5xx_ll_usb.o
                0x0800b6e4                USB_SetCurrentMode
 .text.USB_DevInit
                0x0800b72a       0x46 ./Drivers/STM32H5xx_HAL_Driver/Src/stm32h5xx_ll_usb.o
                0x0800b72a                USB_DevInit
 .text.USB_ActivateEndpoint
                0x0800b770      0x6c0 ./Drivers/STM32H5xx_HAL_Driver/Src/stm32h5xx_ll_usb.o
                0x0800b770                USB_ActivateEndpoint
 .text.USB_DeactivateEndpoint
                0x0800be30      0x314 ./Drivers/STM32H5xx_HAL_Driver/Src/stm32h5xx_ll_usb.o
                0x0800be30                USB_DeactivateEndpoint
 .text.USB_EPStartXfer
                0x0800c144     0x10d4 ./Drivers/STM32H5xx_HAL_Driver/Src/stm32h5xx_ll_usb.o
                0x0800c144                USB_EPStartXfer
 .text.USB_EPSetStall
                0x0800d218       0x8c ./Drivers/STM32H5xx_HAL_Driver/Src/stm32h5xx_ll_usb.o
                0x0800d218                USB_EPSetStall
 .text.USB_EPClearStall
                0x0800d2a4      0x128 ./Drivers/STM32H5xx_HAL_Driver/Src/stm32h5xx_ll_usb.o
                0x0800d2a4                USB_EPClearStall
 .text.USB_SetDevAddress
                0x0800d3cc       0x26 ./Drivers/STM32H5xx_HAL_Driver/Src/stm32h5xx_ll_usb.o
                0x0800d3cc                USB_SetDevAddress
 .text.USB_DevConnect
                0x0800d3f2       0x22 ./Drivers/STM32H5xx_HAL_Driver/Src/stm32h5xx_ll_usb.o
                0x0800d3f2                USB_DevConnect
 .text.USB_DevDisconnect
                0x0800d414       0x22 ./Drivers/STM32H5xx_HAL_Driver/Src/stm32h5xx_ll_usb.o
                0x0800d414                USB_DevDisconnect
 .text.USB_ReadInterrupts
                0x0800d436       0x1c ./Drivers/STM32H5xx_HAL_Driver/Src/stm32h5xx_ll_usb.o
                0x0800d436                USB_ReadInterrupts
 .text.USB_WritePMA
                0x0800d452       0xc2 ./Drivers/STM32H5xx_HAL_Driver/Src/stm32h5xx_ll_usb.o
                0x0800d452                USB_WritePMA
 .text.USB_ReadPMA
                0x0800d514       0xbc ./Drivers/STM32H5xx_HAL_Driver/Src/stm32h5xx_ll_usb.o
                0x0800d514                USB_ReadPMA
 .text.USBD_CDC_Init
                0x0800d5d0      0x1f0 ./USB/Class/CDC/Src/usbd_cdc.o
 .text.USBD_CDC_DeInit
                0x0800d7c0      0x104 ./USB/Class/CDC/Src/usbd_cdc.o
 .text.USBD_CDC_Setup
                0x0800d8c4      0x1b8 ./USB/Class/CDC/Src/usbd_cdc.o
 .text.USBD_CDC_DataIn
                0x0800da7c       0xfe ./USB/Class/CDC/Src/usbd_cdc.o
 .text.USBD_CDC_DataOut
                0x0800db7a       0x70 ./USB/Class/CDC/Src/usbd_cdc.o
 .text.USBD_CDC_EP0_RxReady
                0x0800dbea       0x74 ./USB/Class/CDC/Src/usbd_cdc.o
 *fill*         0x0800dc5e        0x2 
 .text.USBD_CDC_GetFSCfgDesc
                0x0800dc60       0x70 ./USB/Class/CDC/Src/usbd_cdc.o
 .text.USBD_CDC_GetHSCfgDesc
                0x0800dcd0       0x70 ./USB/Class/CDC/Src/usbd_cdc.o
 .text.USBD_CDC_GetOtherSpeedCfgDesc
                0x0800dd40       0x70 ./USB/Class/CDC/Src/usbd_cdc.o
 .text.USBD_CDC_GetDeviceQualifierDescriptor
                0x0800ddb0       0x20 ./USB/Class/CDC/Src/usbd_cdc.o
                0x0800ddb0                USBD_CDC_GetDeviceQualifierDescriptor
 .text.USBD_CDC_RegisterInterface
                0x0800ddd0       0x34 ./USB/Class/CDC/Src/usbd_cdc.o
                0x0800ddd0                USBD_CDC_RegisterInterface
 .text.USBD_CDC_SetTxBuffer
                0x0800de04       0x44 ./USB/Class/CDC/Src/usbd_cdc.o
                0x0800de04                USBD_CDC_SetTxBuffer
 .text.USBD_CDC_SetRxBuffer
                0x0800de48       0x3a ./USB/Class/CDC/Src/usbd_cdc.o
                0x0800de48                USBD_CDC_SetRxBuffer
 *fill*         0x0800de82        0x2 
 .text.USBD_CDC_TransmitPacket
                0x0800de84       0x80 ./USB/Class/CDC/Src/usbd_cdc.o
                0x0800de84                USBD_CDC_TransmitPacket
 .text.USBD_CDC_ReceivePacket
                0x0800df04       0x6c ./USB/Class/CDC/Src/usbd_cdc.o
                0x0800df04                USBD_CDC_ReceivePacket
 .text.TEMPLATE_Init
                0x0800df70       0x28 ./USB/Class/CDC/Src/usbd_cdc_if.o
 .text.TEMPLATE_DeInit
                0x0800df98       0x10 ./USB/Class/CDC/Src/usbd_cdc_if.o
 .text.TEMPLATE_Control
                0x0800dfa8      0x15c ./USB/Class/CDC/Src/usbd_cdc_if.o
 .text.TEMPLATE_Receive
                0x0800e104       0x48 ./USB/Class/CDC/Src/usbd_cdc_if.o
 .text.TEMPLATE_TransmitCplt
                0x0800e14c       0x1c ./USB/Class/CDC/Src/usbd_cdc_if.o
 .text.HAL_PCD_SetupStageCallback
                0x0800e168       0x24 ./USB/Core/Src/usbd_conf.o
                0x0800e168                HAL_PCD_SetupStageCallback
 .text.HAL_PCD_DataOutStageCallback
                0x0800e18c       0x36 ./USB/Core/Src/usbd_conf.o
                0x0800e18c                HAL_PCD_DataOutStageCallback
 .text.HAL_PCD_DataInStageCallback
                0x0800e1c2       0x34 ./USB/Core/Src/usbd_conf.o
                0x0800e1c2                HAL_PCD_DataInStageCallback
 .text.HAL_PCD_SOFCallback
                0x0800e1f6       0x1c ./USB/Core/Src/usbd_conf.o
                0x0800e1f6                HAL_PCD_SOFCallback
 .text.HAL_PCD_ResetCallback
                0x0800e212       0x3c ./USB/Core/Src/usbd_conf.o
                0x0800e212                HAL_PCD_ResetCallback
 *fill*         0x0800e24e        0x2 
 .text.USBD_LL_Init
                0x0800e250       0x74 ./USB/Core/Src/usbd_conf.o
                0x0800e250                USBD_LL_Init
 .text.USBD_LL_Start
                0x0800e2c4       0x2a ./USB/Core/Src/usbd_conf.o
                0x0800e2c4                USBD_LL_Start
 .text.USBD_LL_OpenEP
                0x0800e2ee       0x40 ./USB/Core/Src/usbd_conf.o
                0x0800e2ee                USBD_LL_OpenEP
 .text.USBD_LL_CloseEP
                0x0800e32e       0x32 ./USB/Core/Src/usbd_conf.o
                0x0800e32e                USBD_LL_CloseEP
 .text.USBD_LL_StallEP
                0x0800e360       0x32 ./USB/Core/Src/usbd_conf.o
                0x0800e360                USBD_LL_StallEP
 .text.USBD_LL_ClearStallEP
                0x0800e392       0x32 ./USB/Core/Src/usbd_conf.o
                0x0800e392                USBD_LL_ClearStallEP
 .text.USBD_LL_IsStallEP
                0x0800e3c4       0x58 ./USB/Core/Src/usbd_conf.o
                0x0800e3c4                USBD_LL_IsStallEP
 .text.USBD_LL_SetUSBAddress
                0x0800e41c       0x32 ./USB/Core/Src/usbd_conf.o
                0x0800e41c                USBD_LL_SetUSBAddress
 .text.USBD_LL_Transmit
                0x0800e44e       0x36 ./USB/Core/Src/usbd_conf.o
                0x0800e44e                USBD_LL_Transmit
 .text.USBD_LL_PrepareReceive
                0x0800e484       0x36 ./USB/Core/Src/usbd_conf.o
                0x0800e484                USBD_LL_PrepareReceive
 .text.USBD_LL_GetRxDataSize
                0x0800e4ba       0x26 ./USB/Core/Src/usbd_conf.o
                0x0800e4ba                USBD_LL_GetRxDataSize
 .text.USBD_static_malloc
                0x0800e4e0       0x1c ./USB/Core/Src/usbd_conf.o
                0x0800e4e0                USBD_static_malloc
 .text.USBD_static_free
                0x0800e4fc       0x14 ./USB/Core/Src/usbd_conf.o
                0x0800e4fc                USBD_static_free
 .text.USBD_Get_USB_Status
                0x0800e510       0x58 ./USB/Core/Src/usbd_conf.o
 .text.USBD_Init
                0x0800e568       0x60 ./USB/Core/Src/usbd_core.o
                0x0800e568                USBD_Init
 .text.USBD_RegisterClass
                0x0800e5c8       0x6c ./USB/Core/Src/usbd_core.o
                0x0800e5c8                USBD_RegisterClass
 .text.USBD_Start
                0x0800e634       0x18 ./USB/Core/Src/usbd_core.o
                0x0800e634                USBD_Start
 .text.USBD_RunTestMode
                0x0800e64c       0x16 ./USB/Core/Src/usbd_core.o
                0x0800e64c                USBD_RunTestMode
 .text.USBD_SetClassConfig
                0x0800e662       0x38 ./USB/Core/Src/usbd_core.o
                0x0800e662                USBD_SetClassConfig
 .text.USBD_ClrClassConfig
                0x0800e69a       0x34 ./USB/Core/Src/usbd_core.o
                0x0800e69a                USBD_ClrClassConfig
 .text.USBD_LL_SetupStage
                0x0800e6ce       0xaa ./USB/Core/Src/usbd_core.o
                0x0800e6ce                USBD_LL_SetupStage
 .text.USBD_LL_DataOutStage
                0x0800e778      0x166 ./USB/Core/Src/usbd_core.o
                0x0800e778                USBD_LL_DataOutStage
 .text.USBD_LL_DataInStage
                0x0800e8de      0x164 ./USB/Core/Src/usbd_core.o
                0x0800e8de                USBD_LL_DataInStage
 .text.USBD_LL_Reset
                0x0800ea42       0xa4 ./USB/Core/Src/usbd_core.o
                0x0800ea42                USBD_LL_Reset
 .text.USBD_LL_SetSpeed
                0x0800eae6       0x20 ./USB/Core/Src/usbd_core.o
                0x0800eae6                USBD_LL_SetSpeed
 .text.USBD_LL_SOF
                0x0800eb06       0x40 ./USB/Core/Src/usbd_core.o
                0x0800eb06                USBD_LL_SOF
 .text.USBD_CoreFindIF
                0x0800eb46       0x1a ./USB/Core/Src/usbd_core.o
                0x0800eb46                USBD_CoreFindIF
 .text.USBD_CoreFindEP
                0x0800eb60       0x1a ./USB/Core/Src/usbd_core.o
                0x0800eb60                USBD_CoreFindEP
 .text.USBD_GetEpDesc
                0x0800eb7a       0x70 ./USB/Core/Src/usbd_core.o
                0x0800eb7a                USBD_GetEpDesc
 .text.USBD_GetNextDesc
                0x0800ebea       0x38 ./USB/Core/Src/usbd_core.o
                0x0800ebea                USBD_GetNextDesc
 .text.SWAPBYTE
                0x0800ec22       0x3c ./USB/Core/Src/usbd_ctlreq.o
 *fill*         0x0800ec5e        0x2 
 .text.USBD_StdDevReq
                0x0800ec60       0xe4 ./USB/Core/Src/usbd_ctlreq.o
                0x0800ec60                USBD_StdDevReq
 .text.USBD_StdItfReq
                0x0800ed44       0xd8 ./USB/Core/Src/usbd_ctlreq.o
                0x0800ed44                USBD_StdItfReq
 .text.USBD_StdEPReq
                0x0800ee1c      0x33a ./USB/Core/Src/usbd_ctlreq.o
                0x0800ee1c                USBD_StdEPReq
 *fill*         0x0800f156        0x2 
 .text.USBD_GetDescriptor
                0x0800f158      0x2d4 ./USB/Core/Src/usbd_ctlreq.o
 .text.USBD_SetAddress
                0x0800f42c       0x88 ./USB/Core/Src/usbd_ctlreq.o
 .text.USBD_SetConfig
                0x0800f4b4      0x154 ./USB/Core/Src/usbd_ctlreq.o
 .text.USBD_GetConfig
                0x0800f608       0x6c ./USB/Core/Src/usbd_ctlreq.o
 .text.USBD_GetStatus
                0x0800f674       0x68 ./USB/Core/Src/usbd_ctlreq.o
 .text.USBD_SetFeature
                0x0800f6dc       0x52 ./USB/Core/Src/usbd_ctlreq.o
 .text.USBD_ClrFeature
                0x0800f72e       0x44 ./USB/Core/Src/usbd_ctlreq.o
 .text.USBD_ParseSetupRequest
                0x0800f772       0x74 ./USB/Core/Src/usbd_ctlreq.o
                0x0800f772                USBD_ParseSetupRequest
 .text.USBD_CtlError
                0x0800f7e6       0x22 ./USB/Core/Src/usbd_ctlreq.o
                0x0800f7e6                USBD_CtlError
 .text.USBD_GetString
                0x0800f808       0x8c ./USB/Core/Src/usbd_ctlreq.o
                0x0800f808                USBD_GetString
 .text.USBD_GetLen
                0x0800f894       0x34 ./USB/Core/Src/usbd_ctlreq.o
 .text.USBD_Class_DeviceDescriptor
                0x0800f8c8       0x24 ./USB/Core/Src/usbd_desc.o
                0x0800f8c8                USBD_Class_DeviceDescriptor
 .text.USBD_Class_LangIDStrDescriptor
                0x0800f8ec       0x24 ./USB/Core/Src/usbd_desc.o
                0x0800f8ec                USBD_Class_LangIDStrDescriptor
 .text.USBD_Class_ProductStrDescriptor
                0x0800f910       0x3c ./USB/Core/Src/usbd_desc.o
                0x0800f910                USBD_Class_ProductStrDescriptor
 .text.USBD_Class_ManufacturerStrDescriptor
                0x0800f94c       0x28 ./USB/Core/Src/usbd_desc.o
                0x0800f94c                USBD_Class_ManufacturerStrDescriptor
 .text.USBD_Class_SerialStrDescriptor
                0x0800f974       0x24 ./USB/Core/Src/usbd_desc.o
                0x0800f974                USBD_Class_SerialStrDescriptor
 .text.USBD_Class_ConfigStrDescriptor
                0x0800f998       0x3c ./USB/Core/Src/usbd_desc.o
                0x0800f998                USBD_Class_ConfigStrDescriptor
 .text.USBD_Class_InterfaceStrDescriptor
                0x0800f9d4       0x3c ./USB/Core/Src/usbd_desc.o
                0x0800f9d4                USBD_Class_InterfaceStrDescriptor
 .text.Get_SerialNum
                0x0800fa10       0x58 ./USB/Core/Src/usbd_desc.o
 .text.IntToUnicode
                0x0800fa68       0x7a ./USB/Core/Src/usbd_desc.o
 .text.USBD_CtlSendData
                0x0800fae2       0x36 ./USB/Core/Src/usbd_ioreq.o
                0x0800fae2                USBD_CtlSendData
 .text.USBD_CtlContinueSendData
                0x0800fb18       0x22 ./USB/Core/Src/usbd_ioreq.o
                0x0800fb18                USBD_CtlContinueSendData
 .text.USBD_CtlPrepareRx
                0x0800fb3a       0x3a ./USB/Core/Src/usbd_ioreq.o
                0x0800fb3a                USBD_CtlPrepareRx
 .text.USBD_CtlContinueRx
                0x0800fb74       0x22 ./USB/Core/Src/usbd_ioreq.o
                0x0800fb74                USBD_CtlContinueRx
 .text.USBD_CtlSendStatus
                0x0800fb96       0x26 ./USB/Core/Src/usbd_ioreq.o
                0x0800fb96                USBD_CtlSendStatus
 .text.USBD_CtlReceiveStatus
                0x0800fbbc       0x26 ./USB/Core/Src/usbd_ioreq.o
                0x0800fbbc                USBD_CtlReceiveStatus
 .text.memset   0x0800fbe2       0x10 C:/ST/STM32CubeIDE_1.11.2/STM32CubeIDE/plugins/com.st.stm32cube.ide.mcu.externaltools.gnu-tools-for-stm32.12.3.rel1.win32_1.1.0.202410251130/tools/bin/../lib/gcc/arm-none-eabi/12.3.1/../../../../arm-none-eabi/lib/thumb/v8-m.main+fp/hard\libc_nano.a(libc_a-memset.o)
                0x0800fbe2                memset
 *fill*         0x0800fbf2        0x2 
 .text.__libc_init_array
                0x0800fbf4       0x48 C:/ST/STM32CubeIDE_1.11.2/STM32CubeIDE/plugins/com.st.stm32cube.ide.mcu.externaltools.gnu-tools-for-stm32.12.3.rel1.win32_1.1.0.202410251130/tools/bin/../lib/gcc/arm-none-eabi/12.3.1/../../../../arm-none-eabi/lib/thumb/v8-m.main+fp/hard\libc_nano.a(libc_a-init.o)
                0x0800fbf4                __libc_init_array
 .text.memcpy   0x0800fc3c       0x1a C:/ST/STM32CubeIDE_1.11.2/STM32CubeIDE/plugins/com.st.stm32cube.ide.mcu.externaltools.gnu-tools-for-stm32.12.3.rel1.win32_1.1.0.202410251130/tools/bin/../lib/gcc/arm-none-eabi/12.3.1/../../../../arm-none-eabi/lib/thumb/v8-m.main+fp/hard\libc_nano.a(libc_a-memcpy-stub.o)
                0x0800fc3c                memcpy
 *(.glue_7)
 .glue_7        0x0800fc56        0x0 linker stubs
 *(.glue_7t)
 .glue_7t       0x0800fc56        0x0 linker stubs
 *(.eh_frame)
 *fill*         0x0800fc56        0x2 
 .eh_frame      0x0800fc58        0x0 C:/ST/STM32CubeIDE_1.11.2/STM32CubeIDE/plugins/com.st.stm32cube.ide.mcu.externaltools.gnu-tools-for-stm32.12.3.rel1.win32_1.1.0.202410251130/tools/bin/../lib/gcc/arm-none-eabi/12.3.1/thumb/v8-m.main+fp/hard/crtbegin.o
 *(.init)
 .init          0x0800fc58        0x4 C:/ST/STM32CubeIDE_1.11.2/STM32CubeIDE/plugins/com.st.stm32cube.ide.mcu.externaltools.gnu-tools-for-stm32.12.3.rel1.win32_1.1.0.202410251130/tools/bin/../lib/gcc/arm-none-eabi/12.3.1/thumb/v8-m.main+fp/hard/crti.o
                0x0800fc58                _init
 .init          0x0800fc5c        0x8 C:/ST/STM32CubeIDE_1.11.2/STM32CubeIDE/plugins/com.st.stm32cube.ide.mcu.externaltools.gnu-tools-for-stm32.12.3.rel1.win32_1.1.0.202410251130/tools/bin/../lib/gcc/arm-none-eabi/12.3.1/thumb/v8-m.main+fp/hard/crtn.o
 *(.fini)
 .fini          0x0800fc64        0x4 C:/ST/STM32CubeIDE_1.11.2/STM32CubeIDE/plugins/com.st.stm32cube.ide.mcu.externaltools.gnu-tools-for-stm32.12.3.rel1.win32_1.1.0.202410251130/tools/bin/../lib/gcc/arm-none-eabi/12.3.1/thumb/v8-m.main+fp/hard/crti.o
                0x0800fc64                _fini
 .fini          0x0800fc68        0x8 C:/ST/STM32CubeIDE_1.11.2/STM32CubeIDE/plugins/com.st.stm32cube.ide.mcu.externaltools.gnu-tools-for-stm32.12.3.rel1.win32_1.1.0.202410251130/tools/bin/../lib/gcc/arm-none-eabi/12.3.1/thumb/v8-m.main+fp/hard/crtn.o
                0x0800fc70                        . = ALIGN (0x4)
                0x0800fc70                        _etext = .

.vfp11_veneer   0x0800fc70        0x0
 .vfp11_veneer  0x0800fc70        0x0 linker stubs

.v4_bx          0x0800fc70        0x0
 .v4_bx         0x0800fc70        0x0 linker stubs

.iplt           0x0800fc70        0x0
 .iplt          0x0800fc70        0x0 C:/ST/STM32CubeIDE_1.11.2/STM32CubeIDE/plugins/com.st.stm32cube.ide.mcu.externaltools.gnu-tools-for-stm32.12.3.rel1.win32_1.1.0.202410251130/tools/bin/../lib/gcc/arm-none-eabi/12.3.1/thumb/v8-m.main+fp/hard/crtbegin.o

.rodata         0x0800fc70     0xfe80
                0x0800fc70                        . = ALIGN (0x4)
 *(.rodata)
 .rodata        0x0800fc70     0xfdeb ./Core/Src/main.o
 *fill*         0x0801fa5b        0x1 
 .rodata        0x0801fa5c       0x46 ./USB/Core/Src/usbd_desc.o
 *(.rodata*)
 *fill*         0x0801faa2        0x2 
 .rodata.AHBPrescTable
                0x0801faa4       0x10 ./Core/Src/system_stm32h5xx.o
                0x0801faa4                AHBPrescTable
 .rodata.APBPrescTable
                0x0801fab4        0x8 ./Core/Src/system_stm32h5xx.o
                0x0801fab4                APBPrescTable
 .rodata.LED_PIN
                0x0801fabc        0x6 ./Drivers/BSP/STM32H5xx_Nucleo/stm32h5xx_nucleo.o
 *fill*         0x0801fac2        0x2 
 .rodata.BUTTON_EXTI_LINE.2
                0x0801fac4        0x4 ./Drivers/BSP/STM32H5xx_Nucleo/stm32h5xx_nucleo.o
 .rodata.UARTPrescTable
                0x0801fac8       0x18 ./Drivers/STM32H5xx_HAL_Driver/Src/stm32h5xx_hal_uart.o
                0x0801fac8                UARTPrescTable
 .rodata.numerator.1
                0x0801fae0        0x8 ./Drivers/STM32H5xx_HAL_Driver/Src/stm32h5xx_hal_uart_ex.o
 .rodata.denominator.0
                0x0801fae8        0x8 ./Drivers/STM32H5xx_HAL_Driver/Src/stm32h5xx_hal_uart_ex.o
                0x0801faf0                        . = ALIGN (0x4)

.ARM.extab      0x0801faf0        0x0
                0x0801faf0                        . = ALIGN (0x4)
 *(.ARM.extab* .gnu.linkonce.armextab.*)
                0x0801faf0                        . = ALIGN (0x4)

.ARM            0x0801faf0        0x8
                0x0801faf0                        . = ALIGN (0x4)
                0x0801faf0                        __exidx_start = .
 *(.ARM.exidx*)
 .ARM.exidx     0x0801faf0        0x8 C:/ST/STM32CubeIDE_1.11.2/STM32CubeIDE/plugins/com.st.stm32cube.ide.mcu.externaltools.gnu-tools-for-stm32.12.3.rel1.win32_1.1.0.202410251130/tools/bin/../lib/gcc/arm-none-eabi/12.3.1/../../../../arm-none-eabi/lib/thumb/v8-m.main+fp/hard\libc_nano.a(libc_a-strlen.o)
 .ARM.exidx     0x0801faf8        0x0 C:/ST/STM32CubeIDE_1.11.2/STM32CubeIDE/plugins/com.st.stm32cube.ide.mcu.externaltools.gnu-tools-for-stm32.12.3.rel1.win32_1.1.0.202410251130/tools/bin/../lib/gcc/arm-none-eabi/12.3.1/thumb/v8-m.main+fp/hard\libgcc.a(_udivmoddi4.o)
                                  0x8 (size before relaxing)
                0x0801faf8                        __exidx_end = .
                0x0801faf8                        . = ALIGN (0x4)

.preinit_array  0x0801faf8        0x0
                0x0801faf8                        . = ALIGN (0x4)
                0x0801faf8                        PROVIDE (__preinit_array_start = .)
 *(.preinit_array*)
                0x0801faf8                        PROVIDE (__preinit_array_end = .)
                0x0801faf8                        . = ALIGN (0x4)

.init_array     0x0801faf8        0x4
                0x0801faf8                        . = ALIGN (0x4)
                0x0801faf8                        PROVIDE (__init_array_start = .)
 *(SORT_BY_NAME(.init_array.*))
 *(.init_array*)
 .init_array    0x0801faf8        0x4 C:/ST/STM32CubeIDE_1.11.2/STM32CubeIDE/plugins/com.st.stm32cube.ide.mcu.externaltools.gnu-tools-for-stm32.12.3.rel1.win32_1.1.0.202410251130/tools/bin/../lib/gcc/arm-none-eabi/12.3.1/thumb/v8-m.main+fp/hard/crtbegin.o
                0x0801fafc                        PROVIDE (__init_array_end = .)
                0x0801fafc                        . = ALIGN (0x4)

.fini_array     0x0801fafc        0x4
                0x0801fafc                        . = ALIGN (0x4)
                [!provide]                        PROVIDE (__fini_array_start = .)
 *(SORT_BY_NAME(.fini_array.*))
 *(.fini_array*)
 .fini_array    0x0801fafc        0x4 C:/ST/STM32CubeIDE_1.11.2/STM32CubeIDE/plugins/com.st.stm32cube.ide.mcu.externaltools.gnu-tools-for-stm32.12.3.rel1.win32_1.1.0.202410251130/tools/bin/../lib/gcc/arm-none-eabi/12.3.1/thumb/v8-m.main+fp/hard/crtbegin.o
                [!provide]                        PROVIDE (__fini_array_end = .)
                0x0801fb00                        . = ALIGN (0x4)
                0x0801fb00                        _sidata = LOADADDR (.data)

.rel.dyn        0x0801fb00        0x0
 .rel.iplt      0x0801fb00        0x0 C:/ST/STM32CubeIDE_1.11.2/STM32CubeIDE/plugins/com.st.stm32cube.ide.mcu.externaltools.gnu-tools-for-stm32.12.3.rel1.win32_1.1.0.202410251130/tools/bin/../lib/gcc/arm-none-eabi/12.3.1/thumb/v8-m.main+fp/hard/crtbegin.o

.data           0x20000000      0x124 load address 0x0801fb00
                0x20000000                        . = ALIGN (0x4)
                0x20000000                        _sdata = .
 *(.data)
 *(.data*)
 .data.tx_complete
                0x20000000        0x1 ./Core/Src/main.o
                0x20000000                tx_complete
 *fill*         0x20000001        0x3 
 .data.SystemCoreClock
                0x20000004        0x4 ./Core/Src/system_stm32h5xx.o
                0x20000004                SystemCoreClock
 .data.COM_USART
                0x20000008        0x4 ./Drivers/BSP/STM32H5xx_Nucleo/stm32h5xx_nucleo.o
                0x20000008                COM_USART
 .data.LED_PORT
                0x2000000c        0xc ./Drivers/BSP/STM32H5xx_Nucleo/stm32h5xx_nucleo.o
 .data.BUTTON_PORT
                0x20000018        0x4 ./Drivers/BSP/STM32H5xx_Nucleo/stm32h5xx_nucleo.o
 .data.ButtonCallback.1
                0x2000001c        0x4 ./Drivers/BSP/STM32H5xx_Nucleo/stm32h5xx_nucleo.o
 .data.BSP_BUTTON_PRIO.0
                0x20000020        0x4 ./Drivers/BSP/STM32H5xx_Nucleo/stm32h5xx_nucleo.o
 .data.uwTickPrio
                0x20000024        0x4 ./Drivers/STM32H5xx_HAL_Driver/Src/stm32h5xx_hal.o
                0x20000024                uwTickPrio
 .data.uwTickFreq
                0x20000028        0x1 ./Drivers/STM32H5xx_HAL_Driver/Src/stm32h5xx_hal.o
                0x20000028                uwTickFreq
 *fill*         0x20000029        0x3 
 .data.USBD_CDC_DeviceQualifierDesc
                0x2000002c        0xa ./USB/Class/CDC/Src/usbd_cdc.o
 *fill*         0x20000036        0x2 
 .data.USBD_CDC
                0x20000038       0x38 ./USB/Class/CDC/Src/usbd_cdc.o
                0x20000038                USBD_CDC
 .data.USBD_CDC_CfgDesc
                0x20000070       0x43 ./USB/Class/CDC/Src/usbd_cdc.o
 .data.CDCInEpAdd
                0x200000b3        0x1 ./USB/Class/CDC/Src/usbd_cdc.o
 .data.CDCOutEpAdd
                0x200000b4        0x1 ./USB/Class/CDC/Src/usbd_cdc.o
 .data.CDCCmdEpAdd
                0x200000b5        0x1 ./USB/Class/CDC/Src/usbd_cdc.o
 *fill*         0x200000b6        0x2 
 .data.USBD_CDC_Template_fops
                0x200000b8       0x14 ./USB/Class/CDC/Src/usbd_cdc_if.o
                0x200000b8                USBD_CDC_Template_fops
 .data.linecoding
                0x200000cc        0x8 ./USB/Class/CDC/Src/usbd_cdc_if.o
                0x200000cc                linecoding
 .data.Class_Desc
                0x200000d4       0x1c ./USB/Core/Src/usbd_desc.o
                0x200000d4                Class_Desc
 .data.USBD_DeviceDesc
                0x200000f0       0x12 ./USB/Core/Src/usbd_desc.o
                0x200000f0                USBD_DeviceDesc
 *fill*         0x20000102        0x2 
 .data.USBD_LangIDDesc
                0x20000104        0x4 ./USB/Core/Src/usbd_desc.o
                0x20000104                USBD_LangIDDesc
 .data.USBD_StringSerial
                0x20000108       0x1a ./USB/Core/Src/usbd_desc.o
                0x20000108                USBD_StringSerial
 *(.RamFunc)
 *(.RamFunc*)
                0x20000124                        . = ALIGN (0x4)
 *fill*         0x20000122        0x2 
                0x20000124                        _edata = .

.igot.plt       0x20000124        0x0 load address 0x0801fc24
 .igot.plt      0x20000124        0x0 C:/ST/STM32CubeIDE_1.11.2/STM32CubeIDE/plugins/com.st.stm32cube.ide.mcu.externaltools.gnu-tools-for-stm32.12.3.rel1.win32_1.1.0.202410251130/tools/bin/../lib/gcc/arm-none-eabi/12.3.1/thumb/v8-m.main+fp/hard/crtbegin.o
                0x20000124                        . = ALIGN (0x4)

.bss            0x20000124     0x1044 load address 0x0801fc24
                0x20000124                        _sbss = .
                0x20000124                        __bss_start__ = _sbss
 *(.bss)
 .bss           0x20000124       0x1c C:/ST/STM32CubeIDE_1.11.2/STM32CubeIDE/plugins/com.st.stm32cube.ide.mcu.externaltools.gnu-tools-for-stm32.12.3.rel1.win32_1.1.0.202410251130/tools/bin/../lib/gcc/arm-none-eabi/12.3.1/thumb/v8-m.main+fp/hard/crtbegin.o
 *(.bss*)
 .bss.BspCOMInit
                0x20000140       0x10 ./Core/Src/main.o
                0x20000140                BspCOMInit
 .bss.hhash     0x20000150       0x40 ./Core/Src/main.o
                0x20000150                hhash
 .bss.hi2c1     0x20000190       0x54 ./Core/Src/main.o
                0x20000190                hi2c1
 .bss.hrng      0x200001e4       0x14 ./Core/Src/main.o
                0x200001e4                hrng
 .bss.hrtc      0x200001f8       0x30 ./Core/Src/main.o
                0x200001f8                hrtc
 .bss.hspi1     0x20000228       0x90 ./Core/Src/main.o
                0x20000228                hspi1
 .bss.huart2    0x200002b8       0x94 ./Core/Src/main.o
                0x200002b8                huart2
 .bss.huart6    0x2000034c       0x94 ./Core/Src/main.o
                0x2000034c                huart6
 .bss.hpcd_USB_DRD_FS
                0x200003e0      0x2e4 ./Core/Src/main.o
                0x200003e0                hpcd_USB_DRD_FS
 .bss.hUsbDeviceFS
                0x200006c4      0x2dc ./Core/Src/main.o
                0x200006c4                hUsbDeviceFS
 .bss.hpb_exti  0x200009a0        0xc ./Drivers/BSP/STM32H5xx_Nucleo/stm32h5xx_nucleo.o
                0x200009a0                hpb_exti
 .bss.hcom_uart
                0x200009ac       0x94 ./Drivers/BSP/STM32H5xx_Nucleo/stm32h5xx_nucleo.o
                0x200009ac                hcom_uart
 .bss.uwTick    0x20000a40        0x4 ./Drivers/STM32H5xx_HAL_Driver/Src/stm32h5xx_hal.o
                0x20000a40                uwTick
 .bss.UserRxBufferFS
                0x20000a44      0x200 ./USB/Class/CDC/Src/usbd_cdc_if.o
                0x20000a44                UserRxBufferFS
 .bss.UserTxBufferFS
                0x20000c44      0x200 ./USB/Class/CDC/Src/usbd_cdc_if.o
                0x20000c44                UserTxBufferFS
 .bss.mem.0     0x20000e44      0x220 ./USB/Core/Src/usbd_conf.o
 .bss.cfgidx.0  0x20001064        0x1 ./USB/Core/Src/usbd_ctlreq.o
 *fill*         0x20001065        0x3 
 .bss.USBD_StrDesc
                0x20001068      0x100 ./USB/Core/Src/usbd_desc.o
                0x20001068                USBD_StrDesc
 *(COMMON)
                0x20001168                        . = ALIGN (0x4)
                0x20001168                        _ebss = .
                0x20001168                        __bss_end__ = _ebss

._user_heap_stack
                0x20001168      0x800 load address 0x0801fc24
                0x20001168                        . = ALIGN (0x8)
                [!provide]                        PROVIDE (end = .)
                0x20001168                        PROVIDE (_end = .)
                0x20001468                        . = (. + _Min_Heap_Size)
 *fill*         0x20001168      0x300 
                0x20001968                        . = (. + _Min_Stack_Size)
 *fill*         0x20001468      0x500 
                0x20001968                        . = ALIGN (0x8)

/DISCARD/
 libc.a(*)
 libm.a(*)
 libgcc.a(*)

.ARM.attributes
                0x00000000       0x36
 *(.ARM.attributes)
 .ARM.attributes
                0x00000000       0x26 C:/ST/STM32CubeIDE_1.11.2/STM32CubeIDE/plugins/com.st.stm32cube.ide.mcu.externaltools.gnu-tools-for-stm32.12.3.rel1.win32_1.1.0.202410251130/tools/bin/../lib/gcc/arm-none-eabi/12.3.1/thumb/v8-m.main+fp/hard/crti.o
 .ARM.attributes
                0x00000026       0x38 C:/ST/STM32CubeIDE_1.11.2/STM32CubeIDE/plugins/com.st.stm32cube.ide.mcu.externaltools.gnu-tools-for-stm32.12.3.rel1.win32_1.1.0.202410251130/tools/bin/../lib/gcc/arm-none-eabi/12.3.1/thumb/v8-m.main+fp/hard/crtbegin.o
 .ARM.attributes
                0x0000005e       0x3a ./Core/Src/main.o
 .ARM.attributes
                0x00000098       0x3a ./Core/Src/stm32h5xx_hal_msp.o
 .ARM.attributes
                0x000000d2       0x3a ./Core/Src/stm32h5xx_it.o
 .ARM.attributes
                0x0000010c       0x3a ./Core/Src/system_stm32h5xx.o
 .ARM.attributes
                0x00000146       0x24 ./Core/Startup/startup_stm32h563zitx.o
 .ARM.attributes
                0x0000016a       0x3a ./Drivers/BSP/STM32H5xx_Nucleo/stm32h5xx_nucleo.o
 .ARM.attributes
                0x000001a4       0x3a ./Drivers/STM32H5xx_HAL_Driver/Src/stm32h5xx_hal.o
 .ARM.attributes
                0x000001de       0x3a ./Drivers/STM32H5xx_HAL_Driver/Src/stm32h5xx_hal_cortex.o
 .ARM.attributes
                0x00000218       0x3a ./Drivers/STM32H5xx_HAL_Driver/Src/stm32h5xx_hal_exti.o
 .ARM.attributes
                0x00000252       0x3a ./Drivers/STM32H5xx_HAL_Driver/Src/stm32h5xx_hal_gpio.o
 .ARM.attributes
                0x0000028c       0x3a ./Drivers/STM32H5xx_HAL_Driver/Src/stm32h5xx_hal_hash.o
 .ARM.attributes
                0x000002c6       0x3a ./Drivers/STM32H5xx_HAL_Driver/Src/stm32h5xx_hal_i2c.o
 .ARM.attributes
                0x00000300       0x3a ./Drivers/STM32H5xx_HAL_Driver/Src/stm32h5xx_hal_i2c_ex.o
 .ARM.attributes
                0x0000033a       0x3a ./Drivers/STM32H5xx_HAL_Driver/Src/stm32h5xx_hal_pcd.o
 .ARM.attributes
                0x00000374       0x3a ./Drivers/STM32H5xx_HAL_Driver/Src/stm32h5xx_hal_pcd_ex.o
 .ARM.attributes
                0x000003ae       0x3a ./Drivers/STM32H5xx_HAL_Driver/Src/stm32h5xx_hal_pwr_ex.o
 .ARM.attributes
                0x000003e8       0x3a ./Drivers/STM32H5xx_HAL_Driver/Src/stm32h5xx_hal_rcc.o
 .ARM.attributes
                0x00000422       0x3a ./Drivers/STM32H5xx_HAL_Driver/Src/stm32h5xx_hal_rcc_ex.o
 .ARM.attributes
                0x0000045c       0x3a ./Drivers/STM32H5xx_HAL_Driver/Src/stm32h5xx_hal_rng.o
 .ARM.attributes
                0x00000496       0x3a ./Drivers/STM32H5xx_HAL_Driver/Src/stm32h5xx_hal_rtc.o
 .ARM.attributes
                0x000004d0       0x3a ./Drivers/STM32H5xx_HAL_Driver/Src/stm32h5xx_hal_rtc_ex.o
 .ARM.attributes
                0x0000050a       0x3a ./Drivers/STM32H5xx_HAL_Driver/Src/stm32h5xx_hal_spi.o
 .ARM.attributes
                0x00000544       0x3a ./Drivers/STM32H5xx_HAL_Driver/Src/stm32h5xx_hal_uart.o
 .ARM.attributes
                0x0000057e       0x3a ./Drivers/STM32H5xx_HAL_Driver/Src/stm32h5xx_hal_uart_ex.o
 .ARM.attributes
                0x000005b8       0x3a ./Drivers/STM32H5xx_HAL_Driver/Src/stm32h5xx_ll_usb.o
 .ARM.attributes
                0x000005f2       0x3a ./USB/Class/CDC/Src/usbd_cdc.o
 .ARM.attributes
                0x0000062c       0x3a ./USB/Class/CDC/Src/usbd_cdc_if.o
 .ARM.attributes
                0x00000666       0x3a ./USB/Core/Src/usbd_conf.o
 .ARM.attributes
                0x000006a0       0x3a ./USB/Core/Src/usbd_core.o
 .ARM.attributes
                0x000006da       0x3a ./USB/Core/Src/usbd_ctlreq.o
 .ARM.attributes
                0x00000714       0x3a ./USB/Core/Src/usbd_desc.o
 .ARM.attributes
                0x0000074e       0x3a ./USB/Core/Src/usbd_ioreq.o
 .ARM.attributes
                0x00000788       0x38 C:/ST/STM32CubeIDE_1.11.2/STM32CubeIDE/plugins/com.st.stm32cube.ide.mcu.externaltools.gnu-tools-for-stm32.12.3.rel1.win32_1.1.0.202410251130/tools/bin/../lib/gcc/arm-none-eabi/12.3.1/../../../../arm-none-eabi/lib/thumb/v8-m.main+fp/hard\libc_nano.a(libc_a-memset.o)
 .ARM.attributes
                0x000007c0       0x38 C:/ST/STM32CubeIDE_1.11.2/STM32CubeIDE/plugins/com.st.stm32cube.ide.mcu.externaltools.gnu-tools-for-stm32.12.3.rel1.win32_1.1.0.202410251130/tools/bin/../lib/gcc/arm-none-eabi/12.3.1/../../../../arm-none-eabi/lib/thumb/v8-m.main+fp/hard\libc_nano.a(libc_a-init.o)
 .ARM.attributes
                0x000007f8       0x38 C:/ST/STM32CubeIDE_1.11.2/STM32CubeIDE/plugins/com.st.stm32cube.ide.mcu.externaltools.gnu-tools-for-stm32.12.3.rel1.win32_1.1.0.202410251130/tools/bin/../lib/gcc/arm-none-eabi/12.3.1/../../../../arm-none-eabi/lib/thumb/v8-m.main+fp/hard\libc_nano.a(libc_a-memcpy-stub.o)
 .ARM.attributes
                0x00000830       0x24 C:/ST/STM32CubeIDE_1.11.2/STM32CubeIDE/plugins/com.st.stm32cube.ide.mcu.externaltools.gnu-tools-for-stm32.12.3.rel1.win32_1.1.0.202410251130/tools/bin/../lib/gcc/arm-none-eabi/12.3.1/../../../../arm-none-eabi/lib/thumb/v8-m.main+fp/hard\libc_nano.a(libc_a-strlen.o)
 .ARM.attributes
                0x00000854       0x26 C:/ST/STM32CubeIDE_1.11.2/STM32CubeIDE/plugins/com.st.stm32cube.ide.mcu.externaltools.gnu-tools-for-stm32.12.3.rel1.win32_1.1.0.202410251130/tools/bin/../lib/gcc/arm-none-eabi/12.3.1/thumb/v8-m.main+fp/hard\libgcc.a(_aeabi_uldivmod.o)
 .ARM.attributes
                0x0000087a       0x38 C:/ST/STM32CubeIDE_1.11.2/STM32CubeIDE/plugins/com.st.stm32cube.ide.mcu.externaltools.gnu-tools-for-stm32.12.3.rel1.win32_1.1.0.202410251130/tools/bin/../lib/gcc/arm-none-eabi/12.3.1/thumb/v8-m.main+fp/hard\libgcc.a(_udivmoddi4.o)
 .ARM.attributes
                0x000008b2       0x26 C:/ST/STM32CubeIDE_1.11.2/STM32CubeIDE/plugins/com.st.stm32cube.ide.mcu.externaltools.gnu-tools-for-stm32.12.3.rel1.win32_1.1.0.202410251130/tools/bin/../lib/gcc/arm-none-eabi/12.3.1/thumb/v8-m.main+fp/hard\libgcc.a(_dvmd_tls.o)
 .ARM.attributes
                0x000008d8       0x26 C:/ST/STM32CubeIDE_1.11.2/STM32CubeIDE/plugins/com.st.stm32cube.ide.mcu.externaltools.gnu-tools-for-stm32.12.3.rel1.win32_1.1.0.202410251130/tools/bin/../lib/gcc/arm-none-eabi/12.3.1/thumb/v8-m.main+fp/hard/crtn.o
OUTPUT(HardwareSecurityModule.elf elf32-littlearm)
LOAD linker stubs
LOAD C:/ST/STM32CubeIDE_1.11.2/STM32CubeIDE/plugins/com.st.stm32cube.ide.mcu.externaltools.gnu-tools-for-stm32.12.3.rel1.win32_1.1.0.202410251130/tools/bin/../lib/gcc/arm-none-eabi/12.3.1/../../../../arm-none-eabi/lib/thumb/v8-m.main+fp/hard\libc.a
LOAD C:/ST/STM32CubeIDE_1.11.2/STM32CubeIDE/plugins/com.st.stm32cube.ide.mcu.externaltools.gnu-tools-for-stm32.12.3.rel1.win32_1.1.0.202410251130/tools/bin/../lib/gcc/arm-none-eabi/12.3.1/../../../../arm-none-eabi/lib/thumb/v8-m.main+fp/hard\libm.a
LOAD C:/ST/STM32CubeIDE_1.11.2/STM32CubeIDE/plugins/com.st.stm32cube.ide.mcu.externaltools.gnu-tools-for-stm32.12.3.rel1.win32_1.1.0.202410251130/tools/bin/../lib/gcc/arm-none-eabi/12.3.1/thumb/v8-m.main+fp/hard\libgcc.a

.debug_info     0x00000000    0x25998
 .debug_info    0x00000000     0x3642 ./Core/Src/main.o
 .debug_info    0x00003642     0x2a67 ./Core/Src/stm32h5xx_hal_msp.o
 .debug_info    0x000060a9      0x649 ./Core/Src/stm32h5xx_it.o
 .debug_info    0x000066f2      0xd8e ./Core/Src/system_stm32h5xx.o
 .debug_info    0x00007480       0x30 ./Core/Startup/startup_stm32h563zitx.o
 .debug_info    0x000074b0     0x1bc0 ./Drivers/BSP/STM32H5xx_Nucleo/stm32h5xx_nucleo.o
 .debug_info    0x00009070     0x139f ./Drivers/STM32H5xx_HAL_Driver/Src/stm32h5xx_hal.o
 .debug_info    0x0000a40f     0x1658 ./Drivers/STM32H5xx_HAL_Driver/Src/stm32h5xx_hal_cortex.o
 .debug_info    0x0000ba67      0x7ca ./Drivers/STM32H5xx_HAL_Driver/Src/stm32h5xx_hal_exti.o
 .debug_info    0x0000c231      0x6b6 ./Drivers/STM32H5xx_HAL_Driver/Src/stm32h5xx_hal_gpio.o
 .debug_info    0x0000c8e7     0x17f9 ./Drivers/STM32H5xx_HAL_Driver/Src/stm32h5xx_hal_hash.o
 .debug_info    0x0000e0e0     0x2322 ./Drivers/STM32H5xx_HAL_Driver/Src/stm32h5xx_hal_i2c.o
 .debug_info    0x00010402      0x8f3 ./Drivers/STM32H5xx_HAL_Driver/Src/stm32h5xx_hal_i2c_ex.o
 .debug_info    0x00010cf5     0x14e5 ./Drivers/STM32H5xx_HAL_Driver/Src/stm32h5xx_hal_pcd.o
 .debug_info    0x000121da      0x7eb ./Drivers/STM32H5xx_HAL_Driver/Src/stm32h5xx_hal_pcd_ex.o
 .debug_info    0x000129c5      0x928 ./Drivers/STM32H5xx_HAL_Driver/Src/stm32h5xx_hal_pwr_ex.o
 .debug_info    0x000132ed     0x109f ./Drivers/STM32H5xx_HAL_Driver/Src/stm32h5xx_hal_rcc.o
 .debug_info    0x0001438c     0x12d7 ./Drivers/STM32H5xx_HAL_Driver/Src/stm32h5xx_hal_rcc_ex.o
 .debug_info    0x00015663      0x4de ./Drivers/STM32H5xx_HAL_Driver/Src/stm32h5xx_hal_rng.o
 .debug_info    0x00015b41      0xe2e ./Drivers/STM32H5xx_HAL_Driver/Src/stm32h5xx_hal_rtc.o
 .debug_info    0x0001696f     0x1b08 ./Drivers/STM32H5xx_HAL_Driver/Src/stm32h5xx_hal_rtc_ex.o
 .debug_info    0x00018477     0x15c9 ./Drivers/STM32H5xx_HAL_Driver/Src/stm32h5xx_hal_spi.o
 .debug_info    0x00019a40     0x4030 ./Drivers/STM32H5xx_HAL_Driver/Src/stm32h5xx_hal_uart.o
 .debug_info    0x0001da70     0x10ed ./Drivers/STM32H5xx_HAL_Driver/Src/stm32h5xx_hal_uart_ex.o
 .debug_info    0x0001eb5d     0x1a26 ./Drivers/STM32H5xx_HAL_Driver/Src/stm32h5xx_ll_usb.o
 .debug_info    0x00020583     0x1274 ./USB/Class/CDC/Src/usbd_cdc.o
 .debug_info    0x000217f7      0xa81 ./USB/Class/CDC/Src/usbd_cdc_if.o
 .debug_info    0x00022278     0x1258 ./USB/Core/Src/usbd_conf.o
 .debug_info    0x000234d0      0xe13 ./USB/Core/Src/usbd_core.o
 .debug_info    0x000242e3      0xaec ./USB/Core/Src/usbd_ctlreq.o
 .debug_info    0x00024dcf      0x466 ./USB/Core/Src/usbd_desc.o
 .debug_info    0x00025235      0x763 ./USB/Core/Src/usbd_ioreq.o

.debug_abbrev   0x00000000     0x4a0c
 .debug_abbrev  0x00000000      0x34d ./Core/Src/main.o
 .debug_abbrev  0x0000034d      0x2b2 ./Core/Src/stm32h5xx_hal_msp.o
 .debug_abbrev  0x000005ff      0x192 ./Core/Src/stm32h5xx_it.o
 .debug_abbrev  0x00000791      0x13a ./Core/Src/system_stm32h5xx.o
 .debug_abbrev  0x000008cb       0x24 ./Core/Startup/startup_stm32h563zitx.o
 .debug_abbrev  0x000008ef      0x330 ./Drivers/BSP/STM32H5xx_Nucleo/stm32h5xx_nucleo.o
 .debug_abbrev  0x00000c1f      0x2af ./Drivers/STM32H5xx_HAL_Driver/Src/stm32h5xx_hal.o
 .debug_abbrev  0x00000ece      0x311 ./Drivers/STM32H5xx_HAL_Driver/Src/stm32h5xx_hal_cortex.o
 .debug_abbrev  0x000011df      0x198 ./Drivers/STM32H5xx_HAL_Driver/Src/stm32h5xx_hal_exti.o
 .debug_abbrev  0x00001377      0x1db ./Drivers/STM32H5xx_HAL_Driver/Src/stm32h5xx_hal_gpio.o
 .debug_abbrev  0x00001552      0x2d7 ./Drivers/STM32H5xx_HAL_Driver/Src/stm32h5xx_hal_hash.o
 .debug_abbrev  0x00001829      0x271 ./Drivers/STM32H5xx_HAL_Driver/Src/stm32h5xx_hal_i2c.o
 .debug_abbrev  0x00001a9a      0x1a8 ./Drivers/STM32H5xx_HAL_Driver/Src/stm32h5xx_hal_i2c_ex.o
 .debug_abbrev  0x00001c42      0x302 ./Drivers/STM32H5xx_HAL_Driver/Src/stm32h5xx_hal_pcd.o
 .debug_abbrev  0x00001f44      0x1e8 ./Drivers/STM32H5xx_HAL_Driver/Src/stm32h5xx_hal_pcd_ex.o
 .debug_abbrev  0x0000212c      0x299 ./Drivers/STM32H5xx_HAL_Driver/Src/stm32h5xx_hal_pwr_ex.o
 .debug_abbrev  0x000023c5      0x290 ./Drivers/STM32H5xx_HAL_Driver/Src/stm32h5xx_hal_rcc.o
 .debug_abbrev  0x00002655      0x269 ./Drivers/STM32H5xx_HAL_Driver/Src/stm32h5xx_hal_rcc_ex.o
 .debug_abbrev  0x000028be      0x1cd ./Drivers/STM32H5xx_HAL_Driver/Src/stm32h5xx_hal_rng.o
 .debug_abbrev  0x00002a8b      0x206 ./Drivers/STM32H5xx_HAL_Driver/Src/stm32h5xx_hal_rtc.o
 .debug_abbrev  0x00002c91      0x21d ./Drivers/STM32H5xx_HAL_Driver/Src/stm32h5xx_hal_rtc_ex.o
 .debug_abbrev  0x00002eae      0x2b3 ./Drivers/STM32H5xx_HAL_Driver/Src/stm32h5xx_hal_spi.o
 .debug_abbrev  0x00003161      0x305 ./Drivers/STM32H5xx_HAL_Driver/Src/stm32h5xx_hal_uart.o
 .debug_abbrev  0x00003466      0x2d4 ./Drivers/STM32H5xx_HAL_Driver/Src/stm32h5xx_hal_uart_ex.o
 .debug_abbrev  0x0000373a      0x237 ./Drivers/STM32H5xx_HAL_Driver/Src/stm32h5xx_ll_usb.o
 .debug_abbrev  0x00003971      0x2c2 ./USB/Class/CDC/Src/usbd_cdc.o
 .debug_abbrev  0x00003c33      0x294 ./USB/Class/CDC/Src/usbd_cdc_if.o
 .debug_abbrev  0x00003ec7      0x2d7 ./USB/Core/Src/usbd_conf.o
 .debug_abbrev  0x0000419e      0x27c ./USB/Core/Src/usbd_core.o
 .debug_abbrev  0x0000441a      0x26f ./USB/Core/Src/usbd_ctlreq.o
 .debug_abbrev  0x00004689      0x1e9 ./USB/Core/Src/usbd_desc.o
 .debug_abbrev  0x00004872      0x19a ./USB/Core/Src/usbd_ioreq.o

.debug_aranges  0x00000000     0x1cd8
 .debug_aranges
                0x00000000       0x80 ./Core/Src/main.o
 .debug_aranges
                0x00000080       0x90 ./Core/Src/stm32h5xx_hal_msp.o
 .debug_aranges
                0x00000110       0x70 ./Core/Src/stm32h5xx_it.o
 .debug_aranges
                0x00000180       0x28 ./Core/Src/system_stm32h5xx.o
 .debug_aranges
                0x000001a8       0x28 ./Core/Startup/startup_stm32h563zitx.o
 .debug_aranges
                0x000001d0       0xc8 ./Drivers/BSP/STM32H5xx_Nucleo/stm32h5xx_nucleo.o
 .debug_aranges
                0x00000298      0x200 ./Drivers/STM32H5xx_HAL_Driver/Src/stm32h5xx_hal.o
 .debug_aranges
                0x00000498      0x140 ./Drivers/STM32H5xx_HAL_Driver/Src/stm32h5xx_hal_cortex.o
 .debug_aranges
                0x000005d8       0x70 ./Drivers/STM32H5xx_HAL_Driver/Src/stm32h5xx_hal_exti.o
 .debug_aranges
                0x00000648       0x78 ./Drivers/STM32H5xx_HAL_Driver/Src/stm32h5xx_hal_gpio.o
 .debug_aranges
                0x000006c0      0x118 ./Drivers/STM32H5xx_HAL_Driver/Src/stm32h5xx_hal_hash.o
 .debug_aranges
                0x000007d8      0x2a0 ./Drivers/STM32H5xx_HAL_Driver/Src/stm32h5xx_hal_i2c.o
 .debug_aranges
                0x00000a78       0x40 ./Drivers/STM32H5xx_HAL_Driver/Src/stm32h5xx_hal_i2c_ex.o
 .debug_aranges
                0x00000ab8      0x150 ./Drivers/STM32H5xx_HAL_Driver/Src/stm32h5xx_hal_pcd.o
 .debug_aranges
                0x00000c08       0x58 ./Drivers/STM32H5xx_HAL_Driver/Src/stm32h5xx_hal_pcd_ex.o
 .debug_aranges
                0x00000c60      0x148 ./Drivers/STM32H5xx_HAL_Driver/Src/stm32h5xx_hal_pwr_ex.o
 .debug_aranges
                0x00000da8       0xa0 ./Drivers/STM32H5xx_HAL_Driver/Src/stm32h5xx_hal_rcc.o
 .debug_aranges
                0x00000e48      0x108 ./Drivers/STM32H5xx_HAL_Driver/Src/stm32h5xx_hal_rcc_ex.o
 .debug_aranges
                0x00000f50       0x80 ./Drivers/STM32H5xx_HAL_Driver/Src/stm32h5xx_hal_rng.o
 .debug_aranges
                0x00000fd0       0xe8 ./Drivers/STM32H5xx_HAL_Driver/Src/stm32h5xx_hal_rtc.o
 .debug_aranges
                0x000010b8      0x288 ./Drivers/STM32H5xx_HAL_Driver/Src/stm32h5xx_hal_rtc_ex.o
 .debug_aranges
                0x00001340      0x1a8 ./Drivers/STM32H5xx_HAL_Driver/Src/stm32h5xx_hal_spi.o
 .debug_aranges
                0x000014e8      0x248 ./Drivers/STM32H5xx_HAL_Driver/Src/stm32h5xx_hal_uart.o
 .debug_aranges
                0x00001730       0xa8 ./Drivers/STM32H5xx_HAL_Driver/Src/stm32h5xx_hal_uart_ex.o
 .debug_aranges
                0x000017d8      0x130 ./Drivers/STM32H5xx_HAL_Driver/Src/stm32h5xx_ll_usb.o
 .debug_aranges
                0x00001908       0x90 ./USB/Class/CDC/Src/usbd_cdc.o
 .debug_aranges
                0x00001998       0x48 ./USB/Class/CDC/Src/usbd_cdc_if.o
 .debug_aranges
                0x000019e0       0xe0 ./USB/Core/Src/usbd_conf.o
 .debug_aranges
                0x00001ac0       0xd8 ./USB/Core/Src/usbd_core.o
 .debug_aranges
                0x00001b98       0x90 ./USB/Core/Src/usbd_ctlreq.o
 .debug_aranges
                0x00001c28       0x60 ./USB/Core/Src/usbd_desc.o
 .debug_aranges
                0x00001c88       0x50 ./USB/Core/Src/usbd_ioreq.o

.debug_rnglists
                0x00000000     0x1629
 .debug_rnglists
                0x00000000       0x65 ./Core/Src/main.o
 .debug_rnglists
                0x00000065       0x6d ./Core/Src/stm32h5xx_hal_msp.o
 .debug_rnglists
                0x000000d2       0x4f ./Core/Src/stm32h5xx_it.o
 .debug_rnglists
                0x00000121       0x1b ./Core/Src/system_stm32h5xx.o
 .debug_rnglists
                0x0000013c       0x19 ./Core/Startup/startup_stm32h563zitx.o
 .debug_rnglists
                0x00000155       0x94 ./Drivers/BSP/STM32H5xx_Nucleo/stm32h5xx_nucleo.o
 .debug_rnglists
                0x000001e9      0x17d ./Drivers/STM32H5xx_HAL_Driver/Src/stm32h5xx_hal.o
 .debug_rnglists
                0x00000366       0xec ./Drivers/STM32H5xx_HAL_Driver/Src/stm32h5xx_hal_cortex.o
 .debug_rnglists
                0x00000452       0x53 ./Drivers/STM32H5xx_HAL_Driver/Src/stm32h5xx_hal_exti.o
 .debug_rnglists
                0x000004a5       0x57 ./Drivers/STM32H5xx_HAL_Driver/Src/stm32h5xx_hal_gpio.o
 .debug_rnglists
                0x000004fc       0xe3 ./Drivers/STM32H5xx_HAL_Driver/Src/stm32h5xx_hal_hash.o
 .debug_rnglists
                0x000005df      0x228 ./Drivers/STM32H5xx_HAL_Driver/Src/stm32h5xx_hal_i2c.o
 .debug_rnglists
                0x00000807       0x30 ./Drivers/STM32H5xx_HAL_Driver/Src/stm32h5xx_hal_i2c_ex.o
 .debug_rnglists
                0x00000837      0x100 ./Drivers/STM32H5xx_HAL_Driver/Src/stm32h5xx_hal_pcd.o
 .debug_rnglists
                0x00000937       0x3f ./Drivers/STM32H5xx_HAL_Driver/Src/stm32h5xx_hal_pcd_ex.o
 .debug_rnglists
                0x00000976       0xf3 ./Drivers/STM32H5xx_HAL_Driver/Src/stm32h5xx_hal_pwr_ex.o
 .debug_rnglists
                0x00000a69       0x79 ./Drivers/STM32H5xx_HAL_Driver/Src/stm32h5xx_hal_rcc.o
 .debug_rnglists
                0x00000ae2       0xcf ./Drivers/STM32H5xx_HAL_Driver/Src/stm32h5xx_hal_rcc_ex.o
 .debug_rnglists
                0x00000bb1       0x60 ./Drivers/STM32H5xx_HAL_Driver/Src/stm32h5xx_hal_rng.o
 .debug_rnglists
                0x00000c11       0xb3 ./Drivers/STM32H5xx_HAL_Driver/Src/stm32h5xx_hal_rtc.o
 .debug_rnglists
                0x00000cc4      0x1ee ./Drivers/STM32H5xx_HAL_Driver/Src/stm32h5xx_hal_rtc_ex.o
 .debug_rnglists
                0x00000eb2      0x148 ./Drivers/STM32H5xx_HAL_Driver/Src/stm32h5xx_hal_spi.o
 .debug_rnglists
                0x00000ffa      0x1fb ./Drivers/STM32H5xx_HAL_Driver/Src/stm32h5xx_hal_uart.o
 .debug_rnglists
                0x000011f5       0x7f ./Drivers/STM32H5xx_HAL_Driver/Src/stm32h5xx_hal_uart_ex.o
 .debug_rnglists
                0x00001274       0xeb ./Drivers/STM32H5xx_HAL_Driver/Src/stm32h5xx_ll_usb.o
 .debug_rnglists
                0x0000135f       0x6c ./USB/Class/CDC/Src/usbd_cdc.o
 .debug_rnglists
                0x000013cb       0x32 ./USB/Class/CDC/Src/usbd_cdc_if.o
 .debug_rnglists
                0x000013fd       0xa3 ./USB/Core/Src/usbd_conf.o
 .debug_rnglists
                0x000014a0       0xa1 ./USB/Core/Src/usbd_core.o
 .debug_rnglists
                0x00001541       0x6e ./USB/Core/Src/usbd_ctlreq.o
 .debug_rnglists
                0x000015af       0x43 ./USB/Core/Src/usbd_desc.o
 .debug_rnglists
                0x000015f2       0x37 ./USB/Core/Src/usbd_ioreq.o

.debug_macro    0x00000000     0x6eed
 .debug_macro   0x00000000      0x41c ./Core/Src/main.o
 .debug_macro   0x0000041c       0x22 ./Core/Src/main.o
 .debug_macro   0x0000043e       0x52 ./Core/Src/main.o
 .debug_macro   0x00000490      0x130 ./Core/Src/main.o
 .debug_macro   0x000005c0      0x148 ./Core/Src/main.o
 .debug_macro   0x00000708      0x107 ./Core/Src/main.o
 .debug_macro   0x0000080f      0x20f ./Core/Src/main.o
 .debug_macro   0x00000a1e       0x95 ./Core/Src/main.o
 .debug_macro   0x00000ab3       0x10 ./Core/Src/main.o
 .debug_macro   0x00000ac3      0x350 ./Core/Src/stm32h5xx_hal_msp.o
 .debug_macro   0x00000e13      0x35a ./Core/Src/stm32h5xx_it.o
 .debug_macro   0x0000116d      0x2f3 ./Core/Src/system_stm32h5xx.o
 .debug_macro   0x00001460      0x34d ./Drivers/BSP/STM32H5xx_Nucleo/stm32h5xx_nucleo.o
 .debug_macro   0x000017ad       0x1c ./Drivers/BSP/STM32H5xx_Nucleo/stm32h5xx_nucleo.o
 .debug_macro   0x000017c9      0x322 ./Drivers/STM32H5xx_HAL_Driver/Src/stm32h5xx_hal.o
 .debug_macro   0x00001aeb      0x2ec ./Drivers/STM32H5xx_HAL_Driver/Src/stm32h5xx_hal_cortex.o
 .debug_macro   0x00001dd7      0x304 ./Drivers/STM32H5xx_HAL_Driver/Src/stm32h5xx_hal_exti.o
 .debug_macro   0x000020db      0x322 ./Drivers/STM32H5xx_HAL_Driver/Src/stm32h5xx_hal_gpio.o
 .debug_macro   0x000023fd      0x304 ./Drivers/STM32H5xx_HAL_Driver/Src/stm32h5xx_hal_hash.o
 .debug_macro   0x00002701      0x3b8 ./Drivers/STM32H5xx_HAL_Driver/Src/stm32h5xx_hal_i2c.o
 .debug_macro   0x00002ab9      0x2ec ./Drivers/STM32H5xx_HAL_Driver/Src/stm32h5xx_hal_i2c_ex.o
 .debug_macro   0x00002da5      0x2f8 ./Drivers/STM32H5xx_HAL_Driver/Src/stm32h5xx_hal_pcd.o
 .debug_macro   0x0000309d      0x2ec ./Drivers/STM32H5xx_HAL_Driver/Src/stm32h5xx_hal_pcd_ex.o
 .debug_macro   0x00003389      0x316 ./Drivers/STM32H5xx_HAL_Driver/Src/stm32h5xx_hal_pwr_ex.o
 .debug_macro   0x0000369f      0x32e ./Drivers/STM32H5xx_HAL_Driver/Src/stm32h5xx_hal_rcc.o
 .debug_macro   0x000039cd      0x2fe ./Drivers/STM32H5xx_HAL_Driver/Src/stm32h5xx_hal_rcc_ex.o
 .debug_macro   0x00003ccb      0x2f2 ./Drivers/STM32H5xx_HAL_Driver/Src/stm32h5xx_hal_rng.o
 .debug_macro   0x00003fbd      0x2ed ./Drivers/STM32H5xx_HAL_Driver/Src/stm32h5xx_hal_rtc.o
 .debug_macro   0x000042aa      0x2f4 ./Drivers/STM32H5xx_HAL_Driver/Src/stm32h5xx_hal_rtc_ex.o
 .debug_macro   0x0000459e      0x2f4 ./Drivers/STM32H5xx_HAL_Driver/Src/stm32h5xx_hal_spi.o
 .debug_macro   0x00004892      0x317 ./Drivers/STM32H5xx_HAL_Driver/Src/stm32h5xx_hal_uart.o
 .debug_macro   0x00004ba9      0x2f8 ./Drivers/STM32H5xx_HAL_Driver/Src/stm32h5xx_hal_uart_ex.o
 .debug_macro   0x00004ea1      0x2ec ./Drivers/STM32H5xx_HAL_Driver/Src/stm32h5xx_ll_usb.o
 .debug_macro   0x0000518d      0x3dd ./USB/Class/CDC/Src/usbd_cdc.o
 .debug_macro   0x0000556a      0x209 ./USB/Class/CDC/Src/usbd_cdc.o
 .debug_macro   0x00005773      0x3e8 ./USB/Class/CDC/Src/usbd_cdc_if.o
 .debug_macro   0x00005b5b      0x407 ./USB/Core/Src/usbd_conf.o
 .debug_macro   0x00005f62      0x3c4 ./USB/Core/Src/usbd_core.o
 .debug_macro   0x00006326      0x3ce ./USB/Core/Src/usbd_ctlreq.o
 .debug_macro   0x000066f4      0x40d ./USB/Core/Src/usbd_desc.o
 .debug_macro   0x00006b01       0x22 ./USB/Core/Src/usbd_desc.o
 .debug_macro   0x00006b23      0x3ca ./USB/Core/Src/usbd_ioreq.o

.debug_line     0x00000000    0x287e6
 .debug_line    0x00000000     0x1026 ./Core/Src/main.o
 .debug_line    0x00001026      0xca1 ./Core/Src/stm32h5xx_hal_msp.o
 .debug_line    0x00001cc7      0xaee ./Core/Src/stm32h5xx_it.o
 .debug_line    0x000027b5      0xaee ./Core/Src/system_stm32h5xx.o
 .debug_line    0x000032a3       0x7b ./Core/Startup/startup_stm32h563zitx.o
 .debug_line    0x0000331e      0xd9e ./Drivers/BSP/STM32H5xx_Nucleo/stm32h5xx_nucleo.o
 .debug_line    0x000040bc     0x1075 ./Drivers/STM32H5xx_HAL_Driver/Src/stm32h5xx_hal.o
 .debug_line    0x00005131      0xfdd ./Drivers/STM32H5xx_HAL_Driver/Src/stm32h5xx_hal_cortex.o
 .debug_line    0x0000610e      0xdb4 ./Drivers/STM32H5xx_HAL_Driver/Src/stm32h5xx_hal_exti.o
 .debug_line    0x00006ec2      0xd69 ./Drivers/STM32H5xx_HAL_Driver/Src/stm32h5xx_hal_gpio.o
 .debug_line    0x00007c2b     0x2625 ./Drivers/STM32H5xx_HAL_Driver/Src/stm32h5xx_hal_hash.o
 .debug_line    0x0000a250     0x3f27 ./Drivers/STM32H5xx_HAL_Driver/Src/stm32h5xx_hal_i2c.o
 .debug_line    0x0000e177      0xbbc ./Drivers/STM32H5xx_HAL_Driver/Src/stm32h5xx_hal_i2c_ex.o
 .debug_line    0x0000ed33     0x16b1 ./Drivers/STM32H5xx_HAL_Driver/Src/stm32h5xx_hal_pcd.o
 .debug_line    0x000103e4      0xb02 ./Drivers/STM32H5xx_HAL_Driver/Src/stm32h5xx_hal_pcd_ex.o
 .debug_line    0x00010ee6      0xe4e ./Drivers/STM32H5xx_HAL_Driver/Src/stm32h5xx_hal_pwr_ex.o
 .debug_line    0x00011d34     0x13e8 ./Drivers/STM32H5xx_HAL_Driver/Src/stm32h5xx_hal_rcc.o
 .debug_line    0x0001311c     0x2f39 ./Drivers/STM32H5xx_HAL_Driver/Src/stm32h5xx_hal_rcc_ex.o
 .debug_line    0x00016055      0xcae ./Drivers/STM32H5xx_HAL_Driver/Src/stm32h5xx_hal_rng.o
 .debug_line    0x00016d03     0x11db ./Drivers/STM32H5xx_HAL_Driver/Src/stm32h5xx_hal_rtc.o
 .debug_line    0x00017ede     0x1a2a ./Drivers/STM32H5xx_HAL_Driver/Src/stm32h5xx_hal_rtc_ex.o
 .debug_line    0x00019908     0x28bb ./Drivers/STM32H5xx_HAL_Driver/Src/stm32h5xx_hal_spi.o
 .debug_line    0x0001c1c3     0x3b68 ./Drivers/STM32H5xx_HAL_Driver/Src/stm32h5xx_hal_uart.o
 .debug_line    0x0001fd2b      0xfc3 ./Drivers/STM32H5xx_HAL_Driver/Src/stm32h5xx_hal_uart_ex.o
 .debug_line    0x00020cee     0x17b1 ./Drivers/STM32H5xx_HAL_Driver/Src/stm32h5xx_ll_usb.o
 .debug_line    0x0002249f      0xfbe ./USB/Class/CDC/Src/usbd_cdc.o
 .debug_line    0x0002345d      0xc22 ./USB/Class/CDC/Src/usbd_cdc_if.o
 .debug_line    0x0002407f      0xe4f ./USB/Core/Src/usbd_conf.o
 .debug_line    0x00024ece     0x1018 ./USB/Core/Src/usbd_core.o
 .debug_line    0x00025ee6     0x11ef ./USB/Core/Src/usbd_ctlreq.o
 .debug_line    0x000270d5      0xbdf ./USB/Core/Src/usbd_desc.o
 .debug_line    0x00027cb4      0xb32 ./USB/Core/Src/usbd_ioreq.o

.debug_str      0x00000000   0x14954b
 .debug_str     0x00000000   0x14147b ./Core/Src/main.o
                             0x141ab1 (size before relaxing)
 .debug_str     0x0014147b      0xce5 ./Core/Src/stm32h5xx_hal_msp.o
                             0x1406a8 (size before relaxing)
 .debug_str     0x00142160      0x116 ./Core/Src/stm32h5xx_it.o
                             0x13e8e7 (size before relaxing)
 .debug_str     0x00142276      0x1b8 ./Core/Src/system_stm32h5xx.o
                             0x13d673 (size before relaxing)
 .debug_str     0x0014242e       0x44 ./Core/Startup/startup_stm32h563zitx.o
                                 0x91 (size before relaxing)
 .debug_str     0x00142472      0x386 ./Drivers/BSP/STM32H5xx_Nucleo/stm32h5xx_nucleo.o
                             0x13f4de (size before relaxing)
 .debug_str     0x001427f8      0x949 ./Drivers/STM32H5xx_HAL_Driver/Src/stm32h5xx_hal.o
                             0x13e4bf (size before relaxing)
 .debug_str     0x00143141      0x3d8 ./Drivers/STM32H5xx_HAL_Driver/Src/stm32h5xx_hal_cortex.o
                             0x13e04e (size before relaxing)
 .debug_str     0x00143519      0x27c ./Drivers/STM32H5xx_HAL_Driver/Src/stm32h5xx_hal_exti.o
                             0x13d3a5 (size before relaxing)
 .debug_str     0x00143795      0x21a ./Drivers/STM32H5xx_HAL_Driver/Src/stm32h5xx_hal_gpio.o
                             0x13d3d8 (size before relaxing)
 .debug_str     0x001439af      0x3d8 ./Drivers/STM32H5xx_HAL_Driver/Src/stm32h5xx_hal_hash.o
                             0x13d9e7 (size before relaxing)
 .debug_str     0x00143d87      0xee4 ./Drivers/STM32H5xx_HAL_Driver/Src/stm32h5xx_hal_i2c.o
                             0x13e626 (size before relaxing)
 .debug_str     0x00144c6b       0x87 ./Drivers/STM32H5xx_HAL_Driver/Src/stm32h5xx_hal_i2c_ex.o
                             0x13d747 (size before relaxing)
 .debug_str     0x00144cf2      0x5f7 ./Drivers/STM32H5xx_HAL_Driver/Src/stm32h5xx_hal_pcd.o
                             0x13da53 (size before relaxing)
 .debug_str     0x001452e9      0x186 ./Drivers/STM32H5xx_HAL_Driver/Src/stm32h5xx_hal_pcd_ex.o
                             0x13d5db (size before relaxing)
 .debug_str     0x0014546f      0x5d5 ./Drivers/STM32H5xx_HAL_Driver/Src/stm32h5xx_hal_pwr_ex.o
                             0x13d7bd (size before relaxing)
 .debug_str     0x00145a44      0x378 ./Drivers/STM32H5xx_HAL_Driver/Src/stm32h5xx_hal_rcc.o
                             0x13dbb8 (size before relaxing)
 .debug_str     0x00145dbc      0x6bf ./Drivers/STM32H5xx_HAL_Driver/Src/stm32h5xx_hal_rcc_ex.o
                             0x13df02 (size before relaxing)
 .debug_str     0x0014647b      0x14a ./Drivers/STM32H5xx_HAL_Driver/Src/stm32h5xx_hal_rng.o