../Application/Core/HSMManager/Src/HSMManager.c:23:20:GetCommandName	16	static
../Application/Core/HSMManager/Src/HSMManager.c:40:20:GetOptionName	16	static
../Application/Core/HSMManager/Src/HSMManager.c:72:13:LogParsedPacket	88	static
../Application/Core/HSMManager/Src/HSMManager.c:111:13:LogResponsePacket	88	static
../Application/Core/HSMManager/Src/HSMManager.c:144:13:LogTransmitBuffer	80	static
../Application/Core/HSMManager/Src/HSMManager.c:170:6:HSMManager_Init	8	static
../Application/Core/HSMManager/Src/HSMManager.c:203:19:HSMManager_ProcessCommand	73760	static
