../Core/Src/main.c:97:6:Test_ParseReceivedUsbData	4120	static
../Core/Src/main.c:146:5:main	8	static
../Core/Src/main.c:241:6:SystemClock_Config	120	static
../Core/Src/main.c:301:13:MX_HASH_Init	8	static
../Core/Src/main.c:329:13:MX_I2C1_Init	8	static
../Core/Src/main.c:377:13:MX_RNG_Init	8	static
../Core/Src/main.c:404:13:MX_RTC_Init	64	static
../Core/Src/main.c:479:13:MX_SPI1_Init	8	static
../Core/Src/main.c:527:13:MX_USART2_UART_Init	8	static
../Core/Src/main.c:575:13:MX_USART3_UART_Init	8	static
../Core/Src/main.c:623:13:MX_USART6_UART_Init	8	static
../Core/Src/main.c:671:13:MX_USB_PCD_Init	8	static
../Core/Src/main.c:717:13:MX_GPIO_Init	56	static
../Core/Src/main.c:802:6:Error_Handler	4	static,ignoring_inline_asm
